[GC (Allocation Failure) [PSYoungGen: 262144K->43515K(305664K)] 262144K->76079K(1005056K), 0.0277174 secs] [Times: user=0.05 sys=0.23, real=0.03 secs] 
[GC (Allocation Failure) [PSYoungGen: 305659K->43520K(305664K)] 338223K->139363K(1005056K), 0.0381022 secs] [Times: user=0.07 sys=0.30, real=0.04 secs] 
[GC (Allocation Failure) [PSYoungGen: 305553K->43516K(305664K)] 401396K->214865K(1005056K), 0.0333275 secs] [Times: user=0.09 sys=0.25, real=0.04 secs] 
[GC (Allocation Failure) [PSYoungGen: 305660K->43518K(305664K)] 477009K->284480K(1005056K), 0.0408668 secs] [Times: user=0.09 sys=0.23, real=0.04 secs] 
[GC (Allocation Failure) [PSYoungGen: 305308K->43508K(305664K)] 546270K->353693K(1005056K), 0.0361255 secs] [Times: user=0.10 sys=0.25, real=0.04 secs] 
[GC (Allocation Failure) [PSYoungGen: 305652K->43516K(160256K)] 615837K->417453K(859648K), 0.0318244 secs] [Times: user=0.09 sys=0.23, real=0.03 secs] 
[GC (Allocation Failure) [PSYoungGen: 160252K->68767K(232960K)] 534189K->449556K(932352K), 0.0078582 secs] [Times: user=0.07 sys=0.01, real=0.01 secs] 
[GC (Allocation Failure) [PSYoungGen: 185503K->88006K(232960K)] 566292K->477178K(932352K), 0.0118932 secs] [Times: user=0.10 sys=0.03, real=0.01 secs] 
[GC (Allocation Failure) [PSYoungGen: 204742K->100406K(232960K)] 593914K->506765K(932352K), 0.0163101 secs] [Times: user=0.12 sys=0.06, real=0.01 secs] 
[GC (Allocation Failure) [PSYoungGen: 217142K->69639K(232960K)] 623501K->531676K(932352K), 0.0566347 secs] [Times: user=0.13 sys=0.21, real=0.06 secs] 
[GC (Allocation Failure) [PSYoungGen: 186375K->41527K(232960K)] 648412K->564525K(932352K), 0.0855449 secs] [Times: user=0.08 sys=0.16, real=0.09 secs] 
[GC (Allocation Failure) [PSYoungGen: 158263K->39997K(232960K)] 681261K->599435K(932352K), 0.0514977 secs] [Times: user=0.09 sys=0.07, real=0.05 secs] 
[GC (Allocation Failure) [PSYoungGen: 156733K->42434K(232960K)] 716171K->637331K(932352K), 0.0421434 secs] [Times: user=0.07 sys=0.07, real=0.04 secs] 
[GC (Allocation Failure) [PSYoungGen: 159170K->43349K(232960K)] 754067K->675240K(932352K), 0.0404901 secs] [Times: user=0.06 sys=0.07, real=0.04 secs] 
[Full GC (Ergonomics) [PSYoungGen: 43349K->0K(232960K)] [ParOldGen: 631891K->331639K(699392K)] 675240K->331639K(932352K), [Metaspace: 2724K->2724K(1056768K)], 0.0555927 secs] [Times: user=0.47 sys=0.02, real=0.05 secs] 
执行结束!共生成对象次数:9453
Heap
 PSYoungGen      total 232960K, used 9544K [0x00000007aab00000, 0x00000007c0000000, 0x00000007c0000000)
  eden space 116736K, 8% used [0x00000007aab00000,0x00000007ab4520e8,0x00000007b1d00000)
  from space 116224K, 0% used [0x00000007b8e80000,0x00000007b8e80000,0x00000007c0000000)
  to   space 116224K, 0% used [0x00000007b1d00000,0x00000007b1d00000,0x00000007b8e80000)
 ParOldGen       total 699392K, used 331639K [0x0000000780000000, 0x00000007aab00000, 0x00000007aab00000)
  object space 699392K, 47% used [0x0000000780000000,0x00000007943ddd98,0x00000007aab00000)
 Metaspace       used 2735K, capacity 4486K, committed 4864K, reserved 1056768K
  class space    used 297K, capacity 386K, committed 512K, reserved 1048576K

Process finished with exit code 0
