`[GC (Allocation Failure) [PSYoungGen: 76800K->12799K(89600K)] 76800K->28577K(294400K), 0.0182396 secs] [Times: user=0.05 sys=0.11, real=0.02 secs] 
[GC (Allocation Failure) [PSYoungGen: 89334K->12798K(89600K)] 105113K->51476K(294400K), 0.0141831 secs] [Times: user=0.03 sys=0.11, real=0.02 secs] 
[GC (Allocation Failure) [PSYoungGen: 89213K->12799K(89600K)] 127891K->74974K(294400K), 0.0111591 secs] [Times: user=0.03 sys=0.08, real=0.01 secs] 
[GC (Allocation Failure) [PSYoungGen: 89599K->12785K(89600K)] 151774K->98022K(294400K), 0.0107780 secs] [Times: user=0.03 sys=0.07, real=0.01 secs] 
[GC (Allocation Failure) [PSYoungGen: 89585K->12794K(89600K)] 174822K->122895K(294400K), 0.0100214 secs] [Times: user=0.03 sys=0.07, real=0.01 secs] 
[GC (Allocation Failure) [PSYoungGen: 89397K->12793K(47616K)] 199498K->148070K(252416K), 0.0103420 secs] [Times: user=0.04 sys=0.06, real=0.01 secs] 
[GC (Allocation Failure) [PSYoungGen: 47425K->21577K(68608K)] 182703K->159911K(273408K), 0.0061099 secs] [Times: user=0.05 sys=0.02, real=0.01 secs] 
[GC (Allocation Failure) [PSYoungGen: 56393K->28842K(68608K)] 194727K->170197K(273408K), 0.0042472 secs] [Times: user=0.04 sys=0.00, real=0.01 secs] 
[GC (Allocation Failure) [PSYoungGen: 63136K->32805K(68608K)] 204491K->179845K(273408K), 0.0056323 secs] [Times: user=0.05 sys=0.02, real=0.01 secs] 
[GC (Allocation Failure) [PSYoungGen: 67324K->22192K(68608K)] 214364K->189932K(273408K), 0.0095792 secs] [Times: user=0.03 sys=0.06, real=0.01 secs] 
[GC (Allocation Failure) [PSYoungGen: 57008K->13753K(68608K)] 224748K->202914K(273408K), 0.0093183 secs] [Times: user=0.03 sys=0.07, real=0.01 secs] 
[Full GC (Ergonomics) [PSYoungGen: 13753K->0K(68608K)] [ParOldGen: 189161K->167889K(204800K)] 202914K->167889K(273408K), [Metaspace: 2724K->2724K(1056768K)], 0.0232846 secs] [Times: user=0.24 sys=0.01, real=0.02 secs] 
[GC (Allocation Failure) [PSYoungGen: 34326K->12080K(68608K)] 202216K->179970K(273408K), 0.0018212 secs] [Times: user=0.01 sys=0.00, real=0.00 secs] 
[GC (Allocation Failure) [PSYoungGen: 46875K->12232K(68608K)] 214765K->191656K(273408K), 0.0029171 secs] [Times: user=0.03 sys=0.00, real=0.00 secs] 
[Full GC (Ergonomics) [PSYoungGen: 12232K->0K(68608K)] [ParOldGen: 179423K->180410K(204800K)] 191656K->180410K(273408K), [Metaspace: 2725K->2725K(1056768K)], 0.0202051 secs] [Times: user=0.22 sys=0.01, real=0.02 secs] 
[Full GC (Ergonomics) [PSYoungGen: 34216K->0K(68608K)] [ParOldGen: 180410K->184824K(204800K)] 214627K->184824K(273408K), [Metaspace: 2725K->2725K(1056768K)], 0.0211807 secs] [Times: user=0.23 sys=0.00, real=0.02 secs] 
[Full GC (Ergonomics) [PSYoungGen: 34816K->0K(68608K)] [ParOldGen: 184824K->189045K(204800K)] 219640K->189045K(273408K), [Metaspace: 2725K->2725K(1056768K)], 0.0198755 secs] [Times: user=0.22 sys=0.00, real=0.02 secs] 
[Full GC (Ergonomics) [PSYoungGen: 34816K->0K(68608K)] [ParOldGen: 189045K->193079K(204800K)] 223861K->193079K(273408K), [Metaspace: 2725K->2725K(1056768K)], 0.0211273 secs] [Times: user=0.22 sys=0.01, real=0.02 secs] 
[Full GC (Ergonomics) [PSYoungGen: 34251K->0K(68608K)] [ParOldGen: 193079K->199468K(204800K)] 227330K->199468K(273408K), [Metaspace: 2725K->2725K(1056768K)], 0.0286960 secs] [Times: user=0.30 sys=0.03, real=0.03 secs] 
[Full GC (Ergonomics) [PSYoungGen: 34816K->3026K(68608K)] [ParOldGen: 199468K->204228K(204800K)] 234284K->207254K(273408K), [Metaspace: 2725K->2725K(1056768K)], 0.0380135 secs] [Times: user=0.41 sys=0.02, real=0.04 secs] 
[Full GC (Ergonomics) [PSYoungGen: 34816K->8990K(68608K)] [ParOldGen: 204228K->204647K(204800K)] 239044K->213637K(273408K), [Metaspace: 2725K->2725K(1056768K)], 0.0473924 secs] [Times: user=0.48 sys=0.01, real=0.05 secs] 
[Full GC (Ergonomics) [PSYoungGen: 34713K->13034K(68608K)] [ParOldGen: 204647K->204222K(204800K)] 239360K->217256K(273408K), [Metaspace: 2725K->2725K(1056768K)], 0.0237015 secs] [Times: user=0.26 sys=0.01, real=0.02 secs] 
[Full GC (Ergonomics) [PSYoungGen: 34741K->17309K(68608K)] [ParOldGen: 204222K->204683K(204800K)] 238963K->221993K(273408K), [Metaspace: 2725K->2725K(1056768K)], 0.0216000 secs] [Times: user=0.25 sys=0.00, real=0.03 secs] 
[Full GC (Ergonomics) [PSYoungGen: 34679K->18293K(68608K)] [ParOldGen: 204683K->204247K(204800K)] 239362K->222540K(273408K), [Metaspace: 2725K->2725K(1056768K)], 0.0248938 secs] [Times: user=0.28 sys=0.00, real=0.02 secs] 
[Full GC (Ergonomics) [PSYoungGen: 34732K->19151K(68608K)] [ParOldGen: 204247K->204565K(204800K)] 238979K->223717K(273408K), [Metaspace: 2725K->2725K(1056768K)], 0.0419669 secs] [Times: user=0.46 sys=0.01, real=0.04 secs] 
[Full GC (Ergonomics) [PSYoungGen: 34703K->22970K(68608K)] [ParOldGen: 204565K->204295K(204800K)] 239269K->227266K(273408K), [Metaspace: 2725K->2725K(1056768K)], 0.0409281 secs] [Times: user=0.42 sys=0.01, real=0.04 secs] 
[Full GC (Ergonomics) [PSYoungGen: 34816K->24252K(68608K)] [ParOldGen: 204295K->204256K(204800K)] 239111K->228509K(273408K), [Metaspace: 2725K->2725K(1056768K)], 0.0341317 secs] [Times: user=0.39 sys=0.00, real=0.03 secs] 
[Full GC (Ergonomics) [PSYoungGen: 34656K->25017K(68608K)] [ParOldGen: 204256K->204748K(204800K)] 238912K->229765K(273408K), [Metaspace: 2725K->2725K(1056768K)], 0.0262876 secs] [Times: user=0.31 sys=0.01, real=0.03 secs] 
[Full GC (Ergonomics) [PSYoungGen: 34816K->27700K(68608K)] [ParOldGen: 204748K->204531K(204800K)] 239564K->232232K(273408K), [Metaspace: 2725K->2725K(1056768K)], 0.0225475 secs] [Times: user=0.26 sys=0.00, real=0.02 secs] 
[Full GC (Ergonomics) [PSYoungGen: 34355K->28821K(68608K)] [ParOldGen: 204531K->204177K(204800K)] 238887K->232999K(273408K), [Metaspace: 2725K->2725K(1056768K)], 0.0186161 secs] [Times: user=0.21 sys=0.00, real=0.02 secs] 
[Full GC (Ergonomics) [PSYoungGen: 34743K->30790K(68608K)] [ParOldGen: 204177K->204345K(204800K)] 238921K->235135K(273408K), [Metaspace: 2725K->2725K(1056768K)], 0.0363105 secs] [Times: user=0.43 sys=0.00, real=0.04 secs] 
[Full GC (Ergonomics) [PSYoungGen: 34816K->31408K(68608K)] [ParOldGen: 204345K->204604K(204800K)] 239161K->236013K(273408K), [Metaspace: 2725K->2725K(1056768K)], 0.0383652 secs] [Times: user=0.44 sys=0.01, real=0.04 secs] 
[Full GC (Ergonomics) [PSYoungGen: 34808K->32339K(68608K)] [ParOldGen: 204604K->204157K(204800K)] 239412K->236497K(273408K), [Metaspace: 2725K->2725K(1056768K)], 0.0438107 secs] [Times: user=0.53 sys=0.00, real=0.04 secs] 
[Full GC (Ergonomics) [PSYoungGen: 34816K->31566K(68608K)] [ParOldGen: 204157K->204752K(204800K)] 238973K->236318K(273408K), [Metaspace: 2725K->2725K(1056768K)], 0.0169500 secs] [Times: user=0.19 sys=0.00, real=0.02 secs] 
[Full GC (Ergonomics) [PSYoungGen: 34763K->31658K(68608K)] [ParOldGen: 204752K->204673K(204800K)] 239515K->236331K(273408K), [Metaspace: 2725K->2725K(1056768K)], 0.0124523 secs] [Times: user=0.13 sys=0.00, real=0.02 secs] 
[Full GC (Ergonomics) [PSYoungGen: 34465K->31526K(68608K)] [ParOldGen: 204673K->204748K(204800K)] 239139K->236274K(273408K), [Metaspace: 2725K->2725K(1056768K)], 0.0210127 secs] [Times: user=0.25 sys=0.00, real=0.02 secs] 
执行结束!共生成对象次数:3949
Heap
 PSYoungGen      total 68608K, used 32775K [0x00000007b9c00000, 0x00000007c0000000, 0x00000007c0000000)
  eden space 34816K, 94% used [0x00000007b9c00000,0x00000007bbc01f38,0x00000007bbe00000)
  from space 33792K, 0% used [0x00000007bbe00000,0x00000007bbe00000,0x00000007bdf00000)
  to   space 33792K, 0% used [0x00000007bdf00000,0x00000007bdf00000,0x00000007c0000000)
 ParOldGen       total 204800K, used 204748K [0x00000007ad400000, 0x00000007b9c00000, 0x00000007b9c00000)
  object space 204800K, 99% used [0x00000007ad400000,0x00000007b9bf3048,0x00000007b9c00000)
 Metaspace       used 2731K, capacity 4486K, committed 4864K, reserved 1056768K
  class space    used 296K, capacity 386K, committed 512K, reserved 1048576K

Process finished with exit code 0
`