[GC (Allocation Failure) [PSYoungGen: 128512K->20983K(149504K)] 128512K->42385K(491008K), 0.0224145 secs] [Times: user=0.05 sys=0.16, real=0.02 secs] 
[GC (Allocation Failure) [PSYoungGen: 149373K->20991K(149504K)] 170775K->84530K(491008K), 0.0260404 secs] [Times: user=0.04 sys=0.21, real=0.03 secs] 
[GC (Allocation Failure) [PSYoungGen: 149503K->20975K(149504K)] 213042K->129132K(491008K), 0.0196317 secs] [Times: user=0.05 sys=0.15, real=0.02 secs] 
[GC (Allocation Failure) [PSYoungGen: 149487K->20983K(149504K)] 257644K->168175K(491008K), 0.0175936 secs] [Times: user=0.05 sys=0.13, real=0.02 secs] 
[GC (Allocation Failure) [PSYoungGen: 149495K->20988K(149504K)] 296687K->203277K(491008K), 0.0142641 secs] [Times: user=0.04 sys=0.10, real=0.01 secs] 
[GC (Allocation Failure) [PSYoungGen: 149243K->20977K(77824K)] 331532K->246367K(419328K), 0.0200346 secs] [Times: user=0.05 sys=0.14, real=0.02 secs] 
[GC (Allocation Failure) [PSYoungGen: 77809K->41723K(113664K)] 303199K->271817K(455168K), 0.0051131 secs] [Times: user=0.05 sys=0.01, real=0.00 secs] 
[GC (Allocation Failure) [PSYoungGen: 98438K->53893K(113664K)] 328532K->288628K(455168K), 0.0072268 secs] [Times: user=0.07 sys=0.02, real=0.01 secs] 
[GC (Allocation Failure) [PSYoungGen: 110725K->56814K(113664K)] 345460K->306630K(455168K), 0.0130493 secs] [Times: user=0.08 sys=0.06, real=0.01 secs] 
[GC (Allocation Failure) [PSYoungGen: 113604K->38965K(113664K)] 363420K->323072K(455168K), 0.0144463 secs] [Times: user=0.04 sys=0.10, real=0.01 secs] 
[Full GC (Ergonomics) [PSYoungGen: 38965K->0K(113664K)] [ParOldGen: 284106K->243731K(341504K)] 323072K->243731K(455168K), [Metaspace: 2724K->2724K(1056768K)], 0.0519906 secs] [Times: user=0.55 sys=0.03, real=0.05 secs] 
[GC (Allocation Failure) [PSYoungGen: 56826K->20362K(113664K)] 300557K->264094K(455168K), 0.0025267 secs] [Times: user=0.02 sys=0.00, real=0.00 secs] 
[GC (Allocation Failure) [PSYoungGen: 77194K->20525K(113664K)] 320926K->283383K(455168K), 0.0044664 secs] [Times: user=0.06 sys=0.00, real=0.00 secs] 
[GC (Allocation Failure) [PSYoungGen: 76866K->21895K(113664K)] 339724K->303440K(455168K), 0.0046826 secs] [Times: user=0.06 sys=0.00, real=0.01 secs] 
[GC (Allocation Failure) [PSYoungGen: 78727K->23503K(113664K)] 360272K->325773K(455168K), 0.0094360 secs] [Times: user=0.03 sys=0.06, real=0.01 secs] 
[Full GC (Ergonomics) [PSYoungGen: 23503K->0K(113664K)] [ParOldGen: 302269K->274764K(341504K)] 325773K->274764K(455168K), [Metaspace: 2725K->2725K(1056768K)], 0.0314560 secs] [Times: user=0.35 sys=0.01, real=0.03 secs] 
[GC (Allocation Failure) [PSYoungGen: 56752K->19679K(113664K)] 331516K->294443K(455168K), 0.0026685 secs] [Times: user=0.03 sys=0.00, real=0.00 secs] 
[GC (Allocation Failure) [PSYoungGen: 76282K->18919K(113664K)] 351046K->312476K(455168K), 0.0043364 secs] [Times: user=0.05 sys=0.00, real=0.00 secs] 
[GC (Allocation Failure) [PSYoungGen: 75584K->16573K(113664K)] 369141K->327716K(455168K), 0.0069905 secs] [Times: user=0.04 sys=0.03, real=0.01 secs] 
[Full GC (Ergonomics) [PSYoungGen: 16573K->0K(113664K)] [ParOldGen: 311143K->285581K(341504K)] 327716K->285581K(455168K), [Metaspace: 2725K->2725K(1056768K)], 0.0329359 secs] [Times: user=0.37 sys=0.01, real=0.03 secs] 
[GC (Allocation Failure) [PSYoungGen: 56525K->17444K(113664K)] 342107K->303026K(455168K), 0.0023552 secs] [Times: user=0.02 sys=0.00, real=0.01 secs] 
[GC (Allocation Failure) [PSYoungGen: 74178K->19491K(113664K)] 359760K->321343K(455168K), 0.0042211 secs] [Times: user=0.05 sys=0.00, real=0.00 secs] 
[GC (Allocation Failure) [PSYoungGen: 76323K->21492K(113664K)] 378175K->342312K(455168K), 0.0100332 secs] [Times: user=0.05 sys=0.05, real=0.01 secs] 
[Full GC (Ergonomics) [PSYoungGen: 21492K->0K(113664K)] [ParOldGen: 320819K->295208K(341504K)] 342312K->295208K(455168K), [Metaspace: 2725K->2725K(1056768K)], 0.0616217 secs] [Times: user=0.72 sys=0.01, real=0.06 secs] 
[GC (Allocation Failure) [PSYoungGen: 56832K->24217K(113664K)] 352040K->319426K(455168K), 0.0029215 secs] [Times: user=0.03 sys=0.00, real=0.01 secs] 
[GC (Allocation Failure) [PSYoungGen: 80977K->23052K(113664K)] 376186K->339796K(455168K), 0.0053666 secs] [Times: user=0.06 sys=0.00, real=0.00 secs] 
[Full GC (Ergonomics) [PSYoungGen: 23052K->0K(113664K)] [ParOldGen: 316744K->306663K(341504K)] 339796K->306663K(455168K), [Metaspace: 2725K->2725K(1056768K)], 0.0359456 secs] [Times: user=0.39 sys=0.01, real=0.04 secs] 
[Full GC (Ergonomics) [PSYoungGen: 56832K->0K(113664K)] [ParOldGen: 306663K->307132K(341504K)] 363495K->307132K(455168K), [Metaspace: 2725K->2725K(1056768K)], 0.0362528 secs] [Times: user=0.38 sys=0.00, real=0.04 secs] 
[Full GC (Ergonomics) [PSYoungGen: 56832K->0K(113664K)] [ParOldGen: 307132K->309883K(341504K)] 363964K->309883K(455168K), [Metaspace: 2725K->2725K(1056768K)], 0.0603985 secs] [Times: user=0.64 sys=0.02, real=0.06 secs] 
[Full GC (Ergonomics) [PSYoungGen: 56832K->0K(113664K)] [ParOldGen: 309883K->311013K(341504K)] 366715K->311013K(455168K), [Metaspace: 2725K->2725K(1056768K)], 0.0624462 secs] [Times: user=0.72 sys=0.01, real=0.07 secs] 
执行结束!共生成对象次数:7054
Heap
 PSYoungGen      total 113664K, used 3431K [0x00000007b5980000, 0x00000007c0000000, 0x00000007c0000000)
  eden space 56832K, 6% used [0x00000007b5980000,0x00000007b5cd9d90,0x00000007b9100000)
  from space 56832K, 0% used [0x00000007bc880000,0x00000007bc880000,0x00000007c0000000)
  to   space 56832K, 0% used [0x00000007b9100000,0x00000007b9100000,0x00000007bc880000)
 ParOldGen       total 341504K, used 311013K [0x00000007a0c00000, 0x00000007b5980000, 0x00000007b5980000)
  object space 341504K, 91% used [0x00000007a0c00000,0x00000007b3bb9798,0x00000007b5980000)
 Metaspace       used 2731K, capacity 4486K, committed 4864K, reserved 1056768K
  class space    used 296K, capacity 386K, committed 512K, reserved 1048576K

Process finished with exit code 0
