`[GC (Allocation Failure) [DefNew: 279616K->34944K(314560K), 0.0659784 secs] 279616K->92565K(1013632K), 0.0660145 secs] [Times: user=0.04 sys=0.02, real=0.06 secs] 
[GC (Allocation Failure) [DefNew: 314560K->34941K(314560K), 0.0756797 secs] 372181K->164402K(1013632K), 0.0757042 secs] [Times: user=0.04 sys=0.03, real=0.07 secs] 
[GC (Allocation Failure) [DefNew: 314557K->34943K(314560K), 0.0539604 secs] 444018K->251441K(1013632K), 0.0539814 secs] [Times: user=0.04 sys=0.02, real=0.05 secs] 
[GC (Allocation Failure) [DefNew: 314559K->34943K(314560K), 0.0459406 secs] 531057K->329131K(1013632K), 0.0459624 secs] [Times: user=0.03 sys=0.02, real=0.05 secs] 
[GC (Allocation Failure) [DefNew: 314559K->34943K(314560K), 0.0505960 secs] 608747K->405250K(1013632K), 0.0506188 secs] [Times: user=0.03 sys=0.02, real=0.06 secs] 
[GC (Allocation Failure) [DefNew: 314559K->34944K(314560K), 0.0526743 secs] 684866K->484159K(1013632K), 0.0526961 secs] [Times: user=0.03 sys=0.02, real=0.05 secs] 
[GC (Allocation Failure) [DefNew: 314560K->34943K(314560K), 0.0602657 secs] 763775K->573257K(1013632K), 0.0602970 secs] [Times: user=0.03 sys=0.02, real=0.06 secs] 
[GC (Allocation Failure) [DefNew: 314559K->34943K(314560K), 0.0439001 secs] 852873K->641839K(1013632K), 0.0439225 secs] [Times: user=0.03 sys=0.02, real=0.04 secs] 
[GC (Allocation Failure) [DefNew: 314559K->314559K(314560K), 0.0000108 secs][Tenured: 606895K->366955K(699072K), 0.0899743 secs] 921455K->366955K(1013632K), [Metaspace: 2724K->2724K(1056768K)], 0.0900246 secs] [Times: user=0.09 sys=0.00, real=0.09 secs] 
执行结束!共生成对象次数:9824
Heap
 def new generation   total 314560K, used 102030K [0x0000000780000000, 0x0000000795550000, 0x0000000795550000)
  eden space 279616K,  36% used [0x0000000780000000, 0x00000007863a3900, 0x0000000791110000)
  from space 34944K,   0% used [0x0000000791110000, 0x0000000791110000, 0x0000000793330000)
  to   space 34944K,   0% used [0x0000000793330000, 0x0000000793330000, 0x0000000795550000)
 tenured generation   total 699072K, used 366955K [0x0000000795550000, 0x00000007c0000000, 0x00000007c0000000)
   the space 699072K,  52% used [0x0000000795550000, 0x00000007abbaaf08, 0x00000007abbab000, 0x00000007c0000000)
 Metaspace       used 2731K, capacity 4486K, committed 4864K, reserved 1056768K
  class space    used 296K, capacity 386K, committed 512K, reserved 1048576K

Process finished with exit code 0
`