[GC (Allocation Failure) [DefNew: 81816K->10239K(92160K), 0.0186134 secs] 81816K->26280K(296960K), 0.0186813 secs] [Times: user=0.01 sys=0.00, real=0.01 secs] 
[GC (Allocation Failure) [DefNew: 91765K->10237K(92160K), 0.0187222 secs] 107806K->52125K(296960K), 0.0187472 secs] [Times: user=0.01 sys=0.01, real=0.02 secs] 
[GC (Allocation Failure) [DefNew: 92097K->10237K(92160K), 0.0150049 secs] 133985K->77914K(296960K), 0.0150256 secs] [Times: user=0.01 sys=0.01, real=0.01 secs] 
[GC (Allocation Failure) [DefNew: 92157K->10237K(92160K), 0.0145788 secs] 159834K->102961K(296960K), 0.0146007 secs] [Times: user=0.01 sys=0.00, real=0.02 secs] 
[GC (Allocation Failure) [DefNew: 92157K->10228K(92160K), 0.0147065 secs] 184881K->127563K(296960K), 0.0147254 secs] [Times: user=0.01 sys=0.01, real=0.01 secs] 
[GC (Allocation Failure) [DefNew: 92138K->10239K(92160K), 0.0125714 secs] 209473K->148540K(296960K), 0.0125951 secs] [Times: user=0.01 sys=0.00, real=0.01 secs] 
[GC (Allocation Failure) [DefNew: 92159K->10239K(92160K), 0.0211730 secs] 230460K->178911K(296960K), 0.0211986 secs] [Times: user=0.01 sys=0.01, real=0.02 secs] 
[GC (Allocation Failure) [DefNew: 92159K->10237K(92160K), 0.0165218 secs] 260831K->204627K(296960K), 0.0165422 secs] [Times: user=0.01 sys=0.01, real=0.02 secs] 
[GC (Allocation Failure) [DefNew: 92070K->92070K(92160K), 0.0000114 secs][Tenured: 194389K->187977K(204800K), 0.0322333 secs] 286459K->187977K(296960K), [Metaspace: 2724K->2724K(1056768K)], 0.0322826 secs] [Times: user=0.04 sys=0.00, real=0.03 secs] 
[GC (Allocation Failure) [DefNew: 81920K->81920K(92160K), 0.0000106 secs][Tenured: 187977K->204783K(204800K), 0.0327209 secs] 269897K->205486K(296960K), [Metaspace: 2724K->2724K(1056768K)], 0.0327677 secs] [Times: user=0.02 sys=0.00, real=0.03 secs] 
[Full GC (Allocation Failure) [Tenured: 204783K->204509K(204800K), 0.0347648 secs] 296902K->221466K(296960K), [Metaspace: 2725K->2725K(1056768K)], 0.0348098 secs] [Times: user=0.03 sys=0.00, real=0.03 secs] 
[Full GC (Allocation Failure) [Tenured: 204509K->204794K(204800K), 0.0320609 secs] 296311K->221462K(296960K), [Metaspace: 2725K->2725K(1056768K)], 0.0321170 secs] [Times: user=0.03 sys=0.00, real=0.03 secs] 
[Full GC (Allocation Failure) [Tenured: 204794K->204562K(204800K), 0.0108667 secs] 296620K->244246K(296960K), [Metaspace: 2725K->2725K(1056768K)], 0.0108964 secs] [Times: user=0.01 sys=0.00, real=0.01 secs] 
[Full GC (Allocation Failure) [Tenured: 204562K->204525K(204800K), 0.0232382 secs] 296330K->252801K(296960K), [Metaspace: 2725K->2725K(1056768K)], 0.0232680 secs] [Times: user=0.02 sys=0.00, real=0.02 secs] 
[Full GC (Allocation Failure) [Tenured: 204777K->204792K(204800K), 0.0260032 secs] 296920K->253786K(296960K), [Metaspace: 2725K->2725K(1056768K)], 0.0260339 secs] [Times: user=0.03 sys=0.00, real=0.02 secs] 
[Full GC (Allocation Failure) [Tenured: 204792K->204439K(204800K), 0.0332167 secs] 296655K->249260K(296960K), [Metaspace: 2725K->2725K(1056768K)], 0.0332461 secs] [Times: user=0.04 sys=0.00, real=0.03 secs] 
[Full GC (Allocation Failure) [Tenured: 204583K->204583K(204800K), 0.0076845 secs] 296601K->264128K(296960K), [Metaspace: 2725K->2725K(1056768K)], 0.0077125 secs] [Times: user=0.01 sys=0.00, real=0.01 secs] 
[Full GC (Allocation Failure) [Tenured: 204760K->204520K(204800K), 0.0252194 secs] 296745K->269436K(296960K), [Metaspace: 2725K->2725K(1056768K)], 0.0252819 secs] [Times: user=0.02 sys=0.00, real=0.03 secs] 
[Full GC (Allocation Failure) [Tenured: 204520K->204423K(204800K), 0.0610867 secs] 296558K->273044K(296960K), [Metaspace: 2725K->2725K(1056768K)], 0.0611588 secs] [Times: user=0.06 sys=0.01, real=0.06 secs] 
[Full GC (Allocation Failure) [Tenured: 204702K->204795K(204800K), 0.0986637 secs] 296861K->267166K(296960K), [Metaspace: 2725K->2725K(1056768K)], 0.0987345 secs] [Times: user=0.10 sys=0.00, real=0.10 secs] 
[Full GC (Allocation Failure) [Tenured: 204795K->204795K(204800K), 0.0245119 secs] 296257K->275845K(296960K), [Metaspace: 2725K->2725K(1056768K)], 0.0245560 secs] [Times: user=0.02 sys=0.00, real=0.02 secs] 
[Full GC (Allocation Failure) [Tenured: 204795K->204795K(204800K), 0.0406570 secs] 296562K->283496K(296960K), [Metaspace: 2725K->2725K(1056768K)], 0.0407137 secs] [Times: user=0.04 sys=0.00, real=0.04 secs] 
[Full GC (Allocation Failure) [Tenured: 204795K->204779K(204800K), 0.0366539 secs] 296823K->284911K(296960K), [Metaspace: 2725K->2725K(1056768K)], 0.0367298 secs] [Times: user=0.04 sys=0.00, real=0.04 secs] 
[Full GC (Allocation Failure) [Tenured: 204779K->204642K(204800K), 0.0511534 secs] 296861K->277735K(296960K), [Metaspace: 2725K->2725K(1056768K)], 0.0511869 secs] [Times: user=0.05 sys=0.00, real=0.05 secs] 
执行结束!共生成对象次数:5305
Heap
 def new generation   total 92160K, used 75736K [0x00000007ad400000, 0x00000007b3800000, 0x00000007b3800000)
  eden space 81920K,  92% used [0x00000007ad400000, 0x00000007b1df6238, 0x00000007b2400000)
  from space 10240K,   0% used [0x00000007b2400000, 0x00000007b2400000, 0x00000007b2e00000)
  to   space 10240K,   0% used [0x00000007b2e00000, 0x00000007b2e00000, 0x00000007b3800000)
 tenured generation   total 204800K, used 204642K [0x00000007b3800000, 0x00000007c0000000, 0x00000007c0000000)
   the space 204800K,  99% used [0x00000007b3800000, 0x00000007bffd8988, 0x00000007bffd8a00, 0x00000007c0000000)
 Metaspace       used 2731K, capacity 4486K, committed 4864K, reserved 1056768K
  class space    used 296K, capacity 386K, committed 512K, reserved 1048576K

Process finished with exit code 0
