`[GC (Allocation Failure) [DefNew: 136576K->17024K(153600K), 0.0451830 secs] 136576K->48914K(494976K), 0.0452188 secs] [Times: user=0.02 sys=0.02, real=0.04 secs] 
[GC (Allocation Failure) [DefNew: 153600K->17022K(153600K), 0.0417953 secs] 185490K->94626K(494976K), 0.0418180 secs] [Times: user=0.02 sys=0.02, real=0.05 secs] 
[GC (Allocation Failure) [DefNew: 153501K->17023K(153600K), 0.0228749 secs] 231104K->134417K(494976K), 0.0228962 secs] [Times: user=0.02 sys=0.01, real=0.03 secs] 
[GC (Allocation Failure) [DefNew: 153599K->17022K(153600K), 0.0287121 secs] 270993K->173217K(494976K), 0.0287332 secs] [Times: user=0.02 sys=0.01, real=0.03 secs] 
[GC (Allocation Failure) [DefNew: 153598K->17023K(153600K), 0.0303096 secs] 309793K->212582K(494976K), 0.0303343 secs] [Times: user=0.01 sys=0.01, real=0.03 secs] 
[GC (Allocation Failure) [DefNew: 153599K->17022K(153600K), 0.0305521 secs] 349158K->253491K(494976K), 0.0305725 secs] [Times: user=0.01 sys=0.01, real=0.03 secs] 
[GC (Allocation Failure) [DefNew: 153598K->17024K(153600K), 0.0458030 secs] 390067K->302364K(494976K), 0.0458252 secs] [Times: user=0.02 sys=0.02, real=0.05 secs] 
[GC (Allocation Failure) [DefNew: 153600K->17023K(153600K), 0.0273451 secs] 438940K->348504K(494976K), 0.0273670 secs] [Times: user=0.01 sys=0.01, real=0.02 secs] 
[GC (Allocation Failure) [DefNew: 153367K->153367K(153600K), 0.0000106 secs][Tenured: 331480K->281064K(341376K), 0.0626921 secs] 484848K->281064K(494976K), [Metaspace: 2724K->2724K(1056768K)], 0.0627426 secs] [Times: user=0.06 sys=0.00, real=0.06 secs] 
[GC (Allocation Failure) [DefNew: 136576K->17022K(153600K), 0.0058686 secs] 417640K->323411K(494976K), 0.0058886 secs] [Times: user=0.01 sys=0.00, real=0.01 secs] 
[GC (Allocation Failure) [DefNew: 153598K->153598K(153600K), 0.0000120 secs][Tenured: 306389K->308791K(341376K), 0.0400992 secs] 459987K->308791K(494976K), [Metaspace: 2724K->2724K(1056768K)], 0.0401443 secs] [Times: user=0.04 sys=0.00, real=0.04 secs] 
[GC (Allocation Failure) [DefNew: 136576K->136576K(153600K), 0.0000140 secs][Tenured: 308791K->318451K(341376K), 0.0517237 secs] 445367K->318451K(494976K), [Metaspace: 2725K->2725K(1056768K)], 0.0517735 secs] [Times: user=0.05 sys=0.00, real=0.05 secs] 
[GC (Allocation Failure) [DefNew: 136576K->136576K(153600K), 0.0000122 secs][Tenured: 318451K->310228K(341376K), 0.0527046 secs] 455027K->310228K(494976K), [Metaspace: 2725K->2725K(1056768K)], 0.0527497 secs] [Times: user=0.05 sys=0.00, real=0.05 secs] 
[GC (Allocation Failure) [DefNew: 136576K->136576K(153600K), 0.0000126 secs][Tenured: 310228K->336220K(341376K), 0.0296230 secs] 446804K->336220K(494976K), [Metaspace: 2725K->2725K(1056768K)], 0.0297006 secs] [Times: user=0.03 sys=0.00, real=0.03 secs] 
[GC (Allocation Failure) [DefNew: 136571K->136571K(153600K), 0.0000127 secs][Tenured: 336220K->339150K(341376K), 0.0498046 secs] 472791K->339150K(494976K), [Metaspace: 2725K->2725K(1056768K)], 0.0498542 secs] [Times: user=0.05 sys=0.00, real=0.05 secs] 
[GC (Allocation Failure) [DefNew: 136576K->136576K(153600K), 0.0000155 secs][Tenured: 339150K->341326K(341376K), 0.0545353 secs] 475726K->345113K(494976K), [Metaspace: 2725K->2725K(1056768K)], 0.0546087 secs] [Times: user=0.06 sys=0.00, real=0.05 secs] 
执行结束!共生成对象次数:8222
Heap
 def new generation   total 153600K, used 9289K [0x00000007a0c00000, 0x00000007ab2a0000, 0x00000007ab2a0000)
  eden space 136576K,   6% used [0x00000007a0c00000, 0x00000007a1512480, 0x00000007a9160000)
  from space 17024K,   0% used [0x00000007aa200000, 0x00000007aa200000, 0x00000007ab2a0000)
  to   space 17024K,   0% used [0x00000007a9160000, 0x00000007a9160000, 0x00000007aa200000)
 tenured generation   total 341376K, used 341326K [0x00000007ab2a0000, 0x00000007c0000000, 0x00000007c0000000)
   the space 341376K,  99% used [0x00000007ab2a0000, 0x00000007bfff3b58, 0x00000007bfff3c00, 0x00000007c0000000)
 Metaspace       used 2731K, capacity 4486K, committed 4864K, reserved 1056768K
  class space    used 296K, capacity 386K, committed 512K, reserved 1048576K

Process finished with exit code 0
`