`[GC pause (G1 Evacuation Pause) (young), 0.0107417 secs]
   [Parallel Time: 9.3 ms, GC Workers: 13]
      [GC Worker Start (ms): Min: 169.2, Avg: 169.3, Max: 169.4, Diff: 0.2]
      [Ext Root Scanning (ms): Min: 0.0, Avg: 0.1, Max: 0.3, Diff: 0.3, Sum: 1.5]
      [Update RS (ms): Min: 0.0, Avg: 0.0, Max: 0.0, Diff: 0.0, Sum: 0.0]
         [Processed Buffers: Min: 0, Avg: 0.0, Max: 0, Diff: 0, Sum: 0]
      [Scan RS (ms): Min: 0.0, Avg: 0.0, Max: 0.0, Diff: 0.0, Sum: 0.1]
      [Code Root Scanning (ms): Min: 0.0, Avg: 0.0, Max: 0.2, Diff: 0.2, Sum: 0.2]
      [Object Copy (ms): Min: 7.5, Avg: 8.1, Max: 8.7, Diff: 1.1, Sum: 104.8]
      [Termination (ms): Min: 0.0, Avg: 0.8, Max: 1.1, Diff: 1.1, Sum: 10.3]
         [Termination Attempts: Min: 1, Avg: 1.0, Max: 1, Diff: 0, Sum: 13]
      [GC Worker Other (ms): Min: 0.0, Avg: 0.0, Max: 0.0, Diff: 0.0, Sum: 0.4]
      [GC Worker Total (ms): Min: 8.9, Avg: 9.0, Max: 9.2, Diff: 0.3, Sum: 117.4]
      [GC Worker End (ms): Min: 178.2, Avg: 178.3, Max: 178.4, Diff: 0.2]
   [Code Root Fixup: 0.0 ms]
   [Code Root Purge: 0.0 ms]
   [Clear CT: 0.2 ms]
   [Other: 1.3 ms]
      [Choose CSet: 0.0 ms]
      [Ref Proc: 0.5 ms]
      [Ref Enq: 0.0 ms]
      [Redirty Cards: 0.2 ms]
      [Humongous Register: 0.0 ms]
      [Humongous Reclaim: 0.1 ms]
      [Free CSet: 0.1 ms]
   [Eden: 51.0M(51.0M)->0.0B(44.0M) Survivors: 0.0B->7168.0K Heap: 63.1M(1024.0M)->24.0M(1024.0M)]
 [Times: user=0.04 sys=0.06, real=0.01 secs] 
[GC pause (G1 Evacuation Pause) (young), 0.0065187 secs]
   [Parallel Time: 5.5 ms, GC Workers: 13]
      [GC Worker Start (ms): Min: 200.9, Avg: 201.0, Max: 201.1, Diff: 0.1]
      [Ext Root Scanning (ms): Min: 0.0, Avg: 0.1, Max: 0.2, Diff: 0.2, Sum: 1.6]
      [Update RS (ms): Min: 0.0, Avg: 0.0, Max: 0.1, Diff: 0.1, Sum: 0.5]
         [Processed Buffers: Min: 0, Avg: 0.8, Max: 3, Diff: 3, Sum: 11]
      [Scan RS (ms): Min: 0.0, Avg: 0.0, Max: 0.0, Diff: 0.0, Sum: 0.1]
      [Code Root Scanning (ms): Min: 0.0, Avg: 0.0, Max: 0.1, Diff: 0.1, Sum: 0.1]
      [Object Copy (ms): Min: 4.5, Avg: 4.7, Max: 5.0, Diff: 0.5, Sum: 61.6]
      [Termination (ms): Min: 0.0, Avg: 0.4, Max: 0.7, Diff: 0.7, Sum: 4.6]
         [Termination Attempts: Min: 1, Avg: 1.0, Max: 1, Diff: 0, Sum: 13]
      [GC Worker Other (ms): Min: 0.0, Avg: 0.0, Max: 0.0, Diff: 0.0, Sum: 0.2]
      [GC Worker Total (ms): Min: 5.2, Avg: 5.3, Max: 5.4, Diff: 0.3, Sum: 68.6]
      [GC Worker End (ms): Min: 206.2, Avg: 206.3, Max: 206.4, Diff: 0.2]
   [Code Root Fixup: 0.0 ms]
   [Code Root Purge: 0.0 ms]
   [Clear CT: 0.2 ms]
   [Other: 0.8 ms]
      [Choose CSet: 0.0 ms]
      [Ref Proc: 0.5 ms]
      [Ref Enq: 0.0 ms]
      [Redirty Cards: 0.1 ms]
      [Humongous Register: 0.0 ms]
      [Humongous Reclaim: 0.0 ms]
      [Free CSet: 0.0 ms]
   [Eden: 44.0M(44.0M)->0.0B(44.0M) Survivors: 7168.0K->7168.0K Heap: 83.4M(1024.0M)->44.2M(1024.0M)]
 [Times: user=0.02 sys=0.04, real=0.01 secs] 
[GC pause (G1 Evacuation Pause) (young), 0.0066321 secs]
   [Parallel Time: 5.5 ms, GC Workers: 13]
      [GC Worker Start (ms): Min: 216.0, Avg: 216.0, Max: 216.1, Diff: 0.1]
      [Ext Root Scanning (ms): Min: 0.0, Avg: 0.1, Max: 0.2, Diff: 0.1, Sum: 1.2]
      [Update RS (ms): Min: 0.6, Avg: 0.6, Max: 0.6, Diff: 0.1, Sum: 7.6]
         [Processed Buffers: Min: 2, Avg: 6.2, Max: 8, Diff: 6, Sum: 80]
      [Scan RS (ms): Min: 0.0, Avg: 0.0, Max: 0.0, Diff: 0.0, Sum: 0.0]
      [Code Root Scanning (ms): Min: 0.0, Avg: 0.0, Max: 0.0, Diff: 0.0, Sum: 0.0]
      [Object Copy (ms): Min: 3.7, Avg: 4.0, Max: 4.5, Diff: 0.8, Sum: 52.6]
      [Termination (ms): Min: 0.0, Avg: 0.5, Max: 0.7, Diff: 0.7, Sum: 6.3]
         [Termination Attempts: Min: 1, Avg: 1.0, Max: 1, Diff: 0, Sum: 13]
      [GC Worker Other (ms): Min: 0.0, Avg: 0.0, Max: 0.0, Diff: 0.0, Sum: 0.2]
      [GC Worker Total (ms): Min: 5.1, Avg: 5.2, Max: 5.3, Diff: 0.2, Sum: 67.9]
      [GC Worker End (ms): Min: 221.2, Avg: 221.3, Max: 221.4, Diff: 0.2]
   [Code Root Fixup: 0.0 ms]
   [Code Root Purge: 0.0 ms]
   [Clear CT: 0.2 ms]
   [Other: 0.9 ms]
      [Choose CSet: 0.0 ms]
      [Ref Proc: 0.5 ms]
      [Ref Enq: 0.0 ms]
      [Redirty Cards: 0.2 ms]
      [Humongous Register: 0.0 ms]
      [Humongous Reclaim: 0.0 ms]
      [Free CSet: 0.0 ms]
   [Eden: 44.0M(44.0M)->0.0B(56.0M) Survivors: 7168.0K->7168.0K Heap: 96.3M(1024.0M)->62.1M(1024.0M)]
 [Times: user=0.03 sys=0.03, real=0.01 secs] 
[GC pause (G1 Evacuation Pause) (young), 0.0072431 secs]
   [Parallel Time: 6.3 ms, GC Workers: 13]
      [GC Worker Start (ms): Min: 236.9, Avg: 237.1, Max: 237.5, Diff: 0.6]
      [Ext Root Scanning (ms): Min: 0.0, Avg: 0.1, Max: 0.2, Diff: 0.2, Sum: 1.1]
      [Update RS (ms): Min: 0.0, Avg: 0.1, Max: 0.2, Diff: 0.2, Sum: 1.5]
         [Processed Buffers: Min: 0, Avg: 1.6, Max: 3, Diff: 3, Sum: 21]
      [Scan RS (ms): Min: 0.0, Avg: 0.0, Max: 0.0, Diff: 0.0, Sum: 0.1]
      [Code Root Scanning (ms): Min: 0.0, Avg: 0.0, Max: 0.0, Diff: 0.0, Sum: 0.0]
      [Object Copy (ms): Min: 5.4, Avg: 5.5, Max: 5.6, Diff: 0.2, Sum: 71.5]
      [Termination (ms): Min: 0.0, Avg: 0.2, Max: 0.4, Diff: 0.4, Sum: 2.5]
         [Termination Attempts: Min: 1, Avg: 1.0, Max: 1, Diff: 0, Sum: 13]
      [GC Worker Other (ms): Min: 0.0, Avg: 0.0, Max: 0.0, Diff: 0.0, Sum: 0.1]
      [GC Worker Total (ms): Min: 5.5, Avg: 5.9, Max: 6.1, Diff: 0.6, Sum: 76.8]
      [GC Worker End (ms): Min: 243.0, Avg: 243.0, Max: 243.1, Diff: 0.1]
   [Code Root Fixup: 0.0 ms]
   [Code Root Purge: 0.0 ms]
   [Clear CT: 0.2 ms]
   [Other: 0.7 ms]
      [Choose CSet: 0.0 ms]
      [Ref Proc: 0.3 ms]
      [Ref Enq: 0.0 ms]
      [Redirty Cards: 0.2 ms]
      [Humongous Register: 0.0 ms]
      [Humongous Reclaim: 0.0 ms]
      [Free CSet: 0.0 ms]
   [Eden: 56.0M(56.0M)->0.0B(74.0M) Survivors: 7168.0K->8192.0K Heap: 129.5M(1024.0M)->83.9M(1024.0M)]
 [Times: user=0.01 sys=0.05, real=0.01 secs] 
[GC pause (G1 Evacuation Pause) (young), 0.0078638 secs]
   [Parallel Time: 7.1 ms, GC Workers: 13]
      [GC Worker Start (ms): Min: 265.3, Avg: 265.3, Max: 265.4, Diff: 0.1]
      [Ext Root Scanning (ms): Min: 0.0, Avg: 0.1, Max: 0.2, Diff: 0.1, Sum: 1.4]
      [Update RS (ms): Min: 0.1, Avg: 0.2, Max: 0.2, Diff: 0.1, Sum: 2.2]
         [Processed Buffers: Min: 0, Avg: 1.8, Max: 3, Diff: 3, Sum: 23]
      [Scan RS (ms): Min: 0.0, Avg: 0.0, Max: 0.0, Diff: 0.0, Sum: 0.1]
      [Code Root Scanning (ms): Min: 0.0, Avg: 0.0, Max: 0.0, Diff: 0.0, Sum: 0.0]
      [Object Copy (ms): Min: 6.0, Avg: 6.2, Max: 6.5, Diff: 0.4, Sum: 81.0]
      [Termination (ms): Min: 0.0, Avg: 0.3, Max: 0.5, Diff: 0.5, Sum: 4.0]
         [Termination Attempts: Min: 1, Avg: 1.0, Max: 1, Diff: 0, Sum: 13]
      [GC Worker Other (ms): Min: 0.0, Avg: 0.0, Max: 0.0, Diff: 0.0, Sum: 0.1]
      [GC Worker Total (ms): Min: 6.7, Avg: 6.8, Max: 7.0, Diff: 0.2, Sum: 88.8]
      [GC Worker End (ms): Min: 272.1, Avg: 272.2, Max: 272.3, Diff: 0.2]
   [Code Root Fixup: 0.0 ms]
   [Code Root Purge: 0.0 ms]
   [Clear CT: 0.1 ms]
   [Other: 0.6 ms]
      [Choose CSet: 0.0 ms]
      [Ref Proc: 0.2 ms]
      [Ref Enq: 0.0 ms]
      [Redirty Cards: 0.1 ms]
      [Humongous Register: 0.1 ms]
      [Humongous Reclaim: 0.1 ms]
      [Free CSet: 0.0 ms]
   [Eden: 74.0M(74.0M)->0.0B(147.0M) Survivors: 8192.0K->11.0M Heap: 174.9M(1024.0M)->109.1M(1024.0M)]
 [Times: user=0.02 sys=0.05, real=0.01 secs] 
[GC pause (G1 Evacuation Pause) (young), 0.0310378 secs]
   [Parallel Time: 29.7 ms, GC Workers: 13]
      [GC Worker Start (ms): Min: 345.9, Avg: 346.1, Max: 346.2, Diff: 0.3]
      [Ext Root Scanning (ms): Min: 0.0, Avg: 0.1, Max: 0.3, Diff: 0.3, Sum: 1.7]
      [Update RS (ms): Min: 0.1, Avg: 0.2, Max: 0.5, Diff: 0.4, Sum: 2.6]
         [Processed Buffers: Min: 0, Avg: 1.4, Max: 2, Diff: 2, Sum: 18]
      [Scan RS (ms): Min: 0.0, Avg: 0.0, Max: 0.1, Diff: 0.0, Sum: 0.3]
      [Code Root Scanning (ms): Min: 0.0, Avg: 0.0, Max: 0.0, Diff: 0.0, Sum: 0.0]
      [Object Copy (ms): Min: 27.9, Avg: 28.6, Max: 29.0, Diff: 1.1, Sum: 372.2]
      [Termination (ms): Min: 0.0, Avg: 0.4, Max: 1.0, Diff: 1.0, Sum: 5.5]
         [Termination Attempts: Min: 1, Avg: 1.9, Max: 3, Diff: 2, Sum: 25]
      [GC Worker Other (ms): Min: 0.0, Avg: 0.0, Max: 0.0, Diff: 0.0, Sum: 0.3]
      [GC Worker Total (ms): Min: 29.2, Avg: 29.4, Max: 29.6, Diff: 0.4, Sum: 382.5]
      [GC Worker End (ms): Min: 375.5, Avg: 375.5, Max: 375.6, Diff: 0.1]
   [Code Root Fixup: 0.0 ms]
   [Code Root Purge: 0.0 ms]
   [Clear CT: 0.2 ms]
   [Other: 1.1 ms]
      [Choose CSet: 0.0 ms]
      [Ref Proc: 0.3 ms]
      [Ref Enq: 0.0 ms]
      [Redirty Cards: 0.3 ms]
      [Humongous Register: 0.1 ms]
      [Humongous Reclaim: 0.1 ms]
      [Free CSet: 0.1 ms]
   [Eden: 147.0M(147.0M)->0.0B(114.0M) Survivors: 11.0M->20.0M Heap: 293.9M(1024.0M)->165.0M(1024.0M)]
 [Times: user=0.06 sys=0.21, real=0.03 secs] 
[GC pause (G1 Evacuation Pause) (young), 0.0243071 secs]
   [Parallel Time: 22.7 ms, GC Workers: 13]
      [GC Worker Start (ms): Min: 437.4, Avg: 437.6, Max: 437.9, Diff: 0.4]
      [Ext Root Scanning (ms): Min: 0.0, Avg: 0.2, Max: 0.4, Diff: 0.4, Sum: 2.3]
      [Update RS (ms): Min: 0.2, Avg: 0.3, Max: 1.6, Diff: 1.4, Sum: 4.4]
         [Processed Buffers: Min: 0, Avg: 1.5, Max: 2, Diff: 2, Sum: 19]
      [Scan RS (ms): Min: 0.0, Avg: 0.0, Max: 0.1, Diff: 0.1, Sum: 0.4]
      [Code Root Scanning (ms): Min: 0.0, Avg: 0.0, Max: 0.0, Diff: 0.0, Sum: 0.0]
      [Object Copy (ms): Min: 20.2, Avg: 21.1, Max: 21.6, Diff: 1.5, Sum: 274.6]
      [Termination (ms): Min: 0.0, Avg: 0.5, Max: 0.8, Diff: 0.8, Sum: 6.9]
         [Termination Attempts: Min: 1, Avg: 1.2, Max: 3, Diff: 2, Sum: 16]
      [GC Worker Other (ms): Min: 0.0, Avg: 0.0, Max: 0.0, Diff: 0.0, Sum: 0.3]
      [GC Worker Total (ms): Min: 22.0, Avg: 22.2, Max: 22.4, Diff: 0.4, Sum: 288.9]
      [GC Worker End (ms): Min: 459.8, Avg: 459.9, Max: 460.0, Diff: 0.2]
   [Code Root Fixup: 0.0 ms]
   [Code Root Purge: 0.0 ms]
   [Clear CT: 0.3 ms]
   [Other: 1.3 ms]
      [Choose CSet: 0.0 ms]
      [Ref Proc: 0.4 ms]
      [Ref Enq: 0.0 ms]
      [Redirty Cards: 0.2 ms]
      [Humongous Register: 0.3 ms]
      [Humongous Reclaim: 0.1 ms]
      [Free CSet: 0.1 ms]
   [Eden: 114.0M(114.0M)->0.0B(149.0M) Survivors: 20.0M->17.0M Heap: 314.3M(1024.0M)->204.6M(1024.0M)]
 [Times: user=0.07 sys=0.14, real=0.03 secs] 
[GC pause (G1 Evacuation Pause) (young), 0.0183484 secs]
   [Parallel Time: 17.3 ms, GC Workers: 13]
      [GC Worker Start (ms): Min: 503.4, Avg: 503.5, Max: 503.6, Diff: 0.2]
      [Ext Root Scanning (ms): Min: 0.0, Avg: 0.1, Max: 0.2, Diff: 0.2, Sum: 1.2]
      [Update RS (ms): Min: 0.1, Avg: 0.2, Max: 0.4, Diff: 0.3, Sum: 2.4]
         [Processed Buffers: Min: 0, Avg: 1.5, Max: 2, Diff: 2, Sum: 20]
      [Scan RS (ms): Min: 0.0, Avg: 0.0, Max: 0.0, Diff: 0.0, Sum: 0.2]
      [Code Root Scanning (ms): Min: 0.0, Avg: 0.0, Max: 0.0, Diff: 0.0, Sum: 0.0]
      [Object Copy (ms): Min: 15.8, Avg: 16.3, Max: 16.6, Diff: 0.9, Sum: 212.2]
      [Termination (ms): Min: 0.0, Avg: 0.4, Max: 0.7, Diff: 0.7, Sum: 4.8]
         [Termination Attempts: Min: 1, Avg: 1.0, Max: 1, Diff: 0, Sum: 13]
      [GC Worker Other (ms): Min: 0.0, Avg: 0.0, Max: 0.0, Diff: 0.0, Sum: 0.2]
      [GC Worker Total (ms): Min: 16.8, Avg: 17.0, Max: 17.1, Diff: 0.3, Sum: 220.9]
      [GC Worker End (ms): Min: 520.4, Avg: 520.5, Max: 520.6, Diff: 0.2]
   [Code Root Fixup: 0.0 ms]
   [Code Root Purge: 0.0 ms]
   [Clear CT: 0.2 ms]
   [Other: 0.9 ms]
      [Choose CSet: 0.0 ms]
      [Ref Proc: 0.4 ms]
      [Ref Enq: 0.0 ms]
      [Redirty Cards: 0.2 ms]
      [Humongous Register: 0.1 ms]
      [Humongous Reclaim: 0.1 ms]
      [Free CSet: 0.1 ms]
   [Eden: 149.0M(149.0M)->0.0B(574.0M) Survivors: 17.0M->21.0M Heap: 388.9M(1024.0M)->256.8M(1024.0M)]
 [Times: user=0.04 sys=0.14, real=0.02 secs] 
[GC pause (G1 Humongous Allocation) (young) (initial-mark) (to-space exhausted), 0.0269659 secs]
   [Parallel Time: 24.0 ms, GC Workers: 13]
      [GC Worker Start (ms): Min: 804.2, Avg: 804.3, Max: 804.4, Diff: 0.3]
      [Ext Root Scanning (ms): Min: 0.0, Avg: 0.2, Max: 0.4, Diff: 0.4, Sum: 2.6]
      [Update RS (ms): Min: 0.1, Avg: 0.2, Max: 0.4, Diff: 0.3, Sum: 2.3]
         [Processed Buffers: Min: 0, Avg: 1.9, Max: 4, Diff: 4, Sum: 25]
      [Scan RS (ms): Min: 0.0, Avg: 0.0, Max: 0.1, Diff: 0.1, Sum: 0.5]
      [Code Root Scanning (ms): Min: 0.0, Avg: 0.0, Max: 0.0, Diff: 0.0, Sum: 0.1]
      [Object Copy (ms): Min: 22.7, Avg: 22.8, Max: 23.1, Diff: 0.4, Sum: 296.7]
      [Termination (ms): Min: 0.0, Avg: 0.3, Max: 0.5, Diff: 0.5, Sum: 4.5]
         [Termination Attempts: Min: 1, Avg: 1.3, Max: 2, Diff: 1, Sum: 17]
      [GC Worker Other (ms): Min: 0.0, Avg: 0.0, Max: 0.0, Diff: 0.0, Sum: 0.2]
      [GC Worker Total (ms): Min: 23.5, Avg: 23.6, Max: 23.9, Diff: 0.4, Sum: 306.8]
      [GC Worker End (ms): Min: 827.9, Avg: 827.9, Max: 828.1, Diff: 0.2]
   [Code Root Fixup: 0.0 ms]
   [Code Root Purge: 0.0 ms]
   [Clear CT: 0.3 ms]
   [Other: 2.6 ms]
      [Evacuation Failure: 1.3 ms]
      [Choose CSet: 0.0 ms]
      [Ref Proc: 0.3 ms]
      [Ref Enq: 0.0 ms]
      [Redirty Cards: 0.3 ms]
      [Humongous Register: 0.1 ms]
      [Humongous Reclaim: 0.3 ms]
      [Free CSet: 0.1 ms]
   [Eden: 471.0M(574.0M)->0.0B(100.0M) Survivors: 21.0M->71.0M Heap: 849.7M(1024.0M)->572.7M(1024.0M)]
 [Times: user=0.06 sys=0.19, real=0.03 secs] 
[GC concurrent-root-region-scan-start]
[GC concurrent-root-region-scan-end, 0.0002104 secs]
[GC concurrent-mark-start]
[GC concurrent-mark-end, 0.0027752 secs]
[GC remark [Finalize Marking, 0.0002988 secs] [GC ref-proc, 0.0000642 secs] [Unloading, 0.0004856 secs], 0.0013870 secs]
 [Times: user=0.01 sys=0.01, real=0.00 secs] 
[GC cleanup 589M->582M(1024M), 0.0009195 secs]
 [Times: user=0.00 sys=0.00, real=0.00 secs] 
[GC concurrent-cleanup-start]
[GC concurrent-cleanup-end, 0.0000097 secs]
[GC pause (G1 Evacuation Pause) (young), 0.0112417 secs]
   [Parallel Time: 10.1 ms, GC Workers: 13]
      [GC Worker Start (ms): Min: 855.0, Avg: 855.0, Max: 855.1, Diff: 0.2]
      [Ext Root Scanning (ms): Min: 0.0, Avg: 0.1, Max: 0.2, Diff: 0.2, Sum: 1.1]
      [Update RS (ms): Min: 0.1, Avg: 0.2, Max: 1.1, Diff: 1.0, Sum: 3.0]
         [Processed Buffers: Min: 0, Avg: 1.8, Max: 3, Diff: 3, Sum: 23]
      [Scan RS (ms): Min: 0.0, Avg: 0.0, Max: 0.0, Diff: 0.0, Sum: 0.1]
      [Code Root Scanning (ms): Min: 0.0, Avg: 0.0, Max: 0.0, Diff: 0.0, Sum: 0.0]
      [Object Copy (ms): Min: 8.5, Avg: 9.4, Max: 9.6, Diff: 1.0, Sum: 122.3]
      [Termination (ms): Min: 0.0, Avg: 0.1, Max: 0.2, Diff: 0.2, Sum: 1.4]
         [Termination Attempts: Min: 1, Avg: 1.0, Max: 1, Diff: 0, Sum: 13]
      [GC Worker Other (ms): Min: 0.0, Avg: 0.0, Max: 0.0, Diff: 0.0, Sum: 0.1]
      [GC Worker Total (ms): Min: 9.8, Avg: 9.9, Max: 10.0, Diff: 0.2, Sum: 128.1]
      [GC Worker End (ms): Min: 864.9, Avg: 864.9, Max: 865.0, Diff: 0.1]
   [Code Root Fixup: 0.0 ms]
   [Code Root Purge: 0.0 ms]
   [Clear CT: 0.2 ms]
   [Other: 1.0 ms]
      [Choose CSet: 0.0 ms]
      [Ref Proc: 0.4 ms]
      [Ref Enq: 0.0 ms]
      [Redirty Cards: 0.2 ms]
      [Humongous Register: 0.1 ms]
      [Humongous Reclaim: 0.1 ms]
      [Free CSet: 0.1 ms]
   [Eden: 100.0M(100.0M)->0.0B(29.0M) Survivors: 71.0M->22.0M Heap: 698.9M(1024.0M)->598.1M(1024.0M)]
 [Times: user=0.07 sys=0.04, real=0.01 secs] 
[GC pause (G1 Evacuation Pause) (mixed), 0.0051069 secs]
   [Parallel Time: 3.9 ms, GC Workers: 13]
      [GC Worker Start (ms): Min: 872.4, Avg: 872.6, Max: 872.7, Diff: 0.2]
      [Ext Root Scanning (ms): Min: 0.0, Avg: 0.1, Max: 0.2, Diff: 0.2, Sum: 0.9]
      [Update RS (ms): Min: 0.2, Avg: 0.2, Max: 0.4, Diff: 0.2, Sum: 3.1]
         [Processed Buffers: Min: 0, Avg: 2.0, Max: 3, Diff: 3, Sum: 26]
      [Scan RS (ms): Min: 0.0, Avg: 0.0, Max: 0.0, Diff: 0.0, Sum: 0.3]
      [Code Root Scanning (ms): Min: 0.0, Avg: 0.0, Max: 0.0, Diff: 0.0, Sum: 0.0]
      [Object Copy (ms): Min: 2.8, Avg: 2.9, Max: 3.1, Diff: 0.3, Sum: 37.7]
      [Termination (ms): Min: 0.0, Avg: 0.3, Max: 0.5, Diff: 0.5, Sum: 3.7]
         [Termination Attempts: Min: 1, Avg: 1.4, Max: 4, Diff: 3, Sum: 18]
      [GC Worker Other (ms): Min: 0.0, Avg: 0.0, Max: 0.0, Diff: 0.0, Sum: 0.1]
      [GC Worker Total (ms): Min: 3.3, Avg: 3.5, Max: 3.7, Diff: 0.4, Sum: 45.9]
      [GC Worker End (ms): Min: 876.0, Avg: 876.1, Max: 876.2, Diff: 0.2]
   [Code Root Fixup: 0.0 ms]
   [Code Root Purge: 0.0 ms]
   [Clear CT: 0.3 ms]
   [Other: 0.9 ms]
      [Choose CSet: 0.0 ms]
      [Ref Proc: 0.3 ms]
      [Ref Enq: 0.0 ms]
      [Redirty Cards: 0.3 ms]
      [Humongous Register: 0.1 ms]
      [Humongous Reclaim: 0.0 ms]
      [Free CSet: 0.1 ms]
   [Eden: 29.0M(29.0M)->0.0B(44.0M) Survivors: 22.0M->7168.0K Heap: 633.9M(1024.0M)->506.7M(1024.0M)]
 [Times: user=0.03 sys=0.02, real=0.01 secs] 
[GC pause (G1 Evacuation Pause) (mixed), 0.0055054 secs]
   [Parallel Time: 4.3 ms, GC Workers: 13]
      [GC Worker Start (ms): Min: 887.5, Avg: 887.6, Max: 887.7, Diff: 0.1]
      [Ext Root Scanning (ms): Min: 0.0, Avg: 0.1, Max: 0.2, Diff: 0.1, Sum: 1.4]
      [Update RS (ms): Min: 0.2, Avg: 0.3, Max: 0.3, Diff: 0.1, Sum: 3.4]
         [Processed Buffers: Min: 0, Avg: 2.2, Max: 3, Diff: 3, Sum: 29]
      [Scan RS (ms): Min: 0.0, Avg: 0.0, Max: 0.1, Diff: 0.1, Sum: 0.5]
      [Code Root Scanning (ms): Min: 0.0, Avg: 0.0, Max: 0.0, Diff: 0.0, Sum: 0.0]
      [Object Copy (ms): Min: 3.5, Avg: 3.6, Max: 3.7, Diff: 0.2, Sum: 46.3]
      [Termination (ms): Min: 0.0, Avg: 0.2, Max: 0.3, Diff: 0.3, Sum: 2.2]
         [Termination Attempts: Min: 1, Avg: 1.0, Max: 1, Diff: 0, Sum: 13]
      [GC Worker Other (ms): Min: 0.0, Avg: 0.0, Max: 0.0, Diff: 0.0, Sum: 0.1]
      [GC Worker Total (ms): Min: 4.1, Avg: 4.1, Max: 4.2, Diff: 0.2, Sum: 53.9]
      [GC Worker End (ms): Min: 891.7, Avg: 891.7, Max: 891.8, Diff: 0.1]
   [Code Root Fixup: 0.0 ms]
   [Code Root Purge: 0.0 ms]
   [Clear CT: 0.2 ms]
   [Other: 0.9 ms]
      [Choose CSet: 0.0 ms]
      [Ref Proc: 0.4 ms]
      [Ref Enq: 0.0 ms]
      [Redirty Cards: 0.2 ms]
      [Humongous Register: 0.1 ms]
      [Humongous Reclaim: 0.0 ms]
      [Free CSet: 0.1 ms]
   [Eden: 44.0M(44.0M)->0.0B(44.0M) Survivors: 7168.0K->7168.0K Heap: 566.2M(1024.0M)->436.1M(1024.0M)]
 [Times: user=0.03 sys=0.02, real=0.00 secs] 
[GC pause (G1 Evacuation Pause) (mixed), 0.0061509 secs]
   [Parallel Time: 4.9 ms, GC Workers: 13]
      [GC Worker Start (ms): Min: 901.6, Avg: 901.7, Max: 901.8, Diff: 0.2]
      [Ext Root Scanning (ms): Min: 0.0, Avg: 0.1, Max: 0.2, Diff: 0.2, Sum: 1.3]
      [Update RS (ms): Min: 0.2, Avg: 0.3, Max: 0.3, Diff: 0.1, Sum: 3.6]
         [Processed Buffers: Min: 2, Avg: 2.5, Max: 3, Diff: 1, Sum: 33]
      [Scan RS (ms): Min: 0.0, Avg: 0.1, Max: 0.2, Diff: 0.2, Sum: 0.7]
      [Code Root Scanning (ms): Min: 0.0, Avg: 0.0, Max: 0.1, Diff: 0.1, Sum: 0.1]
      [Object Copy (ms): Min: 3.8, Avg: 4.0, Max: 4.1, Diff: 0.3, Sum: 51.6]
      [Termination (ms): Min: 0.0, Avg: 0.3, Max: 0.5, Diff: 0.5, Sum: 3.7]
         [Termination Attempts: Min: 1, Avg: 1.0, Max: 1, Diff: 0, Sum: 13]
      [GC Worker Other (ms): Min: 0.0, Avg: 0.0, Max: 0.0, Diff: 0.0, Sum: 0.1]
      [GC Worker Total (ms): Min: 4.5, Avg: 4.7, Max: 4.8, Diff: 0.3, Sum: 61.0]
      [GC Worker End (ms): Min: 906.3, Avg: 906.4, Max: 906.5, Diff: 0.2]
   [Code Root Fixup: 0.0 ms]
   [Code Root Purge: 0.0 ms]
   [Clear CT: 0.2 ms]
   [Other: 1.0 ms]
      [Choose CSet: 0.0 ms]
      [Ref Proc: 0.5 ms]
      [Ref Enq: 0.0 ms]
      [Redirty Cards: 0.2 ms]
      [Humongous Register: 0.1 ms]
      [Humongous Reclaim: 0.0 ms]
      [Free CSet: 0.1 ms]
   [Eden: 44.0M(44.0M)->0.0B(383.0M) Survivors: 7168.0K->7168.0K Heap: 488.3M(1024.0M)->383.8M(1024.0M)]
 [Times: user=0.05 sys=0.01, real=0.01 secs] 
[GC pause (G1 Humongous Allocation) (young) (initial-mark), 0.0042838 secs]
   [Parallel Time: 3.2 ms, GC Workers: 13]
      [GC Worker Start (ms): Min: 924.7, Avg: 924.8, Max: 924.9, Diff: 0.2]
      [Ext Root Scanning (ms): Min: 0.0, Avg: 0.1, Max: 0.2, Diff: 0.2, Sum: 1.2]
      [Update RS (ms): Min: 0.3, Avg: 0.3, Max: 0.5, Diff: 0.2, Sum: 4.3]
         [Processed Buffers: Min: 2, Avg: 2.8, Max: 3, Diff: 1, Sum: 36]
      [Scan RS (ms): Min: 0.0, Avg: 0.0, Max: 0.0, Diff: 0.0, Sum: 0.1]
      [Code Root Scanning (ms): Min: 0.0, Avg: 0.0, Max: 0.0, Diff: 0.0, Sum: 0.0]
      [Object Copy (ms): Min: 2.3, Avg: 2.4, Max: 2.5, Diff: 0.3, Sum: 31.6]
      [Termination (ms): Min: 0.0, Avg: 0.1, Max: 0.2, Diff: 0.2, Sum: 1.5]
         [Termination Attempts: Min: 1, Avg: 1.0, Max: 1, Diff: 0, Sum: 13]
      [GC Worker Other (ms): Min: 0.0, Avg: 0.0, Max: 0.0, Diff: 0.0, Sum: 0.2]
      [GC Worker Total (ms): Min: 2.9, Avg: 3.0, Max: 3.1, Diff: 0.2, Sum: 38.9]
      [GC Worker End (ms): Min: 927.8, Avg: 927.8, Max: 927.9, Diff: 0.1]
   [Code Root Fixup: 0.0 ms]
   [Code Root Purge: 0.0 ms]
   [Clear CT: 0.2 ms]
   [Other: 0.8 ms]
      [Choose CSet: 0.0 ms]
      [Ref Proc: 0.3 ms]
      [Ref Enq: 0.0 ms]
      [Redirty Cards: 0.2 ms]
      [Humongous Register: 0.1 ms]
      [Humongous Reclaim: 0.1 ms]
      [Free CSet: 0.1 ms]
   [Eden: 85.0M(383.0M)->0.0B(328.0M) Survivors: 7168.0K->34.0M Heap: 490.8M(1024.0M)->415.8M(1024.0M)]
 [Times: user=0.04 sys=0.00, real=0.01 secs] 
[GC concurrent-root-region-scan-start]
[GC concurrent-root-region-scan-end, 0.0000930 secs]
[GC concurrent-mark-start]
[GC concurrent-mark-end, 0.0014258 secs]
[GC remark [Finalize Marking, 0.0003505 secs] [GC ref-proc, 0.0000631 secs] [Unloading, 0.0006013 secs], 0.0015346 secs]
 [Times: user=0.00 sys=0.00, real=0.00 secs] 
[GC cleanup 425M->414M(1024M), 0.0009871 secs]
 [Times: user=0.00 sys=0.00, real=0.00 secs] 
[GC concurrent-cleanup-start]
[GC concurrent-cleanup-end, 0.0000115 secs]
[GC pause (G1 Evacuation Pause) (young) (to-space exhausted), 0.0109663 secs]
   [Parallel Time: 8.6 ms, GC Workers: 13]
      [GC Worker Start (ms): Min: 1012.2, Avg: 1012.2, Max: 1012.3, Diff: 0.2]
      [Ext Root Scanning (ms): Min: 0.0, Avg: 0.1, Max: 0.2, Diff: 0.2, Sum: 1.1]
      [Update RS (ms): Min: 0.2, Avg: 0.3, Max: 0.4, Diff: 0.2, Sum: 4.1]
         [Processed Buffers: Min: 0, Avg: 2.9, Max: 5, Diff: 5, Sum: 38]
      [Scan RS (ms): Min: 0.0, Avg: 0.0, Max: 0.1, Diff: 0.1, Sum: 0.4]
      [Code Root Scanning (ms): Min: 0.0, Avg: 0.0, Max: 0.0, Diff: 0.0, Sum: 0.0]
      [Object Copy (ms): Min: 7.8, Avg: 7.9, Max: 8.0, Diff: 0.1, Sum: 103.0]
      [Termination (ms): Min: 0.0, Avg: 0.0, Max: 0.1, Diff: 0.1, Sum: 0.6]
         [Termination Attempts: Min: 1, Avg: 1.2, Max: 2, Diff: 1, Sum: 15]
      [GC Worker Other (ms): Min: 0.0, Avg: 0.0, Max: 0.1, Diff: 0.0, Sum: 0.3]
      [GC Worker Total (ms): Min: 8.3, Avg: 8.4, Max: 8.5, Diff: 0.2, Sum: 109.5]
      [GC Worker End (ms): Min: 1020.6, Avg: 1020.7, Max: 1020.7, Diff: 0.0]
   [Code Root Fixup: 0.0 ms]
   [Code Root Purge: 0.0 ms]
   [Clear CT: 0.3 ms]
   [Other: 2.1 ms]
      [Evacuation Failure: 0.5 ms]
      [Choose CSet: 0.0 ms]
      [Ref Proc: 0.3 ms]
      [Ref Enq: 0.0 ms]
      [Redirty Cards: 0.3 ms]
      [Humongous Register: 0.1 ms]
      [Humongous Reclaim: 0.5 ms]
      [Free CSet: 0.3 ms]
   [Eden: 328.0M(328.0M)->0.0B(5120.0K) Survivors: 34.0M->46.0M Heap: 829.0M(1024.0M)->572.5M(1024.0M)]
 [Times: user=0.09 sys=0.01, real=0.01 secs] 
[GC pause (G1 Evacuation Pause) (mixed), 0.0152393 secs]
   [Parallel Time: 13.5 ms, GC Workers: 13]
      [GC Worker Start (ms): Min: 1025.4, Avg: 1025.6, Max: 1025.7, Diff: 0.3]
      [Ext Root Scanning (ms): Min: 0.0, Avg: 0.1, Max: 0.3, Diff: 0.3, Sum: 1.8]
      [Update RS (ms): Min: 0.3, Avg: 0.4, Max: 0.4, Diff: 0.1, Sum: 5.0]
         [Processed Buffers: Min: 2, Avg: 2.8, Max: 5, Diff: 3, Sum: 37]
      [Scan RS (ms): Min: 0.0, Avg: 0.1, Max: 0.3, Diff: 0.3, Sum: 1.3]
      [Code Root Scanning (ms): Min: 0.0, Avg: 0.0, Max: 0.0, Diff: 0.0, Sum: 0.0]
      [Object Copy (ms): Min: 11.5, Avg: 11.7, Max: 12.5, Diff: 1.0, Sum: 151.8]
      [Termination (ms): Min: 0.0, Avg: 0.8, Max: 1.0, Diff: 1.0, Sum: 10.9]
         [Termination Attempts: Min: 1, Avg: 1.0, Max: 1, Diff: 0, Sum: 13]
      [GC Worker Other (ms): Min: 0.0, Avg: 0.0, Max: 0.1, Diff: 0.0, Sum: 0.4]
      [GC Worker Total (ms): Min: 13.1, Avg: 13.2, Max: 13.3, Diff: 0.2, Sum: 171.2]
      [GC Worker End (ms): Min: 1038.7, Avg: 1038.7, Max: 1038.8, Diff: 0.1]
   [Code Root Fixup: 0.0 ms]
   [Code Root Purge: 0.0 ms]
   [Clear CT: 0.3 ms]
   [Other: 1.4 ms]
      [Choose CSet: 0.0 ms]
      [Ref Proc: 0.7 ms]
      [Ref Enq: 0.0 ms]
      [Redirty Cards: 0.3 ms]
      [Humongous Register: 0.1 ms]
      [Humongous Reclaim: 0.0 ms]
      [Free CSet: 0.1 ms]
   [Eden: 5120.0K(5120.0K)->0.0B(257.0M) Survivors: 46.0M->2048.0K Heap: 580.2M(1024.0M)->518.4M(1024.0M)]
 [Times: user=0.10 sys=0.04, real=0.02 secs] 
[GC pause (G1 Humongous Allocation) (young) (initial-mark), 0.0024473 secs]
   [Parallel Time: 1.0 ms, GC Workers: 13]
      [GC Worker Start (ms): Min: 1041.2, Avg: 1041.4, Max: 1041.6, Diff: 0.4]
      [Ext Root Scanning (ms): Min: 0.0, Avg: 0.3, Max: 0.5, Diff: 0.5, Sum: 3.5]
      [Update RS (ms): Min: 0.0, Avg: 0.1, Max: 0.3, Diff: 0.3, Sum: 1.6]
         [Processed Buffers: Min: 0, Avg: 1.1, Max: 3, Diff: 3, Sum: 14]
      [Scan RS (ms): Min: 0.0, Avg: 0.0, Max: 0.0, Diff: 0.0, Sum: 0.0]
      [Code Root Scanning (ms): Min: 0.0, Avg: 0.0, Max: 0.0, Diff: 0.0, Sum: 0.0]
      [Object Copy (ms): Min: 0.0, Avg: 0.2, Max: 0.4, Diff: 0.4, Sum: 2.0]
      [Termination (ms): Min: 0.0, Avg: 0.2, Max: 0.3, Diff: 0.3, Sum: 2.3]
         [Termination Attempts: Min: 1, Avg: 1.7, Max: 2, Diff: 1, Sum: 22]
      [GC Worker Other (ms): Min: 0.0, Avg: 0.0, Max: 0.0, Diff: 0.0, Sum: 0.2]
      [GC Worker Total (ms): Min: 0.6, Avg: 0.7, Max: 0.9, Diff: 0.4, Sum: 9.5]
      [GC Worker End (ms): Min: 1042.1, Avg: 1042.1, Max: 1042.2, Diff: 0.1]
   [Code Root Fixup: 0.0 ms]
   [Code Root Purge: 0.0 ms]
   [Clear CT: 0.3 ms]
   [Other: 1.1 ms]
      [Choose CSet: 0.0 ms]
      [Ref Proc: 0.3 ms]
      [Ref Enq: 0.0 ms]
      [Redirty Cards: 0.2 ms]
      [Humongous Register: 0.2 ms]
      [Humongous Reclaim: 0.1 ms]
      [Free CSet: 0.1 ms]
   [Eden: 1024.0K(257.0M)->0.0B(255.0M) Survivors: 2048.0K->2048.0K Heap: 519.1M(1024.0M)->518.7M(1024.0M)]
 [Times: user=0.01 sys=0.00, real=0.00 secs] 
[GC concurrent-root-region-scan-start]
[GC concurrent-root-region-scan-end, 0.0002720 secs]
[GC concurrent-mark-start]
[GC concurrent-mark-end, 0.0032920 secs]
[GC remark [Finalize Marking, 0.0013618 secs] [GC ref-proc, 0.0000866 secs] [Unloading, 0.0012310 secs], 0.0048973 secs]
 [Times: user=0.02 sys=0.00, real=0.01 secs] 
[GC cleanup 526M->519M(1024M), 0.0026905 secs]
 [Times: user=0.01 sys=0.01, real=0.00 secs] 
[GC concurrent-cleanup-start]
[GC concurrent-cleanup-end, 0.0000293 secs]
执行结束!共生成对象次数:8945
Heap
 garbage-first heap   total 1048576K, used 700125K [0x0000000780000000, 0x0000000780102000, 0x00000007c0000000)
  region size 1024K, 146 young (149504K), 2 survivors (2048K)
 Metaspace       used 2731K, capacity 4486K, committed 4864K, reserved 1056768K
  class space    used 296K, capacity 386K, committed 512K, reserved 1048576K

Process finished with exit code 0`