```[GC pause (G1 Evacuation Pause) (young), 0.0040766 secs]
   [Parallel Time: 3.2 ms, GC Workers: 13]
      [GC Worker Start (ms): Min: 145.3, Avg: 145.4, Max: 145.5, Diff: 0.2]
      [Ext Root Scanning (ms): Min: 0.0, Avg: 0.2, Max: 0.5, Diff: 0.5, Sum: 2.3]
      [Update RS (ms): Min: 0.0, Avg: 0.0, Max: 0.0, Diff: 0.0, Sum: 0.0]
         [Processed Buffers: Min: 0, Avg: 0.0, Max: 0, Diff: 0, Sum: 0]
      [Scan RS (ms): Min: 0.0, Avg: 0.0, Max: 0.0, Diff: 0.0, Sum: 0.0]
      [Code Root Scanning (ms): Min: 0.0, Avg: 0.0, Max: 0.1, Diff: 0.1, Sum: 0.1]
      [Object Copy (ms): Min: 1.8, Avg: 2.2, Max: 2.6, Diff: 0.8, Sum: 29.2]
      [Termination (ms): Min: 0.0, Avg: 0.4, Max: 0.7, Diff: 0.7, Sum: 4.7]
         [Termination Attempts: Min: 1, Avg: 1.0, Max: 1, Diff: 0, Sum: 13]
      [GC Worker Other (ms): Min: 0.0, Avg: 0.0, Max: 0.1, Diff: 0.1, Sum: 0.4]
      [GC Worker Total (ms): Min: 2.7, Avg: 2.8, Max: 3.0, Diff: 0.3, Sum: 36.6]
      [GC Worker End (ms): Min: 148.2, Avg: 148.3, Max: 148.4, Diff: 0.2]
   [Code Root Fixup: 0.0 ms]
   [Code Root Purge: 0.0 ms]
   [Clear CT: 0.1 ms]
   [Other: 0.7 ms]
      [Choose CSet: 0.0 ms]
      [Ref Proc: 0.4 ms]
      [Ref Enq: 0.0 ms]
      [Redirty Cards: 0.2 ms]
      [Humongous Register: 0.0 ms]
      [Humongous Reclaim: 0.0 ms]
      [Free CSet: 0.0 ms]
   [Eden: 24.0M(24.0M)->0.0B(26.0M) Survivors: 0.0B->3072.0K Heap: 33.0M(300.0M)->12.4M(300.0M)]
 [Times: user=0.01 sys=0.02, real=0.00 secs] 
[GC pause (G1 Evacuation Pause) (young), 0.0035974 secs]
   [Parallel Time: 2.8 ms, GC Workers: 13]
      [GC Worker Start (ms): Min: 161.8, Avg: 161.9, Max: 162.1, Diff: 0.3]
      [Ext Root Scanning (ms): Min: 0.0, Avg: 0.1, Max: 0.2, Diff: 0.2, Sum: 1.2]
      [Update RS (ms): Min: 0.0, Avg: 0.0, Max: 0.0, Diff: 0.0, Sum: 0.0]
         [Processed Buffers: Min: 0, Avg: 0.1, Max: 1, Diff: 1, Sum: 1]
      [Scan RS (ms): Min: 0.0, Avg: 0.0, Max: 0.0, Diff: 0.0, Sum: 0.0]
      [Code Root Scanning (ms): Min: 0.0, Avg: 0.0, Max: 0.1, Diff: 0.1, Sum: 0.1]
      [Object Copy (ms): Min: 2.0, Avg: 2.2, Max: 2.3, Diff: 0.3, Sum: 28.5]
      [Termination (ms): Min: 0.0, Avg: 0.2, Max: 0.5, Diff: 0.5, Sum: 2.9]
         [Termination Attempts: Min: 1, Avg: 1.0, Max: 1, Diff: 0, Sum: 13]
      [GC Worker Other (ms): Min: 0.0, Avg: 0.0, Max: 0.0, Diff: 0.0, Sum: 0.1]
      [GC Worker Total (ms): Min: 2.3, Avg: 2.5, Max: 2.7, Diff: 0.4, Sum: 32.9]
      [GC Worker End (ms): Min: 164.4, Avg: 164.5, Max: 164.5, Diff: 0.1]
   [Code Root Fixup: 0.0 ms]
   [Code Root Purge: 0.0 ms]
   [Clear CT: 0.2 ms]
   [Other: 0.7 ms]
      [Choose CSet: 0.0 ms]
      [Ref Proc: 0.4 ms]
      [Ref Enq: 0.0 ms]
      [Redirty Cards: 0.2 ms]
      [Humongous Register: 0.0 ms]
      [Humongous Reclaim: 0.0 ms]
      [Free CSet: 0.0 ms]
   [Eden: 26.0M(26.0M)->0.0B(44.0M) Survivors: 3072.0K->4096.0K Heap: 44.4M(300.0M)->22.2M(300.0M)]
 [Times: user=0.01 sys=0.02, real=0.01 secs] 
[GC pause (G1 Evacuation Pause) (young), 0.0116342 secs]
   [Parallel Time: 10.2 ms, GC Workers: 13]
      [GC Worker Start (ms): Min: 201.8, Avg: 202.1, Max: 202.2, Diff: 0.4]
      [Ext Root Scanning (ms): Min: 0.0, Avg: 0.2, Max: 0.4, Diff: 0.4, Sum: 2.1]
      [Update RS (ms): Min: 0.0, Avg: 0.2, Max: 0.5, Diff: 0.5, Sum: 2.1]
         [Processed Buffers: Min: 0, Avg: 1.2, Max: 3, Diff: 3, Sum: 16]
      [Scan RS (ms): Min: 0.0, Avg: 0.0, Max: 0.0, Diff: 0.0, Sum: 0.2]
      [Code Root Scanning (ms): Min: 0.0, Avg: 0.0, Max: 0.0, Diff: 0.0, Sum: 0.0]
      [Object Copy (ms): Min: 8.5, Avg: 8.9, Max: 9.4, Diff: 0.9, Sum: 115.8]
      [Termination (ms): Min: 0.0, Avg: 0.5, Max: 0.8, Diff: 0.8, Sum: 5.9]
         [Termination Attempts: Min: 1, Avg: 1.0, Max: 1, Diff: 0, Sum: 13]
      [GC Worker Other (ms): Min: 0.0, Avg: 0.0, Max: 0.0, Diff: 0.0, Sum: 0.3]
      [GC Worker Total (ms): Min: 9.5, Avg: 9.7, Max: 9.9, Diff: 0.5, Sum: 126.4]
      [GC Worker End (ms): Min: 211.7, Avg: 211.8, Max: 211.9, Diff: 0.2]
   [Code Root Fixup: 0.0 ms]
   [Code Root Purge: 0.0 ms]
   [Clear CT: 0.3 ms]
   [Other: 1.1 ms]
      [Choose CSet: 0.0 ms]
      [Ref Proc: 0.3 ms]
      [Ref Enq: 0.0 ms]
      [Redirty Cards: 0.3 ms]
      [Humongous Register: 0.1 ms]
      [Humongous Reclaim: 0.1 ms]
      [Free CSet: 0.1 ms]
   [Eden: 44.0M(44.0M)->0.0B(53.0M) Survivors: 4096.0K->6144.0K Heap: 78.3M(300.0M)->42.9M(300.0M)]
 [Times: user=0.03 sys=0.07, real=0.01 secs] 
[GC pause (G1 Evacuation Pause) (young), 0.0065096 secs]
   [Parallel Time: 5.7 ms, GC Workers: 13]
      [GC Worker Start (ms): Min: 232.7, Avg: 232.9, Max: 232.9, Diff: 0.2]
      [Ext Root Scanning (ms): Min: 0.0, Avg: 0.1, Max: 0.2, Diff: 0.2, Sum: 1.0]
      [Update RS (ms): Min: 0.1, Avg: 0.2, Max: 0.2, Diff: 0.1, Sum: 2.0]
         [Processed Buffers: Min: 1, Avg: 1.6, Max: 2, Diff: 1, Sum: 21]
      [Scan RS (ms): Min: 0.0, Avg: 0.0, Max: 0.0, Diff: 0.0, Sum: 0.1]
      [Code Root Scanning (ms): Min: 0.0, Avg: 0.0, Max: 0.0, Diff: 0.0, Sum: 0.0]
      [Object Copy (ms): Min: 4.7, Avg: 4.8, Max: 5.0, Diff: 0.4, Sum: 62.7]
      [Termination (ms): Min: 0.0, Avg: 0.3, Max: 0.5, Diff: 0.5, Sum: 4.3]
         [Termination Attempts: Min: 1, Avg: 1.0, Max: 1, Diff: 0, Sum: 13]
      [GC Worker Other (ms): Min: 0.0, Avg: 0.0, Max: 0.0, Diff: 0.0, Sum: 0.1]
      [GC Worker Total (ms): Min: 5.3, Avg: 5.4, Max: 5.6, Diff: 0.3, Sum: 70.2]
      [GC Worker End (ms): Min: 238.2, Avg: 238.3, Max: 238.4, Diff: 0.2]
   [Code Root Fixup: 0.0 ms]
   [Code Root Purge: 0.0 ms]
   [Clear CT: 0.2 ms]
   [Other: 0.7 ms]
      [Choose CSet: 0.0 ms]
      [Ref Proc: 0.3 ms]
      [Ref Enq: 0.0 ms]
      [Redirty Cards: 0.2 ms]
      [Humongous Register: 0.0 ms]
      [Humongous Reclaim: 0.0 ms]
      [Free CSet: 0.0 ms]
   [Eden: 53.0M(53.0M)->0.0B(172.0M) Survivors: 6144.0K->8192.0K Heap: 108.9M(300.0M)->59.9M(300.0M)]
 [Times: user=0.02 sys=0.04, real=0.01 secs] 
[GC pause (G1 Humongous Allocation) (young) (initial-mark) (to-space exhausted), 0.0048201 secs]
   [Parallel Time: 1.8 ms, GC Workers: 13]
      [GC Worker Start (ms): Min: 318.0, Avg: 318.1, Max: 318.2, Diff: 0.2]
      [Ext Root Scanning (ms): Min: 0.0, Avg: 0.2, Max: 0.3, Diff: 0.3, Sum: 2.2]
      [Update RS (ms): Min: 0.0, Avg: 0.1, Max: 0.2, Diff: 0.2, Sum: 1.9]
         [Processed Buffers: Min: 0, Avg: 1.7, Max: 2, Diff: 2, Sum: 22]
      [Scan RS (ms): Min: 0.0, Avg: 0.0, Max: 0.0, Diff: 0.0, Sum: 0.2]
      [Code Root Scanning (ms): Min: 0.0, Avg: 0.0, Max: 0.0, Diff: 0.0, Sum: 0.0]
      [Object Copy (ms): Min: 1.1, Avg: 1.2, Max: 1.2, Diff: 0.1, Sum: 15.2]
      [Termination (ms): Min: 0.0, Avg: 0.0, Max: 0.0, Diff: 0.0, Sum: 0.4]
         [Termination Attempts: Min: 1, Avg: 1.3, Max: 3, Diff: 2, Sum: 17]
      [GC Worker Other (ms): Min: 0.0, Avg: 0.0, Max: 0.0, Diff: 0.0, Sum: 0.2]
      [GC Worker Total (ms): Min: 1.4, Avg: 1.5, Max: 1.6, Diff: 0.2, Sum: 20.1]
      [GC Worker End (ms): Min: 319.6, Avg: 319.6, Max: 319.6, Diff: 0.0]
   [Code Root Fixup: 0.0 ms]
   [Code Root Purge: 0.0 ms]
   [Clear CT: 0.3 ms]
   [Other: 2.6 ms]
      [Evacuation Failure: 1.7 ms]
      [Choose CSet: 0.0 ms]
      [Ref Proc: 0.4 ms]
      [Ref Enq: 0.0 ms]
      [Redirty Cards: 0.2 ms]
      [Humongous Register: 0.0 ms]
      [Humongous Reclaim: 0.1 ms]
      [Free CSet: 0.0 ms]
   [Eden: 154.0M(172.0M)->0.0B(25.0M) Survivors: 8192.0K->3072.0K Heap: 259.6M(300.0M)->217.2M(300.0M)]
 [Times: user=0.01 sys=0.02, real=0.00 secs] 
[GC concurrent-root-region-scan-start]
[GC concurrent-root-region-scan-end, 0.0001148 secs]
[GC concurrent-mark-start]
[GC concurrent-mark-end, 0.0021232 secs]
[GC remark [Finalize Marking, 0.0006946 secs] [GC ref-proc, 0.0000789 secs] [Unloading, 0.0008731 secs], 0.0021931 secs]
 [Times: user=0.01 sys=0.00, real=0.00 secs] 
[GC cleanup 223M->223M(300M), 0.0013079 secs]
 [Times: user=0.00 sys=0.00, real=0.00 secs] 
[GC pause (G1 Evacuation Pause) (young), 0.0058682 secs]
   [Parallel Time: 3.4 ms, GC Workers: 13]
      [GC Worker Start (ms): Min: 338.9, Avg: 339.0, Max: 339.1, Diff: 0.2]
      [Ext Root Scanning (ms): Min: 0.0, Avg: 0.1, Max: 0.2, Diff: 0.2, Sum: 1.0]
      [Update RS (ms): Min: 0.2, Avg: 0.2, Max: 0.3, Diff: 0.1, Sum: 3.1]
         [Processed Buffers: Min: 0, Avg: 1.8, Max: 2, Diff: 2, Sum: 23]
      [Scan RS (ms): Min: 0.0, Avg: 0.0, Max: 0.0, Diff: 0.0, Sum: 0.1]
      [Code Root Scanning (ms): Min: 0.0, Avg: 0.0, Max: 0.0, Diff: 0.0, Sum: 0.0]
      [Object Copy (ms): Min: 1.9, Avg: 2.2, Max: 2.5, Diff: 0.6, Sum: 28.4]
      [Termination (ms): Min: 0.0, Avg: 0.4, Max: 0.7, Diff: 0.7, Sum: 5.3]
         [Termination Attempts: Min: 1, Avg: 1.1, Max: 2, Diff: 1, Sum: 14]
      [GC Worker Other (ms): Min: 0.0, Avg: 0.0, Max: 0.0, Diff: 0.0, Sum: 0.3]
      [GC Worker Total (ms): Min: 2.8, Avg: 2.9, Max: 3.0, Diff: 0.2, Sum: 38.1]
      [GC Worker End (ms): Min: 341.8, Avg: 341.9, Max: 342.0, Diff: 0.2]
   [Code Root Fixup: 0.0 ms]
   [Code Root Purge: 0.0 ms]
   [Clear CT: 0.3 ms]
   [Other: 2.1 ms]
      [Choose CSet: 0.0 ms]
      [Ref Proc: 1.4 ms]
      [Ref Enq: 0.0 ms]
      [Redirty Cards: 0.3 ms]
      [Humongous Register: 0.0 ms]
      [Humongous Reclaim: 0.1 ms]
      [Free CSet: 0.1 ms]
   [Eden: 25.0M(25.0M)->0.0B(11.0M) Survivors: 3072.0K->4096.0K Heap: 248.4M(300.0M)->227.7M(300.0M)]
 [Times: user=0.03 sys=0.01, real=0.01 secs] 
[GC pause (G1 Evacuation Pause) (mixed), 0.0033781 secs]
   [Parallel Time: 2.1 ms, GC Workers: 13]
      [GC Worker Start (ms): Min: 350.1, Avg: 350.2, Max: 350.3, Diff: 0.2]
      [Ext Root Scanning (ms): Min: 0.1, Avg: 0.2, Max: 0.3, Diff: 0.2, Sum: 2.2]
      [Update RS (ms): Min: 0.1, Avg: 0.2, Max: 0.2, Diff: 0.1, Sum: 2.1]
         [Processed Buffers: Min: 1, Avg: 1.9, Max: 3, Diff: 2, Sum: 25]
      [Scan RS (ms): Min: 0.0, Avg: 0.0, Max: 0.0, Diff: 0.0, Sum: 0.1]
      [Code Root Scanning (ms): Min: 0.0, Avg: 0.0, Max: 0.0, Diff: 0.0, Sum: 0.0]
      [Object Copy (ms): Min: 1.0, Avg: 1.2, Max: 1.4, Diff: 0.4, Sum: 15.3]
      [Termination (ms): Min: 0.0, Avg: 0.3, Max: 0.5, Diff: 0.5, Sum: 4.3]
         [Termination Attempts: Min: 1, Avg: 1.0, Max: 1, Diff: 0, Sum: 13]
      [GC Worker Other (ms): Min: 0.0, Avg: 0.0, Max: 0.0, Diff: 0.0, Sum: 0.2]
      [GC Worker Total (ms): Min: 1.7, Avg: 1.9, Max: 2.0, Diff: 0.3, Sum: 24.3]
      [GC Worker End (ms): Min: 352.0, Avg: 352.1, Max: 352.2, Diff: 0.2]
   [Code Root Fixup: 0.0 ms]
   [Code Root Purge: 0.0 ms]
   [Clear CT: 0.3 ms]
   [Other: 0.9 ms]
      [Choose CSet: 0.0 ms]
      [Ref Proc: 0.3 ms]
      [Ref Enq: 0.0 ms]
      [Redirty Cards: 0.2 ms]
      [Humongous Register: 0.1 ms]
      [Humongous Reclaim: 0.0 ms]
      [Free CSet: 0.1 ms]
   [Eden: 11.0M(11.0M)->0.0B(13.0M) Survivors: 4096.0K->2048.0K Heap: 240.1M(300.0M)->202.9M(300.0M)]
 [Times: user=0.02 sys=0.00, real=0.00 secs] 
[GC pause (G1 Evacuation Pause) (mixed), 0.0049531 secs]
   [Parallel Time: 3.7 ms, GC Workers: 13]
      [GC Worker Start (ms): Min: 359.8, Avg: 359.9, Max: 360.1, Diff: 0.3]
      [Ext Root Scanning (ms): Min: 0.0, Avg: 0.2, Max: 0.3, Diff: 0.3, Sum: 2.3]
      [Update RS (ms): Min: 0.2, Avg: 0.3, Max: 1.3, Diff: 1.1, Sum: 3.8]
         [Processed Buffers: Min: 0, Avg: 1.5, Max: 2, Diff: 2, Sum: 20]
      [Scan RS (ms): Min: 0.0, Avg: 0.0, Max: 0.0, Diff: 0.0, Sum: 0.2]
      [Code Root Scanning (ms): Min: 0.0, Avg: 0.0, Max: 0.0, Diff: 0.0, Sum: 0.0]
      [Object Copy (ms): Min: 1.4, Avg: 2.4, Max: 2.9, Diff: 1.5, Sum: 31.7]
      [Termination (ms): Min: 0.0, Avg: 0.4, Max: 0.5, Diff: 0.5, Sum: 5.3]
         [Termination Attempts: Min: 1, Avg: 1.0, Max: 1, Diff: 0, Sum: 13]
      [GC Worker Other (ms): Min: 0.0, Avg: 0.0, Max: 0.0, Diff: 0.0, Sum: 0.3]
      [GC Worker Total (ms): Min: 3.1, Avg: 3.4, Max: 3.5, Diff: 0.4, Sum: 43.6]
      [GC Worker End (ms): Min: 363.2, Avg: 363.3, Max: 363.4, Diff: 0.2]
   [Code Root Fixup: 0.0 ms]
   [Code Root Purge: 0.0 ms]
   [Clear CT: 0.2 ms]
   [Other: 1.0 ms]
      [Choose CSet: 0.1 ms]
      [Ref Proc: 0.3 ms]
      [Ref Enq: 0.0 ms]
      [Redirty Cards: 0.3 ms]
      [Humongous Register: 0.2 ms]
      [Humongous Reclaim: 0.0 ms]
      [Free CSet: 0.0 ms]
   [Eden: 13.0M(13.0M)->0.0B(13.0M) Survivors: 2048.0K->2048.0K Heap: 220.4M(300.0M)->183.8M(300.0M)]
 [Times: user=0.03 sys=0.01, real=0.00 secs] 
[GC pause (G1 Evacuation Pause) (mixed), 0.0049391 secs]
   [Parallel Time: 3.6 ms, GC Workers: 13]
      [GC Worker Start (ms): Min: 371.5, Avg: 371.6, Max: 371.8, Diff: 0.3]
      [Ext Root Scanning (ms): Min: 0.0, Avg: 0.2, Max: 0.3, Diff: 0.3, Sum: 2.1]
      [Update RS (ms): Min: 0.2, Avg: 0.3, Max: 0.4, Diff: 0.2, Sum: 3.3]
         [Processed Buffers: Min: 0, Avg: 1.6, Max: 3, Diff: 3, Sum: 21]
      [Scan RS (ms): Min: 0.0, Avg: 0.0, Max: 0.0, Diff: 0.0, Sum: 0.2]
      [Code Root Scanning (ms): Min: 0.0, Avg: 0.0, Max: 0.0, Diff: 0.0, Sum: 0.0]
      [Object Copy (ms): Min: 2.7, Avg: 2.8, Max: 2.9, Diff: 0.2, Sum: 36.5]
      [Termination (ms): Min: 0.0, Avg: 0.1, Max: 0.3, Diff: 0.3, Sum: 1.7]
         [Termination Attempts: Min: 1, Avg: 1.0, Max: 1, Diff: 0, Sum: 13]
      [GC Worker Other (ms): Min: 0.0, Avg: 0.0, Max: 0.0, Diff: 0.0, Sum: 0.2]
      [GC Worker Total (ms): Min: 3.2, Avg: 3.4, Max: 3.6, Diff: 0.4, Sum: 43.9]
      [GC Worker End (ms): Min: 375.0, Avg: 375.0, Max: 375.1, Diff: 0.1]
   [Code Root Fixup: 0.0 ms]
   [Code Root Purge: 0.0 ms]
   [Clear CT: 0.2 ms]
   [Other: 1.1 ms]
      [Choose CSet: 0.0 ms]
      [Ref Proc: 0.5 ms]
      [Ref Enq: 0.0 ms]
      [Redirty Cards: 0.3 ms]
      [Humongous Register: 0.0 ms]
      [Humongous Reclaim: 0.0 ms]
      [Free CSet: 0.1 ms]
   [Eden: 13.0M(13.0M)->0.0B(13.0M) Survivors: 2048.0K->2048.0K Heap: 199.2M(300.0M)->167.1M(300.0M)]
 [Times: user=0.04 sys=0.00, real=0.01 secs] 
[GC pause (G1 Evacuation Pause) (mixed), 0.0092539 secs]
   [Parallel Time: 7.9 ms, GC Workers: 13]
      [GC Worker Start (ms): Min: 381.7, Avg: 381.9, Max: 382.1, Diff: 0.5]
      [Ext Root Scanning (ms): Min: 0.0, Avg: 0.2, Max: 0.4, Diff: 0.4, Sum: 2.4]
      [Update RS (ms): Min: 0.1, Avg: 0.2, Max: 0.3, Diff: 0.2, Sum: 3.2]
         [Processed Buffers: Min: 0, Avg: 1.7, Max: 2, Diff: 2, Sum: 22]
      [Scan RS (ms): Min: 0.0, Avg: 0.0, Max: 0.0, Diff: 0.0, Sum: 0.2]
      [Code Root Scanning (ms): Min: 0.0, Avg: 0.0, Max: 0.0, Diff: 0.0, Sum: 0.0]
      [Object Copy (ms): Min: 6.0, Avg: 6.2, Max: 6.9, Diff: 0.9, Sum: 80.5]
      [Termination (ms): Min: 0.0, Avg: 0.8, Max: 1.0, Diff: 1.0, Sum: 10.1]
         [Termination Attempts: Min: 1, Avg: 1.0, Max: 1, Diff: 0, Sum: 13]
      [GC Worker Other (ms): Min: 0.0, Avg: 0.0, Max: 0.1, Diff: 0.1, Sum: 0.4]
      [GC Worker Total (ms): Min: 7.1, Avg: 7.5, Max: 7.6, Diff: 0.5, Sum: 96.9]
      [GC Worker End (ms): Min: 389.3, Avg: 389.3, Max: 389.4, Diff: 0.2]
   [Code Root Fixup: 0.0 ms]
   [Code Root Purge: 0.0 ms]
   [Clear CT: 0.2 ms]
   [Other: 1.1 ms]
      [Choose CSet: 0.1 ms]
      [Ref Proc: 0.4 ms]
      [Ref Enq: 0.0 ms]
      [Redirty Cards: 0.3 ms]
      [Humongous Register: 0.2 ms]
      [Humongous Reclaim: 0.0 ms]
      [Free CSet: 0.0 ms]
   [Eden: 13.0M(13.0M)->0.0B(13.0M) Survivors: 2048.0K->2048.0K Heap: 183.4M(300.0M)->154.6M(300.0M)]
 [Times: user=0.07 sys=0.02, real=0.01 secs] 
[GC pause (G1 Evacuation Pause) (mixed), 0.0030665 secs]
   [Parallel Time: 1.8 ms, GC Workers: 13]
      [GC Worker Start (ms): Min: 397.0, Avg: 397.2, Max: 397.3, Diff: 0.2]
      [Ext Root Scanning (ms): Min: 0.0, Avg: 0.1, Max: 0.3, Diff: 0.2, Sum: 1.5]
      [Update RS (ms): Min: 0.2, Avg: 0.3, Max: 0.3, Diff: 0.1, Sum: 3.3]
         [Processed Buffers: Min: 1, Avg: 2.5, Max: 4, Diff: 3, Sum: 33]
      [Scan RS (ms): Min: 0.0, Avg: 0.0, Max: 0.0, Diff: 0.0, Sum: 0.1]
      [Code Root Scanning (ms): Min: 0.0, Avg: 0.0, Max: 0.0, Diff: 0.0, Sum: 0.0]
      [Object Copy (ms): Min: 0.6, Avg: 0.7, Max: 0.9, Diff: 0.3, Sum: 8.6]
      [Termination (ms): Min: 0.0, Avg: 0.4, Max: 0.6, Diff: 0.6, Sum: 5.4]
         [Termination Attempts: Min: 1, Avg: 1.0, Max: 1, Diff: 0, Sum: 13]
      [GC Worker Other (ms): Min: 0.0, Avg: 0.0, Max: 0.0, Diff: 0.0, Sum: 0.2]
      [GC Worker Total (ms): Min: 1.3, Avg: 1.5, Max: 1.6, Diff: 0.3, Sum: 19.0]
      [GC Worker End (ms): Min: 398.5, Avg: 398.6, Max: 398.7, Diff: 0.3]
   [Code Root Fixup: 0.0 ms]
   [Code Root Purge: 0.0 ms]
   [Clear CT: 0.3 ms]
   [Other: 1.0 ms]
      [Choose CSet: 0.0 ms]
      [Ref Proc: 0.4 ms]
      [Ref Enq: 0.0 ms]
      [Redirty Cards: 0.3 ms]
      [Humongous Register: 0.1 ms]
      [Humongous Reclaim: 0.0 ms]
      [Free CSet: 0.1 ms]
   [Eden: 13.0M(13.0M)->0.0B(71.0M) Survivors: 2048.0K->2048.0K Heap: 170.1M(300.0M)->153.5M(300.0M)]
 [Times: user=0.02 sys=0.00, real=0.00 secs] 
[GC pause (G1 Humongous Allocation) (young) (initial-mark), 0.0028043 secs]
   [Parallel Time: 1.5 ms, GC Workers: 13]
      [GC Worker Start (ms): Min: 400.3, Avg: 400.4, Max: 400.5, Diff: 0.2]
      [Ext Root Scanning (ms): Min: 0.0, Avg: 0.1, Max: 0.3, Diff: 0.2, Sum: 1.8]
      [Update RS (ms): Min: 0.1, Avg: 0.1, Max: 0.3, Diff: 0.2, Sum: 1.5]
         [Processed Buffers: Min: 0, Avg: 1.0, Max: 2, Diff: 2, Sum: 13]
      [Scan RS (ms): Min: 0.0, Avg: 0.0, Max: 0.0, Diff: 0.0, Sum: 0.0]
      [Code Root Scanning (ms): Min: 0.0, Avg: 0.0, Max: 0.0, Diff: 0.0, Sum: 0.0]
      [Object Copy (ms): Min: 0.0, Avg: 0.5, Max: 0.8, Diff: 0.8, Sum: 6.2]
      [Termination (ms): Min: 0.0, Avg: 0.4, Max: 0.9, Diff: 0.9, Sum: 5.5]
         [Termination Attempts: Min: 1, Avg: 1.0, Max: 1, Diff: 0, Sum: 13]
      [GC Worker Other (ms): Min: 0.0, Avg: 0.0, Max: 0.1, Diff: 0.0, Sum: 0.3]
      [GC Worker Total (ms): Min: 1.0, Avg: 1.2, Max: 1.3, Diff: 0.3, Sum: 15.4]
      [GC Worker End (ms): Min: 401.5, Avg: 401.6, Max: 401.7, Diff: 0.2]
   [Code Root Fixup: 0.0 ms]
   [Code Root Purge: 0.0 ms]
   [Clear CT: 0.3 ms]
   [Other: 1.1 ms]
      [Choose CSet: 0.0 ms]
      [Ref Proc: 0.5 ms]
      [Ref Enq: 0.0 ms]
      [Redirty Cards: 0.3 ms]
      [Humongous Register: 0.0 ms]
      [Humongous Reclaim: 0.0 ms]
      [Free CSet: 0.1 ms]
   [Eden: 1024.0K(71.0M)->0.0B(69.0M) Survivors: 2048.0K->3072.0K Heap: 153.8M(300.0M)->153.8M(300.0M)]
 [Times: user=0.02 sys=0.00, real=0.00 secs] 
[GC concurrent-root-region-scan-start]
[GC concurrent-root-region-scan-end, 0.0004247 secs]
[GC concurrent-mark-start]
[GC concurrent-mark-end, 0.0021828 secs]
[GC remark [Finalize Marking, 0.0003354 secs] [GC ref-proc, 0.0000640 secs] [Unloading, 0.0006828 secs], 0.0015224 secs]
 [Times: user=0.01 sys=0.01, real=0.00 secs] 
[GC cleanup 158M->158M(300M), 0.0008658 secs]
 [Times: user=0.01 sys=0.00, real=0.00 secs] 
[GC pause (G1 Evacuation Pause) (young) (to-space exhausted), 0.0050265 secs]
   [Parallel Time: 3.3 ms, GC Workers: 13]
      [GC Worker Start (ms): Min: 440.3, Avg: 440.6, Max: 440.8, Diff: 0.5]
      [Ext Root Scanning (ms): Min: 0.0, Avg: 0.2, Max: 0.4, Diff: 0.4, Sum: 2.0]
      [Update RS (ms): Min: 0.2, Avg: 0.4, Max: 0.9, Diff: 0.7, Sum: 4.7]
         [Processed Buffers: Min: 0, Avg: 2.5, Max: 3, Diff: 3, Sum: 32]
      [Scan RS (ms): Min: 0.0, Avg: 0.0, Max: 0.0, Diff: 0.0, Sum: 0.1]
      [Code Root Scanning (ms): Min: 0.0, Avg: 0.0, Max: 0.0, Diff: 0.0, Sum: 0.0]
      [Object Copy (ms): Min: 1.7, Avg: 2.1, Max: 2.3, Diff: 0.6, Sum: 27.3]
      [Termination (ms): Min: 0.0, Avg: 0.2, Max: 0.2, Diff: 0.2, Sum: 2.3]
         [Termination Attempts: Min: 1, Avg: 1.0, Max: 1, Diff: 0, Sum: 13]
      [GC Worker Other (ms): Min: 0.0, Avg: 0.0, Max: 0.0, Diff: 0.0, Sum: 0.3]
      [GC Worker Total (ms): Min: 2.6, Avg: 2.8, Max: 3.1, Diff: 0.5, Sum: 36.8]
      [GC Worker End (ms): Min: 443.4, Avg: 443.4, Max: 443.5, Diff: 0.1]
   [Code Root Fixup: 0.0 ms]
   [Code Root Purge: 0.0 ms]
   [Clear CT: 0.3 ms]
   [Other: 1.4 ms]
      [Evacuation Failure: 0.4 ms]
      [Choose CSet: 0.0 ms]
      [Ref Proc: 0.3 ms]
      [Ref Enq: 0.0 ms]
      [Redirty Cards: 0.2 ms]
      [Humongous Register: 0.2 ms]
      [Humongous Reclaim: 0.1 ms]
      [Free CSet: 0.1 ms]
   [Eden: 69.0M(69.0M)->0.0B(6144.0K) Survivors: 3072.0K->9216.0K Heap: 248.4M(300.0M)->223.8M(300.0M)]
 [Times: user=0.04 sys=0.01, real=0.01 secs] 
[GC pause (G1 Evacuation Pause) (mixed), 0.0025149 secs]
   [Parallel Time: 1.7 ms, GC Workers: 13]
      [GC Worker Start (ms): Min: 447.8, Avg: 447.9, Max: 447.9, Diff: 0.2]
      [Ext Root Scanning (ms): Min: 0.0, Avg: 0.1, Max: 0.2, Diff: 0.2, Sum: 1.4]
      [Update RS (ms): Min: 0.0, Avg: 0.1, Max: 0.1, Diff: 0.1, Sum: 1.0]
         [Processed Buffers: Min: 0, Avg: 1.6, Max: 5, Diff: 5, Sum: 21]
      [Scan RS (ms): Min: 0.0, Avg: 0.0, Max: 0.0, Diff: 0.0, Sum: 0.1]
      [Code Root Scanning (ms): Min: 0.0, Avg: 0.0, Max: 0.0, Diff: 0.0, Sum: 0.0]
      [Object Copy (ms): Min: 1.0, Avg: 1.1, Max: 1.2, Diff: 0.2, Sum: 14.8]
      [Termination (ms): Min: 0.0, Avg: 0.1, Max: 0.2, Diff: 0.2, Sum: 1.8]
         [Termination Attempts: Min: 1, Avg: 1.0, Max: 1, Diff: 0, Sum: 13]
      [GC Worker Other (ms): Min: 0.0, Avg: 0.0, Max: 0.0, Diff: 0.0, Sum: 0.1]
      [GC Worker Total (ms): Min: 1.4, Avg: 1.5, Max: 1.6, Diff: 0.2, Sum: 19.3]
      [GC Worker End (ms): Min: 449.3, Avg: 449.3, Max: 449.4, Diff: 0.1]
   [Code Root Fixup: 0.0 ms]
   [Code Root Purge: 0.0 ms]
   [Clear CT: 0.2 ms]
   [Other: 0.7 ms]
      [Choose CSet: 0.0 ms]
      [Ref Proc: 0.4 ms]
      [Ref Enq: 0.0 ms]
      [Redirty Cards: 0.1 ms]
      [Humongous Register: 0.0 ms]
      [Humongous Reclaim: 0.0 ms]
      [Free CSet: 0.0 ms]
   [Eden: 6144.0K(6144.0K)->0.0B(18.0M) Survivors: 9216.0K->2048.0K Heap: 230.5M(300.0M)->216.4M(300.0M)]
 [Times: user=0.01 sys=0.00, real=0.00 secs] 
[GC pause (G1 Humongous Allocation) (young) (initial-mark), 0.0013625 secs]
   [Parallel Time: 0.6 ms, GC Workers: 13]
      [GC Worker Start (ms): Min: 451.0, Avg: 451.1, Max: 451.2, Diff: 0.2]
      [Ext Root Scanning (ms): Min: 0.0, Avg: 0.1, Max: 0.2, Diff: 0.2, Sum: 1.3]
      [Update RS (ms): Min: 0.0, Avg: 0.0, Max: 0.1, Diff: 0.1, Sum: 0.4]
         [Processed Buffers: Min: 0, Avg: 1.0, Max: 2, Diff: 2, Sum: 13]
      [Scan RS (ms): Min: 0.0, Avg: 0.0, Max: 0.0, Diff: 0.0, Sum: 0.0]
      [Code Root Scanning (ms): Min: 0.0, Avg: 0.0, Max: 0.0, Diff: 0.0, Sum: 0.0]
      [Object Copy (ms): Min: 0.0, Avg: 0.1, Max: 0.2, Diff: 0.2, Sum: 1.6]
      [Termination (ms): Min: 0.0, Avg: 0.1, Max: 0.2, Diff: 0.2, Sum: 1.7]
         [Termination Attempts: Min: 1, Avg: 1.0, Max: 1, Diff: 0, Sum: 13]
      [GC Worker Other (ms): Min: 0.0, Avg: 0.0, Max: 0.0, Diff: 0.0, Sum: 0.1]
      [GC Worker Total (ms): Min: 0.3, Avg: 0.4, Max: 0.5, Diff: 0.3, Sum: 5.2]
      [GC Worker End (ms): Min: 451.4, Avg: 451.5, Max: 451.5, Diff: 0.1]
   [Code Root Fixup: 0.0 ms]
   [Code Root Purge: 0.0 ms]
   [Clear CT: 0.2 ms]
   [Other: 0.5 ms]
      [Choose CSet: 0.0 ms]
      [Ref Proc: 0.3 ms]
      [Ref Enq: 0.0 ms]
      [Redirty Cards: 0.1 ms]
      [Humongous Register: 0.0 ms]
      [Humongous Reclaim: 0.0 ms]
      [Free CSet: 0.0 ms]
   [Eden: 3072.0K(18.0M)->0.0B(17.0M) Survivors: 2048.0K->1024.0K Heap: 219.0M(300.0M)->216.9M(300.0M)]
 [Times: user=0.00 sys=0.00, real=0.00 secs] 
[GC concurrent-root-region-scan-start]
[GC concurrent-root-region-scan-end, 0.0000738 secs]
[GC concurrent-mark-start]
[GC concurrent-mark-end, 0.0010052 secs]
[GC remark [Finalize Marking, 0.0002274 secs] [GC ref-proc, 0.0000556 secs] [Unloading, 0.0005287 secs], 0.0012179 secs]
 [Times: user=0.00 sys=0.00, real=0.01 secs] 
[GC cleanup 223M->223M(300M), 0.0006759 secs]
 [Times: user=0.01 sys=0.00, real=0.00 secs] 
[GC pause (G1 Evacuation Pause) (young), 0.0017600 secs]
   [Parallel Time: 1.1 ms, GC Workers: 13]
      [GC Worker Start (ms): Min: 458.7, Avg: 458.7, Max: 458.8, Diff: 0.1]
      [Ext Root Scanning (ms): Min: 0.1, Avg: 0.1, Max: 0.2, Diff: 0.1, Sum: 1.5]
      [Update RS (ms): Min: 0.2, Avg: 0.2, Max: 0.3, Diff: 0.1, Sum: 3.0]
         [Processed Buffers: Min: 2, Avg: 2.6, Max: 3, Diff: 1, Sum: 34]
      [Scan RS (ms): Min: 0.0, Avg: 0.0, Max: 0.0, Diff: 0.0, Sum: 0.0]
      [Code Root Scanning (ms): Min: 0.0, Avg: 0.0, Max: 0.0, Diff: 0.0, Sum: 0.0]
      [Object Copy (ms): Min: 0.4, Avg: 0.5, Max: 0.6, Diff: 0.2, Sum: 6.7]
      [Termination (ms): Min: 0.0, Avg: 0.1, Max: 0.2, Diff: 0.2, Sum: 1.2]
         [Termination Attempts: Min: 1, Avg: 1.0, Max: 1, Diff: 0, Sum: 13]
      [GC Worker Other (ms): Min: 0.0, Avg: 0.0, Max: 0.0, Diff: 0.0, Sum: 0.1]
      [GC Worker Total (ms): Min: 0.9, Avg: 1.0, Max: 1.1, Diff: 0.2, Sum: 12.6]
      [GC Worker End (ms): Min: 459.6, Avg: 459.7, Max: 459.7, Diff: 0.1]
   [Code Root Fixup: 0.0 ms]
   [Code Root Purge: 0.0 ms]
   [Clear CT: 0.2 ms]
   [Other: 0.5 ms]
      [Choose CSet: 0.0 ms]
      [Ref Proc: 0.3 ms]
      [Ref Enq: 0.0 ms]
      [Redirty Cards: 0.1 ms]
      [Humongous Register: 0.0 ms]
      [Humongous Reclaim: 0.0 ms]
      [Free CSet: 0.0 ms]
   [Eden: 17.0M(17.0M)->0.0B(12.0M) Survivors: 1024.0K->3072.0K Heap: 236.9M(300.0M)->223.5M(300.0M)]
 [Times: user=0.01 sys=0.00, real=0.00 secs] 
[GC pause (G1 Evacuation Pause) (mixed), 0.0019931 secs]
   [Parallel Time: 1.4 ms, GC Workers: 13]
      [GC Worker Start (ms): Min: 462.9, Avg: 462.9, Max: 463.0, Diff: 0.1]
      [Ext Root Scanning (ms): Min: 0.1, Avg: 0.1, Max: 0.2, Diff: 0.1, Sum: 1.6]
      [Update RS (ms): Min: 0.2, Avg: 0.2, Max: 0.3, Diff: 0.1, Sum: 3.0]
         [Processed Buffers: Min: 2, Avg: 2.9, Max: 4, Diff: 2, Sum: 38]
      [Scan RS (ms): Min: 0.0, Avg: 0.0, Max: 0.0, Diff: 0.0, Sum: 0.1]
      [Code Root Scanning (ms): Min: 0.0, Avg: 0.0, Max: 0.0, Diff: 0.0, Sum: 0.0]
      [Object Copy (ms): Min: 0.7, Avg: 0.8, Max: 0.8, Diff: 0.2, Sum: 9.9]
      [Termination (ms): Min: 0.0, Avg: 0.1, Max: 0.2, Diff: 0.2, Sum: 1.0]
         [Termination Attempts: Min: 1, Avg: 1.0, Max: 1, Diff: 0, Sum: 13]
      [GC Worker Other (ms): Min: 0.0, Avg: 0.0, Max: 0.0, Diff: 0.0, Sum: 0.1]
      [GC Worker Total (ms): Min: 1.1, Avg: 1.2, Max: 1.3, Diff: 0.2, Sum: 15.7]
      [GC Worker End (ms): Min: 464.1, Avg: 464.1, Max: 464.2, Diff: 0.1]
   [Code Root Fixup: 0.0 ms]
   [Code Root Purge: 0.0 ms]
   [Clear CT: 0.2 ms]
   [Other: 0.4 ms]
      [Choose CSet: 0.0 ms]
      [Ref Proc: 0.2 ms]
      [Ref Enq: 0.0 ms]
      [Redirty Cards: 0.1 ms]
      [Humongous Register: 0.0 ms]
      [Humongous Reclaim: 0.0 ms]
      [Free CSet: 0.0 ms]
   [Eden: 12.0M(12.0M)->0.0B(13.0M) Survivors: 3072.0K->2048.0K Heap: 238.6M(300.0M)->201.7M(300.0M)]
 [Times: user=0.01 sys=0.01, real=0.01 secs] 
[GC pause (G1 Evacuation Pause) (mixed), 0.0029918 secs]
   [Parallel Time: 2.2 ms, GC Workers: 13]
      [GC Worker Start (ms): Min: 467.7, Avg: 467.8, Max: 467.8, Diff: 0.1]
      [Ext Root Scanning (ms): Min: 0.1, Avg: 0.1, Max: 0.2, Diff: 0.1, Sum: 1.6]
      [Update RS (ms): Min: 0.2, Avg: 0.2, Max: 0.3, Diff: 0.1, Sum: 3.1]
         [Processed Buffers: Min: 2, Avg: 3.2, Max: 9, Diff: 7, Sum: 41]
      [Scan RS (ms): Min: 0.0, Avg: 0.0, Max: 0.1, Diff: 0.1, Sum: 0.4]
      [Code Root Scanning (ms): Min: 0.0, Avg: 0.0, Max: 0.1, Diff: 0.1, Sum: 0.1]
      [Object Copy (ms): Min: 1.4, Avg: 1.6, Max: 1.6, Diff: 0.2, Sum: 20.2]
      [Termination (ms): Min: 0.0, Avg: 0.1, Max: 0.2, Diff: 0.2, Sum: 0.9]
         [Termination Attempts: Min: 1, Avg: 1.0, Max: 1, Diff: 0, Sum: 13]
      [GC Worker Other (ms): Min: 0.0, Avg: 0.0, Max: 0.0, Diff: 0.0, Sum: 0.1]
      [GC Worker Total (ms): Min: 2.0, Avg: 2.0, Max: 2.1, Diff: 0.1, Sum: 26.3]
      [GC Worker End (ms): Min: 469.8, Avg: 469.8, Max: 469.8, Diff: 0.1]
   [Code Root Fixup: 0.0 ms]
   [Code Root Purge: 0.0 ms]
   [Clear CT: 0.2 ms]
   [Other: 0.6 ms]
      [Choose CSet: 0.0 ms]
      [Ref Proc: 0.3 ms]
      [Ref Enq: 0.0 ms]
      [Redirty Cards: 0.1 ms]
      [Humongous Register: 0.0 ms]
      [Humongous Reclaim: 0.0 ms]
      [Free CSet: 0.0 ms]
   [Eden: 13.0M(13.0M)->0.0B(13.0M) Survivors: 2048.0K->2048.0K Heap: 218.0M(300.0M)->190.2M(300.0M)]
 [Times: user=0.03 sys=0.00, real=0.00 secs] 
[GC pause (G1 Evacuation Pause) (mixed), 0.0021677 secs]
   [Parallel Time: 1.5 ms, GC Workers: 13]
      [GC Worker Start (ms): Min: 473.6, Avg: 473.7, Max: 473.8, Diff: 0.2]
      [Ext Root Scanning (ms): Min: 0.0, Avg: 0.1, Max: 0.2, Diff: 0.2, Sum: 1.0]
      [Update RS (ms): Min: 0.1, Avg: 0.2, Max: 0.4, Diff: 0.3, Sum: 2.3]
         [Processed Buffers: Min: 1, Avg: 2.0, Max: 3, Diff: 2, Sum: 26]
      [Scan RS (ms): Min: 0.0, Avg: 0.0, Max: 0.0, Diff: 0.0, Sum: 0.1]
      [Code Root Scanning (ms): Min: 0.0, Avg: 0.0, Max: 0.0, Diff: 0.0, Sum: 0.0]
      [Object Copy (ms): Min: 0.6, Avg: 0.8, Max: 0.9, Diff: 0.3, Sum: 10.7]
      [Termination (ms): Min: 0.0, Avg: 0.1, Max: 0.2, Diff: 0.2, Sum: 1.8]
         [Termination Attempts: Min: 1, Avg: 1.0, Max: 1, Diff: 0, Sum: 13]
      [GC Worker Other (ms): Min: 0.0, Avg: 0.0, Max: 0.0, Diff: 0.0, Sum: 0.1]
      [GC Worker Total (ms): Min: 1.1, Avg: 1.2, Max: 1.4, Diff: 0.3, Sum: 16.1]
      [GC Worker End (ms): Min: 474.9, Avg: 474.9, Max: 475.0, Diff: 0.1]
   [Code Root Fixup: 0.0 ms]
   [Code Root Purge: 0.0 ms]
   [Clear CT: 0.2 ms]
   [Other: 0.5 ms]
      [Choose CSet: 0.0 ms]
      [Ref Proc: 0.3 ms]
      [Ref Enq: 0.0 ms]
      [Redirty Cards: 0.1 ms]
      [Humongous Register: 0.0 ms]
      [Humongous Reclaim: 0.0 ms]
      [Free CSet: 0.0 ms]
   [Eden: 13.0M(13.0M)->0.0B(33.0M) Survivors: 2048.0K->2048.0K Heap: 204.6M(300.0M)->191.8M(300.0M)]
 [Times: user=0.01 sys=0.00, real=0.01 secs] 
[GC pause (G1 Humongous Allocation) (young) (initial-mark), 0.0017210 secs]
   [Parallel Time: 0.9 ms, GC Workers: 13]
      [GC Worker Start (ms): Min: 476.5, Avg: 476.6, Max: 476.6, Diff: 0.1]
      [Ext Root Scanning (ms): Min: 0.1, Avg: 0.1, Max: 0.2, Diff: 0.1, Sum: 1.5]
      [Update RS (ms): Min: 0.0, Avg: 0.1, Max: 0.4, Diff: 0.4, Sum: 0.8]
         [Processed Buffers: Min: 0, Avg: 0.9, Max: 2, Diff: 2, Sum: 12]
      [Scan RS (ms): Min: 0.0, Avg: 0.0, Max: 0.0, Diff: 0.0, Sum: 0.0]
      [Code Root Scanning (ms): Min: 0.0, Avg: 0.0, Max: 0.0, Diff: 0.0, Sum: 0.0]
      [Object Copy (ms): Min: 0.0, Avg: 0.2, Max: 0.3, Diff: 0.3, Sum: 2.6]
      [Termination (ms): Min: 0.0, Avg: 0.2, Max: 0.4, Diff: 0.4, Sum: 2.1]
         [Termination Attempts: Min: 1, Avg: 1.0, Max: 1, Diff: 0, Sum: 13]
      [GC Worker Other (ms): Min: 0.0, Avg: 0.0, Max: 0.0, Diff: 0.0, Sum: 0.1]
      [GC Worker Total (ms): Min: 0.5, Avg: 0.6, Max: 0.7, Diff: 0.3, Sum: 7.2]
      [GC Worker End (ms): Min: 477.1, Avg: 477.1, Max: 477.3, Diff: 0.2]
   [Code Root Fixup: 0.0 ms]
   [Code Root Purge: 0.0 ms]
   [Clear CT: 0.2 ms]
   [Other: 0.6 ms]
      [Choose CSet: 0.0 ms]
      [Ref Proc: 0.3 ms]
      [Ref Enq: 0.0 ms]
      [Redirty Cards: 0.2 ms]
      [Humongous Register: 0.0 ms]
      [Humongous Reclaim: 0.0 ms]
      [Free CSet: 0.0 ms]
   [Eden: 3072.0K(33.0M)->0.0B(32.0M) Survivors: 2048.0K->4096.0K Heap: 194.7M(300.0M)->193.3M(300.0M)]
 [Times: user=0.01 sys=0.00, real=0.00 secs] 
[GC concurrent-root-region-scan-start]
[GC concurrent-root-region-scan-end, 0.0001155 secs]
[GC concurrent-mark-start]
[GC concurrent-mark-end, 0.0009777 secs]
[GC remark [Finalize Marking, 0.0009194 secs] [GC ref-proc, 0.0000671 secs] [Unloading, 0.0004842 secs], 0.0018964 secs]
 [Times: user=0.01 sys=0.00, real=0.00 secs] 
[GC cleanup 198M->198M(300M), 0.0007262 secs]
 [Times: user=0.00 sys=0.00, real=0.00 secs] 
[GC pause (G1 Evacuation Pause) (young), 0.0030303 secs]
   [Parallel Time: 2.1 ms, GC Workers: 13]
      [GC Worker Start (ms): Min: 487.5, Avg: 487.6, Max: 487.7, Diff: 0.1]
      [Ext Root Scanning (ms): Min: 0.0, Avg: 0.1, Max: 0.2, Diff: 0.1, Sum: 1.4]
      [Update RS (ms): Min: 0.4, Avg: 0.4, Max: 0.5, Diff: 0.1, Sum: 5.7]
         [Processed Buffers: Min: 3, Avg: 3.9, Max: 4, Diff: 1, Sum: 51]
      [Scan RS (ms): Min: 0.0, Avg: 0.0, Max: 0.0, Diff: 0.0, Sum: 0.1]
      [Code Root Scanning (ms): Min: 0.0, Avg: 0.0, Max: 0.0, Diff: 0.0, Sum: 0.0]
      [Object Copy (ms): Min: 1.1, Avg: 1.1, Max: 1.2, Diff: 0.2, Sum: 14.7]
      [Termination (ms): Min: 0.0, Avg: 0.2, Max: 0.2, Diff: 0.2, Sum: 2.1]
         [Termination Attempts: Min: 1, Avg: 1.0, Max: 1, Diff: 0, Sum: 13]
      [GC Worker Other (ms): Min: 0.0, Avg: 0.0, Max: 0.0, Diff: 0.0, Sum: 0.1]
      [GC Worker Total (ms): Min: 1.7, Avg: 1.9, Max: 2.0, Diff: 0.2, Sum: 24.1]
      [GC Worker End (ms): Min: 489.4, Avg: 489.5, Max: 489.5, Diff: 0.1]
   [Code Root Fixup: 0.0 ms]
   [Code Root Purge: 0.0 ms]
   [Clear CT: 0.2 ms]
   [Other: 0.7 ms]
      [Choose CSet: 0.0 ms]
      [Ref Proc: 0.4 ms]
      [Ref Enq: 0.0 ms]
      [Redirty Cards: 0.2 ms]
      [Humongous Register: 0.0 ms]
      [Humongous Reclaim: 0.0 ms]
      [Free CSet: 0.0 ms]
   [Eden: 32.0M(32.0M)->0.0B(10.0M) Survivors: 4096.0K->5120.0K Heap: 233.0M(300.0M)->205.8M(300.0M)]
 [Times: user=0.02 sys=0.00, real=0.00 secs] 
[GC pause (G1 Evacuation Pause) (mixed), 0.0029216 secs]
   [Parallel Time: 2.2 ms, GC Workers: 13]
      [GC Worker Start (ms): Min: 493.1, Avg: 493.2, Max: 493.3, Diff: 0.2]
      [Ext Root Scanning (ms): Min: 0.0, Avg: 0.1, Max: 0.2, Diff: 0.2, Sum: 1.1]
      [Update RS (ms): Min: 0.2, Avg: 0.3, Max: 0.4, Diff: 0.1, Sum: 3.9]
         [Processed Buffers: Min: 2, Avg: 3.5, Max: 5, Diff: 3, Sum: 46]
      [Scan RS (ms): Min: 0.0, Avg: 0.0, Max: 0.0, Diff: 0.0, Sum: 0.2]
      [Code Root Scanning (ms): Min: 0.0, Avg: 0.0, Max: 0.0, Diff: 0.0, Sum: 0.0]
      [Object Copy (ms): Min: 1.4, Avg: 1.5, Max: 1.6, Diff: 0.2, Sum: 18.9]
      [Termination (ms): Min: 0.0, Avg: 0.1, Max: 0.2, Diff: 0.2, Sum: 1.3]
         [Termination Attempts: Min: 1, Avg: 1.0, Max: 1, Diff: 0, Sum: 13]
      [GC Worker Other (ms): Min: 0.0, Avg: 0.0, Max: 0.0, Diff: 0.0, Sum: 0.1]
      [GC Worker Total (ms): Min: 1.9, Avg: 2.0, Max: 2.1, Diff: 0.2, Sum: 25.5]
      [GC Worker End (ms): Min: 495.1, Avg: 495.1, Max: 495.2, Diff: 0.1]
   [Code Root Fixup: 0.0 ms]
   [Code Root Purge: 0.0 ms]
   [Clear CT: 0.2 ms]
   [Other: 0.5 ms]
      [Choose CSet: 0.0 ms]
      [Ref Proc: 0.3 ms]
      [Ref Enq: 0.0 ms]
      [Redirty Cards: 0.1 ms]
      [Humongous Register: 0.0 ms]
      [Humongous Reclaim: 0.0 ms]
      [Free CSet: 0.0 ms]
   [Eden: 10.0M(10.0M)->0.0B(28.0M) Survivors: 5120.0K->2048.0K Heap: 219.7M(300.0M)->199.1M(300.0M)]
 [Times: user=0.02 sys=0.00, real=0.01 secs] 
[GC pause (G1 Humongous Allocation) (young) (initial-mark), 0.0011965 secs]
   [Parallel Time: 0.5 ms, GC Workers: 13]
      [GC Worker Start (ms): Min: 496.9, Avg: 497.0, Max: 497.1, Diff: 0.2]
      [Ext Root Scanning (ms): Min: 0.0, Avg: 0.1, Max: 0.2, Diff: 0.2, Sum: 1.2]
      [Update RS (ms): Min: 0.0, Avg: 0.0, Max: 0.1, Diff: 0.0, Sum: 0.4]
         [Processed Buffers: Min: 0, Avg: 1.2, Max: 2, Diff: 2, Sum: 15]
      [Scan RS (ms): Min: 0.0, Avg: 0.0, Max: 0.0, Diff: 0.0, Sum: 0.0]
      [Code Root Scanning (ms): Min: 0.0, Avg: 0.0, Max: 0.0, Diff: 0.0, Sum: 0.0]
      [Object Copy (ms): Min: 0.1, Avg: 0.1, Max: 0.2, Diff: 0.1, Sum: 1.9]
      [Termination (ms): Min: 0.0, Avg: 0.1, Max: 0.1, Diff: 0.1, Sum: 0.9]
         [Termination Attempts: Min: 1, Avg: 1.0, Max: 1, Diff: 0, Sum: 13]
      [GC Worker Other (ms): Min: 0.0, Avg: 0.0, Max: 0.0, Diff: 0.0, Sum: 0.1]
      [GC Worker Total (ms): Min: 0.3, Avg: 0.4, Max: 0.5, Diff: 0.2, Sum: 4.6]
      [GC Worker End (ms): Min: 497.4, Avg: 497.4, Max: 497.4, Diff: 0.0]
   [Code Root Fixup: 0.0 ms]
   [Code Root Purge: 0.0 ms]
   [Clear CT: 0.2 ms]
   [Other: 0.5 ms]
      [Choose CSet: 0.0 ms]
      [Ref Proc: 0.3 ms]
      [Ref Enq: 0.0 ms]
      [Redirty Cards: 0.1 ms]
      [Humongous Register: 0.0 ms]
      [Humongous Reclaim: 0.0 ms]
      [Free CSet: 0.0 ms]
   [Eden: 5120.0K(28.0M)->0.0B(28.0M) Survivors: 2048.0K->3072.0K Heap: 203.5M(300.0M)->199.6M(300.0M)]
 [Times: user=0.01 sys=0.01, real=0.00 secs] 
[GC concurrent-root-region-scan-start]
[GC concurrent-root-region-scan-end, 0.0000908 secs]
[GC concurrent-mark-start]
[GC concurrent-mark-end, 0.0007507 secs]
[GC remark [Finalize Marking, 0.0003179 secs] [GC ref-proc, 0.0000571 secs] [Unloading, 0.0004513 secs], 0.0011511 secs]
 [Times: user=0.01 sys=0.00, real=0.00 secs] 
[GC cleanup 205M->205M(300M), 0.0006914 secs]
 [Times: user=0.00 sys=0.00, real=0.00 secs] 
[GC pause (G1 Evacuation Pause) (young), 0.0023179 secs]
   [Parallel Time: 1.7 ms, GC Workers: 13]
      [GC Worker Start (ms): Min: 506.0, Avg: 506.0, Max: 506.1, Diff: 0.1]
      [Ext Root Scanning (ms): Min: 0.0, Avg: 0.1, Max: 0.2, Diff: 0.1, Sum: 1.4]
      [Update RS (ms): Min: 0.3, Avg: 0.3, Max: 0.4, Diff: 0.1, Sum: 4.0]
         [Processed Buffers: Min: 2, Avg: 3.5, Max: 4, Diff: 2, Sum: 45]
      [Scan RS (ms): Min: 0.0, Avg: 0.0, Max: 0.0, Diff: 0.0, Sum: 0.0]
      [Code Root Scanning (ms): Min: 0.0, Avg: 0.0, Max: 0.0, Diff: 0.0, Sum: 0.0]
      [Object Copy (ms): Min: 0.7, Avg: 0.8, Max: 1.0, Diff: 0.3, Sum: 10.8]
      [Termination (ms): Min: 0.0, Avg: 0.2, Max: 0.2, Diff: 0.2, Sum: 2.4]
         [Termination Attempts: Min: 1, Avg: 1.0, Max: 1, Diff: 0, Sum: 13]
      [GC Worker Other (ms): Min: 0.0, Avg: 0.0, Max: 0.0, Diff: 0.0, Sum: 0.1]
      [GC Worker Total (ms): Min: 1.4, Avg: 1.5, Max: 1.5, Diff: 0.2, Sum: 18.9]
      [GC Worker End (ms): Min: 507.4, Avg: 507.5, Max: 507.5, Diff: 0.1]
   [Code Root Fixup: 0.0 ms]
   [Code Root Purge: 0.0 ms]
   [Clear CT: 0.1 ms]
   [Other: 0.5 ms]
      [Choose CSet: 0.0 ms]
      [Ref Proc: 0.3 ms]
      [Ref Enq: 0.0 ms]
      [Redirty Cards: 0.1 ms]
      [Humongous Register: 0.0 ms]
      [Humongous Reclaim: 0.0 ms]
      [Free CSet: 0.0 ms]
   [Eden: 28.0M(28.0M)->0.0B(11.0M) Survivors: 3072.0K->4096.0K Heap: 231.8M(300.0M)->208.8M(300.0M)]
 [Times: user=0.02 sys=0.00, real=0.00 secs] 
[GC pause (G1 Evacuation Pause) (mixed), 0.0025191 secs]
   [Parallel Time: 1.8 ms, GC Workers: 13]
      [GC Worker Start (ms): Min: 510.2, Avg: 510.3, Max: 510.3, Diff: 0.1]
      [Ext Root Scanning (ms): Min: 0.0, Avg: 0.1, Max: 0.2, Diff: 0.1, Sum: 1.3]
      [Update RS (ms): Min: 0.0, Avg: 0.1, Max: 0.1, Diff: 0.1, Sum: 0.8]
         [Processed Buffers: Min: 0, Avg: 1.4, Max: 2, Diff: 2, Sum: 18]
      [Scan RS (ms): Min: 0.0, Avg: 0.0, Max: 0.0, Diff: 0.0, Sum: 0.1]
      [Code Root Scanning (ms): Min: 0.0, Avg: 0.0, Max: 0.0, Diff: 0.0, Sum: 0.0]
      [Object Copy (ms): Min: 1.3, Avg: 1.4, Max: 1.4, Diff: 0.1, Sum: 17.8]
      [Termination (ms): Min: 0.0, Avg: 0.1, Max: 0.1, Diff: 0.1, Sum: 0.9]
         [Termination Attempts: Min: 1, Avg: 1.0, Max: 1, Diff: 0, Sum: 13]
      [GC Worker Other (ms): Min: 0.0, Avg: 0.0, Max: 0.0, Diff: 0.0, Sum: 0.1]
      [GC Worker Total (ms): Min: 1.5, Avg: 1.6, Max: 1.7, Diff: 0.1, Sum: 20.9]
      [GC Worker End (ms): Min: 511.8, Avg: 511.9, Max: 511.9, Diff: 0.0]
   [Code Root Fixup: 0.0 ms]
   [Code Root Purge: 0.0 ms]
   [Clear CT: 0.2 ms]
   [Other: 0.6 ms]
      [Choose CSet: 0.0 ms]
      [Ref Proc: 0.3 ms]
      [Ref Enq: 0.0 ms]
      [Redirty Cards: 0.1 ms]
      [Humongous Register: 0.0 ms]
      [Humongous Reclaim: 0.0 ms]
      [Free CSet: 0.0 ms]
   [Eden: 11.0M(11.0M)->0.0B(21.0M) Survivors: 4096.0K->2048.0K Heap: 220.4M(300.0M)->208.8M(300.0M)]
 [Times: user=0.02 sys=0.00, real=0.00 secs] 
[GC pause (G1 Humongous Allocation) (young) (initial-mark), 0.0012061 secs]
   [Parallel Time: 0.6 ms, GC Workers: 13]
      [GC Worker Start (ms): Min: 513.1, Avg: 513.1, Max: 513.2, Diff: 0.1]
      [Ext Root Scanning (ms): Min: 0.0, Avg: 0.1, Max: 0.2, Diff: 0.1, Sum: 1.4]
      [Update RS (ms): Min: 0.0, Avg: 0.0, Max: 0.1, Diff: 0.1, Sum: 0.3]
         [Processed Buffers: Min: 1, Avg: 1.0, Max: 1, Diff: 0, Sum: 13]
      [Scan RS (ms): Min: 0.0, Avg: 0.0, Max: 0.0, Diff: 0.0, Sum: 0.0]
      [Code Root Scanning (ms): Min: 0.0, Avg: 0.0, Max: 0.0, Diff: 0.0, Sum: 0.0]
      [Object Copy (ms): Min: 0.0, Avg: 0.1, Max: 0.2, Diff: 0.2, Sum: 1.2]
      [Termination (ms): Min: 0.0, Avg: 0.1, Max: 0.2, Diff: 0.2, Sum: 1.6]
         [Termination Attempts: Min: 1, Avg: 1.4, Max: 3, Diff: 2, Sum: 18]
      [GC Worker Other (ms): Min: 0.0, Avg: 0.0, Max: 0.0, Diff: 0.0, Sum: 0.1]
      [GC Worker Total (ms): Min: 0.3, Avg: 0.4, Max: 0.5, Diff: 0.2, Sum: 4.7]
      [GC Worker End (ms): Min: 513.4, Avg: 513.5, Max: 513.6, Diff: 0.1]
   [Code Root Fixup: 0.0 ms]
   [Code Root Purge: 0.0 ms]
   [Clear CT: 0.1 ms]
   [Other: 0.5 ms]
      [Choose CSet: 0.0 ms]
      [Ref Proc: 0.3 ms]
      [Ref Enq: 0.0 ms]
      [Redirty Cards: 0.1 ms]
      [Humongous Register: 0.0 ms]
      [Humongous Reclaim: 0.0 ms]
      [Free CSet: 0.0 ms]
   [Eden: 2048.0K(21.0M)->0.0B(21.0M) Survivors: 2048.0K->1024.0K Heap: 210.3M(300.0M)->208.9M(300.0M)]
 [Times: user=0.01 sys=0.00, real=0.00 secs] 
[GC concurrent-root-region-scan-start]
[GC concurrent-root-region-scan-end, 0.0000451 secs]
[GC concurrent-mark-start]
[GC concurrent-mark-end, 0.0007805 secs]
[GC remark [Finalize Marking, 0.0002136 secs] [GC ref-proc, 0.0000631 secs] [Unloading, 0.0005060 secs], 0.0011793 secs]
 [Times: user=0.01 sys=0.00, real=0.00 secs] 
[GC cleanup 213M->213M(300M), 0.0006823 secs]
 [Times: user=0.00 sys=0.00, real=0.00 secs] 
[GC pause (G1 Evacuation Pause) (young), 0.0018437 secs]
   [Parallel Time: 1.1 ms, GC Workers: 13]
      [GC Worker Start (ms): Min: 520.4, Avg: 520.5, Max: 520.6, Diff: 0.1]
      [Ext Root Scanning (ms): Min: 0.0, Avg: 0.1, Max: 0.2, Diff: 0.1, Sum: 1.3]
      [Update RS (ms): Min: 0.2, Avg: 0.3, Max: 0.3, Diff: 0.1, Sum: 3.6]
         [Processed Buffers: Min: 2, Avg: 3.1, Max: 4, Diff: 2, Sum: 40]
      [Scan RS (ms): Min: 0.0, Avg: 0.0, Max: 0.0, Diff: 0.0, Sum: 0.0]
      [Code Root Scanning (ms): Min: 0.0, Avg: 0.0, Max: 0.0, Diff: 0.0, Sum: 0.0]
      [Object Copy (ms): Min: 0.4, Avg: 0.5, Max: 0.6, Diff: 0.2, Sum: 6.2]
      [Termination (ms): Min: 0.0, Avg: 0.1, Max: 0.1, Diff: 0.1, Sum: 1.1]
         [Termination Attempts: Min: 1, Avg: 1.0, Max: 1, Diff: 0, Sum: 13]
      [GC Worker Other (ms): Min: 0.0, Avg: 0.0, Max: 0.0, Diff: 0.0, Sum: 0.1]
      [GC Worker Total (ms): Min: 0.9, Avg: 1.0, Max: 1.0, Diff: 0.2, Sum: 12.4]
      [GC Worker End (ms): Min: 521.4, Avg: 521.5, Max: 521.5, Diff: 0.1]
   [Code Root Fixup: 0.0 ms]
   [Code Root Purge: 0.0 ms]
   [Clear CT: 0.2 ms]
   [Other: 0.5 ms]
      [Choose CSet: 0.0 ms]
      [Ref Proc: 0.3 ms]
      [Ref Enq: 0.0 ms]
      [Redirty Cards: 0.1 ms]
      [Humongous Register: 0.0 ms]
      [Humongous Reclaim: 0.0 ms]
      [Free CSet: 0.0 ms]
   [Eden: 21.0M(21.0M)->0.0B(12.0M) Survivors: 1024.0K->3072.0K Heap: 233.6M(300.0M)->216.2M(300.0M)]
 [Times: user=0.02 sys=0.00, real=0.00 secs] 
[GC pause (G1 Evacuation Pause) (mixed), 0.0037928 secs]
   [Parallel Time: 2.4 ms, GC Workers: 13]
      [GC Worker Start (ms): Min: 524.9, Avg: 525.0, Max: 525.0, Diff: 0.1]
      [Ext Root Scanning (ms): Min: 0.0, Avg: 0.1, Max: 0.2, Diff: 0.1, Sum: 1.4]
      [Update RS (ms): Min: 0.0, Avg: 0.1, Max: 0.2, Diff: 0.1, Sum: 1.4]
         [Processed Buffers: Min: 1, Avg: 1.7, Max: 3, Diff: 2, Sum: 22]
      [Scan RS (ms): Min: 0.0, Avg: 0.0, Max: 0.0, Diff: 0.0, Sum: 0.1]
      [Code Root Scanning (ms): Min: 0.0, Avg: 0.0, Max: 0.0, Diff: 0.0, Sum: 0.0]
      [Object Copy (ms): Min: 1.3, Avg: 1.4, Max: 2.0, Diff: 0.7, Sum: 17.6]
      [Termination (ms): Min: 0.0, Avg: 0.6, Max: 0.7, Diff: 0.7, Sum: 8.3]
         [Termination Attempts: Min: 1, Avg: 1.0, Max: 1, Diff: 0, Sum: 13]
      [GC Worker Other (ms): Min: 0.0, Avg: 0.0, Max: 0.0, Diff: 0.0, Sum: 0.1]
      [GC Worker Total (ms): Min: 2.1, Avg: 2.2, Max: 2.3, Diff: 0.1, Sum: 29.0]
      [GC Worker End (ms): Min: 527.2, Avg: 527.2, Max: 527.3, Diff: 0.1]
   [Code Root Fixup: 0.0 ms]
   [Code Root Purge: 0.0 ms]
   [Clear CT: 0.3 ms]
   [Other: 1.1 ms]
      [Choose CSet: 0.0 ms]
      [Ref Proc: 0.7 ms]
      [Ref Enq: 0.0 ms]
      [Redirty Cards: 0.3 ms]
      [Humongous Register: 0.0 ms]
      [Humongous Reclaim: 0.0 ms]
      [Free CSet: 0.0 ms]
   [Eden: 12.0M(12.0M)->0.0B(17.0M) Survivors: 3072.0K->2048.0K Heap: 229.4M(300.0M)->215.5M(300.0M)]
 [Times: user=0.03 sys=0.01, real=0.00 secs] 
[GC pause (G1 Humongous Allocation) (young) (initial-mark), 0.0028068 secs]
   [Parallel Time: 1.2 ms, GC Workers: 13]
      [GC Worker Start (ms): Min: 529.0, Avg: 529.1, Max: 529.3, Diff: 0.2]
      [Ext Root Scanning (ms): Min: 0.0, Avg: 0.3, Max: 0.9, Diff: 0.9, Sum: 3.3]
      [Update RS (ms): Min: 0.0, Avg: 0.1, Max: 0.7, Diff: 0.7, Sum: 1.0]
         [Processed Buffers: Min: 0, Avg: 1.2, Max: 4, Diff: 4, Sum: 15]
      [Scan RS (ms): Min: 0.0, Avg: 0.0, Max: 0.0, Diff: 0.0, Sum: 0.0]
      [Code Root Scanning (ms): Min: 0.0, Avg: 0.0, Max: 0.0, Diff: 0.0, Sum: 0.0]
      [Object Copy (ms): Min: 0.0, Avg: 0.1, Max: 0.1, Diff: 0.1, Sum: 0.8]
      [Termination (ms): Min: 0.0, Avg: 0.6, Max: 0.8, Diff: 0.8, Sum: 7.7]
         [Termination Attempts: Min: 1, Avg: 1.1, Max: 2, Diff: 1, Sum: 14]
      [GC Worker Other (ms): Min: 0.0, Avg: 0.0, Max: 0.0, Diff: 0.0, Sum: 0.1]
      [GC Worker Total (ms): Min: 0.9, Avg: 1.0, Max: 1.1, Diff: 0.2, Sum: 12.8]
      [GC Worker End (ms): Min: 530.1, Avg: 530.1, Max: 530.1, Diff: 0.1]
   [Code Root Fixup: 0.0 ms]
   [Code Root Purge: 0.0 ms]
   [Clear CT: 0.4 ms]
   [Other: 1.2 ms]
      [Choose CSet: 0.0 ms]
      [Ref Proc: 0.9 ms]
      [Ref Enq: 0.0 ms]
      [Redirty Cards: 0.2 ms]
      [Humongous Register: 0.0 ms]
      [Humongous Reclaim: 0.0 ms]
      [Free CSet: 0.0 ms]
   [Eden: 1024.0K(17.0M)->0.0B(18.0M) Survivors: 2048.0K->2048.0K Heap: 216.0M(300.0M)->215.1M(300.0M)]
 [Times: user=0.02 sys=0.00, real=0.00 secs] 
[GC concurrent-root-region-scan-start]
[GC concurrent-root-region-scan-end, 0.0001981 secs]
[GC concurrent-mark-start]
[GC concurrent-mark-end, 0.0007994 secs]
[GC remark [Finalize Marking, 0.0008605 secs] [GC ref-proc, 0.0000785 secs] [Unloading, 0.0006720 secs], 0.0022806 secs]
 [Times: user=0.01 sys=0.00, real=0.01 secs] 
[GC cleanup 221M->221M(300M), 0.0007750 secs]
 [Times: user=0.01 sys=0.00, real=0.00 secs] 
[GC pause (G1 Evacuation Pause) (young), 0.0058628 secs]
   [Parallel Time: 2.5 ms, GC Workers: 13]
      [GC Worker Start (ms): Min: 545.5, Avg: 545.7, Max: 545.9, Diff: 0.4]
      [Ext Root Scanning (ms): Min: 0.0, Avg: 0.2, Max: 0.3, Diff: 0.3, Sum: 2.1]
      [Update RS (ms): Min: 0.5, Avg: 0.6, Max: 0.7, Diff: 0.3, Sum: 7.4]
         [Processed Buffers: Min: 2, Avg: 4.8, Max: 7, Diff: 5, Sum: 62]
      [Scan RS (ms): Min: 0.0, Avg: 0.0, Max: 0.0, Diff: 0.0, Sum: 0.0]
      [Code Root Scanning (ms): Min: 0.0, Avg: 0.0, Max: 0.0, Diff: 0.0, Sum: 0.0]
      [Object Copy (ms): Min: 0.5, Avg: 0.6, Max: 1.4, Diff: 0.9, Sum: 8.2]
      [Termination (ms): Min: 0.0, Avg: 0.8, Max: 1.0, Diff: 1.0, Sum: 9.9]
         [Termination Attempts: Min: 1, Avg: 1.0, Max: 1, Diff: 0, Sum: 13]
      [GC Worker Other (ms): Min: 0.0, Avg: 0.0, Max: 0.0, Diff: 0.0, Sum: 0.3]
      [GC Worker Total (ms): Min: 1.9, Avg: 2.1, Max: 2.4, Diff: 0.5, Sum: 27.9]
      [GC Worker End (ms): Min: 547.8, Avg: 547.8, Max: 548.0, Diff: 0.2]
   [Code Root Fixup: 0.0 ms]
   [Code Root Purge: 0.0 ms]
   [Clear CT: 1.0 ms]
   [Other: 2.3 ms]
      [Choose CSet: 0.0 ms]
      [Ref Proc: 1.2 ms]
      [Ref Enq: 0.0 ms]
      [Redirty Cards: 0.4 ms]
      [Humongous Register: 0.2 ms]
      [Humongous Reclaim: 0.1 ms]
      [Free CSet: 0.1 ms]
   [Eden: 18.0M(18.0M)->0.0B(12.0M) Survivors: 2048.0K->3072.0K Heap: 239.6M(300.0M)->224.8M(300.0M)]
 [Times: user=0.03 sys=0.00, real=0.00 secs] 
[GC pause (G1 Evacuation Pause) (mixed), 0.0079821 secs]
   [Parallel Time: 5.9 ms, GC Workers: 13]
      [GC Worker Start (ms): Min: 557.4, Avg: 557.6, Max: 557.7, Diff: 0.3]
      [Ext Root Scanning (ms): Min: 0.0, Avg: 0.1, Max: 0.3, Diff: 0.3, Sum: 1.9]
      [Update RS (ms): Min: 0.2, Avg: 0.2, Max: 0.3, Diff: 0.1, Sum: 2.9]
         [Processed Buffers: Min: 1, Avg: 2.0, Max: 3, Diff: 2, Sum: 26]
      [Scan RS (ms): Min: 0.0, Avg: 0.0, Max: 0.1, Diff: 0.1, Sum: 0.3]
      [Code Root Scanning (ms): Min: 0.0, Avg: 0.0, Max: 0.0, Diff: 0.0, Sum: 0.0]
      [Object Copy (ms): Min: 4.1, Avg: 4.3, Max: 4.9, Diff: 0.8, Sum: 55.5]
      [Termination (ms): Min: 0.0, Avg: 0.7, Max: 0.8, Diff: 0.8, Sum: 8.6]
         [Termination Attempts: Min: 1, Avg: 1.0, Max: 1, Diff: 0, Sum: 13]
      [GC Worker Other (ms): Min: 0.0, Avg: 0.0, Max: 0.0, Diff: 0.0, Sum: 0.3]
      [GC Worker Total (ms): Min: 5.1, Avg: 5.3, Max: 5.7, Diff: 0.5, Sum: 69.4]
      [GC Worker End (ms): Min: 562.8, Avg: 562.9, Max: 563.1, Diff: 0.2]
   [Code Root Fixup: 0.0 ms]
   [Code Root Purge: 0.0 ms]
   [Clear CT: 0.3 ms]
   [Other: 1.8 ms]
      [Choose CSet: 0.0 ms]
      [Ref Proc: 1.2 ms]
      [Ref Enq: 0.0 ms]
      [Redirty Cards: 0.3 ms]
      [Humongous Register: 0.1 ms]
      [Humongous Reclaim: 0.0 ms]
      [Free CSet: 0.1 ms]
   [Eden: 12.0M(12.0M)->0.0B(13.0M) Survivors: 3072.0K->2048.0K Heap: 238.7M(300.0M)->226.2M(300.0M)]
 [Times: user=0.07 sys=0.01, real=0.01 secs] 
[GC pause (G1 Humongous Allocation) (young) (initial-mark), 0.0037724 secs]
   [Parallel Time: 2.3 ms, GC Workers: 13]
      [GC Worker Start (ms): Min: 566.5, Avg: 566.8, Max: 567.0, Diff: 0.5]
      [Ext Root Scanning (ms): Min: 0.0, Avg: 0.6, Max: 0.9, Diff: 0.9, Sum: 7.4]
      [Update RS (ms): Min: 0.0, Avg: 0.1, Max: 0.4, Diff: 0.4, Sum: 1.1]
         [Processed Buffers: Min: 0, Avg: 1.0, Max: 4, Diff: 4, Sum: 13]
      [Scan RS (ms): Min: 0.0, Avg: 0.0, Max: 0.0, Diff: 0.0, Sum: 0.0]
      [Code Root Scanning (ms): Min: 0.0, Avg: 0.0, Max: 0.0, Diff: 0.0, Sum: 0.0]
      [Object Copy (ms): Min: 0.0, Avg: 0.6, Max: 1.0, Diff: 1.0, Sum: 7.3]
      [Termination (ms): Min: 0.0, Avg: 0.6, Max: 0.8, Diff: 0.8, Sum: 8.0]
         [Termination Attempts: Min: 1, Avg: 1.0, Max: 1, Diff: 0, Sum: 13]
      [GC Worker Other (ms): Min: 0.0, Avg: 0.0, Max: 0.0, Diff: 0.0, Sum: 0.4]
      [GC Worker Total (ms): Min: 1.6, Avg: 1.9, Max: 2.2, Diff: 0.6, Sum: 24.1]
      [GC Worker End (ms): Min: 568.6, Avg: 568.7, Max: 568.8, Diff: 0.2]
   [Code Root Fixup: 0.0 ms]
   [Code Root Purge: 0.0 ms]
   [Clear CT: 0.2 ms]
   [Other: 1.2 ms]
      [Choose CSet: 0.0 ms]
      [Ref Proc: 0.4 ms]
      [Ref Enq: 0.0 ms]
      [Redirty Cards: 0.3 ms]
      [Humongous Register: 0.1 ms]
      [Humongous Reclaim: 0.1 ms]
      [Free CSet: 0.1 ms]
   [Eden: 2048.0K(13.0M)->0.0B(14.0M) Survivors: 2048.0K->1024.0K Heap: 227.7M(300.0M)->226.2M(300.0M)]
 [Times: user=0.02 sys=0.00, real=0.00 secs] 
[GC concurrent-root-region-scan-start]
[GC concurrent-root-region-scan-end, 0.0003806 secs]
[GC concurrent-mark-start]
[GC concurrent-mark-end, 0.0015580 secs]
[GC remark [Finalize Marking, 0.0006815 secs] [GC ref-proc, 0.0000907 secs] [Unloading, 0.0007589 secs], 0.0020531 secs]
 [Times: user=0.01 sys=0.00, real=0.01 secs] 
[GC cleanup 233M->233M(300M), 0.0011669 secs]
 [Times: user=0.01 sys=0.00, real=0.00 secs] 
[GC pause (G1 Evacuation Pause) (young), 0.0038383 secs]
   [Parallel Time: 2.4 ms, GC Workers: 13]
      [GC Worker Start (ms): Min: 580.7, Avg: 580.9, Max: 581.0, Diff: 0.3]
      [Ext Root Scanning (ms): Min: 0.0, Avg: 0.1, Max: 0.3, Diff: 0.3, Sum: 1.1]
      [Update RS (ms): Min: 0.4, Avg: 0.5, Max: 0.6, Diff: 0.2, Sum: 7.1]
         [Processed Buffers: Min: 4, Avg: 4.6, Max: 5, Diff: 1, Sum: 60]
      [Scan RS (ms): Min: 0.0, Avg: 0.0, Max: 0.0, Diff: 0.0, Sum: 0.1]
      [Code Root Scanning (ms): Min: 0.0, Avg: 0.0, Max: 0.0, Diff: 0.0, Sum: 0.0]
      [Object Copy (ms): Min: 0.6, Avg: 1.1, Max: 1.4, Diff: 0.7, Sum: 13.8]
      [Termination (ms): Min: 0.0, Avg: 0.3, Max: 0.8, Diff: 0.8, Sum: 4.0]
         [Termination Attempts: Min: 1, Avg: 1.0, Max: 1, Diff: 0, Sum: 13]
      [GC Worker Other (ms): Min: 0.0, Avg: 0.0, Max: 0.1, Diff: 0.0, Sum: 0.4]
      [GC Worker Total (ms): Min: 1.9, Avg: 2.0, Max: 2.3, Diff: 0.4, Sum: 26.5]
      [GC Worker End (ms): Min: 582.9, Avg: 582.9, Max: 583.1, Diff: 0.2]
   [Code Root Fixup: 0.0 ms]
   [Code Root Purge: 0.0 ms]
   [Clear CT: 0.2 ms]
   [Other: 1.2 ms]
      [Choose CSet: 0.0 ms]
      [Ref Proc: 0.6 ms]
      [Ref Enq: 0.0 ms]
      [Redirty Cards: 0.2 ms]
      [Humongous Register: 0.1 ms]
      [Humongous Reclaim: 0.1 ms]
      [Free CSet: 0.1 ms]
   [Eden: 14.0M(14.0M)->0.0B(13.0M) Survivors: 1024.0K->2048.0K Heap: 246.2M(300.0M)->229.7M(300.0M)]
 [Times: user=0.03 sys=0.01, real=0.01 secs] 
[GC pause (G1 Evacuation Pause) (mixed) (to-space exhausted), 0.0102360 secs]
   [Parallel Time: 8.6 ms, GC Workers: 13]
      [GC Worker Start (ms): Min: 589.8, Avg: 590.1, Max: 590.5, Diff: 0.7]
      [Ext Root Scanning (ms): Min: 0.0, Avg: 0.2, Max: 0.5, Diff: 0.5, Sum: 3.0]
      [Update RS (ms): Min: 0.0, Avg: 0.4, Max: 1.0, Diff: 1.0, Sum: 5.6]
         [Processed Buffers: Min: 0, Avg: 1.7, Max: 3, Diff: 3, Sum: 22]
      [Scan RS (ms): Min: 0.0, Avg: 0.2, Max: 0.8, Diff: 0.7, Sum: 2.4]
      [Code Root Scanning (ms): Min: 0.0, Avg: 0.0, Max: 0.0, Diff: 0.0, Sum: 0.0]
      [Object Copy (ms): Min: 6.2, Avg: 6.7, Max: 7.4, Diff: 1.2, Sum: 87.7]
      [Termination (ms): Min: 0.0, Avg: 0.3, Max: 0.6, Diff: 0.6, Sum: 4.5]
         [Termination Attempts: Min: 1, Avg: 1.0, Max: 1, Diff: 0, Sum: 13]
      [GC Worker Other (ms): Min: 0.0, Avg: 0.1, Max: 0.2, Diff: 0.2, Sum: 0.8]
      [GC Worker Total (ms): Min: 7.6, Avg: 8.0, Max: 8.3, Diff: 0.7, Sum: 104.1]
      [GC Worker End (ms): Min: 598.0, Avg: 598.1, Max: 598.2, Diff: 0.2]
   [Code Root Fixup: 0.0 ms]
   [Code Root Purge: 0.0 ms]
   [Clear CT: 0.3 ms]
   [Other: 1.3 ms]
      [Evacuation Failure: 0.3 ms]
      [Choose CSet: 0.0 ms]
      [Ref Proc: 0.4 ms]
      [Ref Enq: 0.0 ms]
      [Redirty Cards: 0.2 ms]
      [Humongous Register: 0.2 ms]
      [Humongous Reclaim: 0.0 ms]
      [Free CSet: 0.0 ms]
   [Eden: 13.0M(13.0M)->0.0B(13.0M) Survivors: 2048.0K->2048.0K Heap: 244.1M(300.0M)->228.6M(300.0M)]
 [Times: user=0.09 sys=0.01, real=0.01 secs] 
[GC pause (G1 Humongous Allocation) (young) (initial-mark), 0.0021981 secs]
   [Parallel Time: 1.3 ms, GC Workers: 13]
      [GC Worker Start (ms): Min: 600.1, Avg: 600.2, Max: 600.3, Diff: 0.2]
      [Ext Root Scanning (ms): Min: 0.1, Avg: 0.2, Max: 0.3, Diff: 0.2, Sum: 2.2]
      [Update RS (ms): Min: 0.1, Avg: 0.1, Max: 0.4, Diff: 0.3, Sum: 1.6]
         [Processed Buffers: Min: 1, Avg: 1.7, Max: 4, Diff: 3, Sum: 22]
      [Scan RS (ms): Min: 0.0, Avg: 0.0, Max: 0.0, Diff: 0.0, Sum: 0.0]
      [Code Root Scanning (ms): Min: 0.0, Avg: 0.0, Max: 0.0, Diff: 0.0, Sum: 0.0]
      [Object Copy (ms): Min: 0.0, Avg: 0.3, Max: 0.6, Diff: 0.6, Sum: 3.7]
      [Termination (ms): Min: 0.0, Avg: 0.4, Max: 0.5, Diff: 0.5, Sum: 5.1]
         [Termination Attempts: Min: 1, Avg: 1.0, Max: 1, Diff: 0, Sum: 13]
      [GC Worker Other (ms): Min: 0.0, Avg: 0.0, Max: 0.0, Diff: 0.0, Sum: 0.2]
      [GC Worker Total (ms): Min: 0.8, Avg: 1.0, Max: 1.2, Diff: 0.4, Sum: 12.8]
      [GC Worker End (ms): Min: 601.1, Avg: 601.2, Max: 601.3, Diff: 0.2]
   [Code Root Fixup: 0.0 ms]
   [Code Root Purge: 0.0 ms]
   [Clear CT: 0.1 ms]
   [Other: 0.8 ms]
      [Choose CSet: 0.0 ms]
      [Ref Proc: 0.4 ms]
      [Ref Enq: 0.0 ms]
      [Redirty Cards: 0.2 ms]
      [Humongous Register: 0.1 ms]
      [Humongous Reclaim: 0.0 ms]
      [Free CSet: 0.0 ms]
   [Eden: 1024.0K(13.0M)->0.0B(14.0M) Survivors: 2048.0K->1024.0K Heap: 228.7M(300.0M)->228.4M(300.0M)]
 [Times: user=0.01 sys=0.00, real=0.00 secs] 
[GC concurrent-root-region-scan-start]
[GC concurrent-root-region-scan-end, 0.0000957 secs]
[GC concurrent-mark-start]
[GC concurrent-mark-end, 0.0022696 secs]
[GC remark [Finalize Marking, 0.0004628 secs] [GC ref-proc, 0.0000726 secs] [Unloading, 0.0006668 secs], 0.0017525 secs]
 [Times: user=0.01 sys=0.00, real=0.00 secs] 
[GC cleanup 234M->234M(300M), 0.0008900 secs]
 [Times: user=0.00 sys=0.00, real=0.00 secs] 
[GC pause (G1 Evacuation Pause) (young), 0.0037647 secs]
   [Parallel Time: 2.4 ms, GC Workers: 13]
      [GC Worker Start (ms): Min: 614.8, Avg: 615.0, Max: 615.1, Diff: 0.4]
      [Ext Root Scanning (ms): Min: 0.0, Avg: 0.1, Max: 0.3, Diff: 0.3, Sum: 1.9]
      [Update RS (ms): Min: 0.3, Avg: 0.4, Max: 0.8, Diff: 0.5, Sum: 5.5]
         [Processed Buffers: Min: 2, Avg: 3.1, Max: 4, Diff: 2, Sum: 40]
      [Scan RS (ms): Min: 0.0, Avg: 0.0, Max: 0.0, Diff: 0.0, Sum: 0.0]
      [Code Root Scanning (ms): Min: 0.0, Avg: 0.0, Max: 0.0, Diff: 0.0, Sum: 0.0]
      [Object Copy (ms): Min: 0.8, Avg: 1.2, Max: 1.4, Diff: 0.6, Sum: 15.2]
      [Termination (ms): Min: 0.0, Avg: 0.2, Max: 0.5, Diff: 0.5, Sum: 2.8]
         [Termination Attempts: Min: 1, Avg: 1.0, Max: 1, Diff: 0, Sum: 13]
      [GC Worker Other (ms): Min: 0.0, Avg: 0.0, Max: 0.0, Diff: 0.0, Sum: 0.3]
      [GC Worker Total (ms): Min: 1.8, Avg: 2.0, Max: 2.2, Diff: 0.4, Sum: 25.8]
      [GC Worker End (ms): Min: 616.9, Avg: 616.9, Max: 617.1, Diff: 0.2]
   [Code Root Fixup: 0.0 ms]
   [Code Root Purge: 0.0 ms]
   [Clear CT: 0.2 ms]
   [Other: 1.1 ms]
      [Choose CSet: 0.0 ms]
      [Ref Proc: 0.4 ms]
      [Ref Enq: 0.0 ms]
      [Redirty Cards: 0.2 ms]
      [Humongous Register: 0.2 ms]
      [Humongous Reclaim: 0.1 ms]
      [Free CSet: 0.1 ms]
   [Eden: 14.0M(14.0M)->0.0B(13.0M) Survivors: 1024.0K->2048.0K Heap: 246.6M(300.0M)->235.7M(300.0M)]
 [Times: user=0.03 sys=0.00, real=0.01 secs] 
[GC pause (G1 Evacuation Pause) (mixed) (to-space exhausted), 0.0070931 secs]
   [Parallel Time: 5.0 ms, GC Workers: 13]
      [GC Worker Start (ms): Min: 624.8, Avg: 625.2, Max: 625.4, Diff: 0.6]
      [Ext Root Scanning (ms): Min: 0.0, Avg: 0.2, Max: 0.5, Diff: 0.5, Sum: 2.4]
      [Update RS (ms): Min: 0.3, Avg: 0.4, Max: 0.4, Diff: 0.1, Sum: 4.7]
         [Processed Buffers: Min: 2, Avg: 2.7, Max: 4, Diff: 2, Sum: 35]
      [Scan RS (ms): Min: 0.0, Avg: 0.0, Max: 0.1, Diff: 0.1, Sum: 0.4]
      [Code Root Scanning (ms): Min: 0.0, Avg: 0.0, Max: 0.0, Diff: 0.0, Sum: 0.0]
      [Object Copy (ms): Min: 3.5, Avg: 3.6, Max: 3.7, Diff: 0.3, Sum: 47.0]
      [Termination (ms): Min: 0.0, Avg: 0.2, Max: 0.3, Diff: 0.3, Sum: 2.5]
         [Termination Attempts: Min: 1, Avg: 1.0, Max: 1, Diff: 0, Sum: 13]
      [GC Worker Other (ms): Min: 0.0, Avg: 0.0, Max: 0.1, Diff: 0.0, Sum: 0.4]
      [GC Worker Total (ms): Min: 4.1, Avg: 4.4, Max: 4.8, Diff: 0.6, Sum: 57.5]
      [GC Worker End (ms): Min: 629.5, Avg: 629.6, Max: 629.7, Diff: 0.1]
   [Code Root Fixup: 0.0 ms]
   [Code Root Purge: 0.0 ms]
   [Clear CT: 0.3 ms]
   [Other: 1.7 ms]
      [Evacuation Failure: 0.3 ms]
      [Choose CSet: 0.1 ms]
      [Ref Proc: 0.4 ms]
      [Ref Enq: 0.0 ms]
      [Redirty Cards: 0.3 ms]
      [Humongous Register: 0.4 ms]
      [Humongous Reclaim: 0.0 ms]
      [Free CSet: 0.0 ms]
   [Eden: 13.0M(13.0M)->0.0B(13.0M) Survivors: 2048.0K->2048.0K Heap: 251.4M(300.0M)->248.4M(300.0M)]
 [Times: user=0.05 sys=0.01, real=0.01 secs] 
[GC pause (G1 Humongous Allocation) (young) (initial-mark), 0.0028185 secs]
   [Parallel Time: 1.4 ms, GC Workers: 13]
      [GC Worker Start (ms): Min: 631.7, Avg: 631.9, Max: 632.0, Diff: 0.3]
      [Ext Root Scanning (ms): Min: 0.1, Avg: 0.2, Max: 0.4, Diff: 0.3, Sum: 2.4]
      [Update RS (ms): Min: 0.1, Avg: 0.1, Max: 0.2, Diff: 0.1, Sum: 1.4]
         [Processed Buffers: Min: 1, Avg: 1.7, Max: 3, Diff: 2, Sum: 22]
      [Scan RS (ms): Min: 0.0, Avg: 0.0, Max: 0.0, Diff: 0.0, Sum: 0.0]
      [Code Root Scanning (ms): Min: 0.0, Avg: 0.0, Max: 0.0, Diff: 0.0, Sum: 0.0]
      [Object Copy (ms): Min: 0.0, Avg: 0.3, Max: 0.5, Diff: 0.5, Sum: 3.7]
      [Termination (ms): Min: 0.0, Avg: 0.3, Max: 0.6, Diff: 0.6, Sum: 4.0]
         [Termination Attempts: Min: 1, Avg: 1.0, Max: 1, Diff: 0, Sum: 13]
      [GC Worker Other (ms): Min: 0.0, Avg: 0.0, Max: 0.0, Diff: 0.0, Sum: 0.2]
      [GC Worker Total (ms): Min: 0.8, Avg: 0.9, Max: 1.2, Diff: 0.4, Sum: 11.7]
      [GC Worker End (ms): Min: 632.7, Avg: 632.8, Max: 633.0, Diff: 0.3]
   [Code Root Fixup: 0.0 ms]
   [Code Root Purge: 0.0 ms]
   [Clear CT: 0.3 ms]
   [Other: 1.1 ms]
      [Choose CSet: 0.0 ms]
      [Ref Proc: 0.4 ms]
      [Ref Enq: 0.0 ms]
      [Redirty Cards: 0.3 ms]
      [Humongous Register: 0.1 ms]
      [Humongous Reclaim: 0.1 ms]
      [Free CSet: 0.1 ms]
   [Eden: 1024.0K(13.0M)->0.0B(14.0M) Survivors: 2048.0K->1024.0K Heap: 249.0M(300.0M)->249.0M(300.0M)]
 [Times: user=0.01 sys=0.00, real=0.01 secs] 
[GC concurrent-root-region-scan-start]
[GC concurrent-root-region-scan-end, 0.0004504 secs]
[GC concurrent-mark-start]
[GC concurrent-mark-end, 0.0034494 secs]
[GC remark [Finalize Marking, 0.0004505 secs] [GC ref-proc, 0.0000686 secs] [Unloading, 0.0008848 secs], 0.0022081 secs]
 [Times: user=0.01 sys=0.00, real=0.00 secs] 
[GC cleanup 256M->255M(300M), 0.0012044 secs]
 [Times: user=0.00 sys=0.01, real=0.00 secs] 
[GC concurrent-cleanup-start]
[GC concurrent-cleanup-end, 0.0000135 secs]
[GC pause (G1 Evacuation Pause) (young) (to-space exhausted), 0.0025227 secs]
   [Parallel Time: 1.2 ms, GC Workers: 13]
      [GC Worker Start (ms): Min: 645.8, Avg: 645.9, Max: 646.0, Diff: 0.2]
      [Ext Root Scanning (ms): Min: 0.0, Avg: 0.1, Max: 0.2, Diff: 0.2, Sum: 1.7]
      [Update RS (ms): Min: 0.5, Avg: 0.5, Max: 0.6, Diff: 0.1, Sum: 6.7]
         [Processed Buffers: Min: 3, Avg: 4.1, Max: 5, Diff: 2, Sum: 53]
      [Scan RS (ms): Min: 0.0, Avg: 0.0, Max: 0.0, Diff: 0.0, Sum: 0.0]
      [Code Root Scanning (ms): Min: 0.0, Avg: 0.0, Max: 0.0, Diff: 0.0, Sum: 0.0]
      [Object Copy (ms): Min: 0.0, Avg: 0.0, Max: 0.2, Diff: 0.2, Sum: 0.6]
      [Termination (ms): Min: 0.0, Avg: 0.2, Max: 0.3, Diff: 0.3, Sum: 2.5]
         [Termination Attempts: Min: 1, Avg: 1.0, Max: 1, Diff: 0, Sum: 13]
      [GC Worker Other (ms): Min: 0.0, Avg: 0.0, Max: 0.0, Diff: 0.0, Sum: 0.2]
      [GC Worker Total (ms): Min: 0.7, Avg: 0.9, Max: 1.0, Diff: 0.3, Sum: 11.7]
      [GC Worker End (ms): Min: 646.7, Avg: 646.8, Max: 646.9, Diff: 0.1]
   [Code Root Fixup: 0.0 ms]
   [Code Root Purge: 0.0 ms]
   [Clear CT: 0.2 ms]
   [Other: 1.1 ms]
      [Evacuation Failure: 0.2 ms]
      [Choose CSet: 0.0 ms]
      [Ref Proc: 0.4 ms]
      [Ref Enq: 0.0 ms]
      [Redirty Cards: 0.2 ms]
      [Humongous Register: 0.1 ms]
      [Humongous Reclaim: 0.1 ms]
      [Free CSet: 0.0 ms]
   [Eden: 8192.0K(14.0M)->0.0B(15.0M) Survivors: 1024.0K->0.0B Heap: 261.4M(300.0M)->259.2M(300.0M)]
 [Times: user=0.01 sys=0.00, real=0.00 secs] 
[GC pause (G1 Evacuation Pause) (mixed) (to-space exhausted), 0.0026618 secs]
   [Parallel Time: 1.2 ms, GC Workers: 13]
      [GC Worker Start (ms): Min: 652.2, Avg: 652.4, Max: 652.5, Diff: 0.3]
      [Ext Root Scanning (ms): Min: 0.0, Avg: 0.2, Max: 0.3, Diff: 0.3, Sum: 2.1]
      [Update RS (ms): Min: 0.0, Avg: 0.0, Max: 0.1, Diff: 0.0, Sum: 0.6]
         [Processed Buffers: Min: 0, Avg: 1.3, Max: 2, Diff: 2, Sum: 17]
      [Scan RS (ms): Min: 0.0, Avg: 0.0, Max: 0.1, Diff: 0.1, Sum: 0.3]
      [Code Root Scanning (ms): Min: 0.0, Avg: 0.0, Max: 0.0, Diff: 0.0, Sum: 0.0]
      [Object Copy (ms): Min: 0.2, Avg: 0.4, Max: 0.4, Diff: 0.3, Sum: 4.6]
      [Termination (ms): Min: 0.0, Avg: 0.1, Max: 0.3, Diff: 0.3, Sum: 1.6]
         [Termination Attempts: Min: 1, Avg: 1.0, Max: 1, Diff: 0, Sum: 13]
      [GC Worker Other (ms): Min: 0.0, Avg: 0.0, Max: 0.0, Diff: 0.0, Sum: 0.2]
      [GC Worker Total (ms): Min: 0.6, Avg: 0.7, Max: 0.9, Diff: 0.3, Sum: 9.5]
      [GC Worker End (ms): Min: 653.1, Avg: 653.1, Max: 653.2, Diff: 0.2]
   [Code Root Fixup: 0.0 ms]
   [Code Root Purge: 0.0 ms]
   [Clear CT: 0.2 ms]
   [Other: 1.2 ms]
      [Evacuation Failure: 0.3 ms]
      [Choose CSet: 0.0 ms]
      [Ref Proc: 0.4 ms]
      [Ref Enq: 0.0 ms]
      [Redirty Cards: 0.2 ms]
      [Humongous Register: 0.2 ms]
      [Humongous Reclaim: 0.0 ms]
      [Free CSet: 0.0 ms]
   [Eden: 4096.0K(15.0M)->0.0B(15.0M) Survivors: 0.0B->0.0B Heap: 263.2M(300.0M)->262.6M(300.0M)]
 [Times: user=0.01 sys=0.00, real=0.01 secs] 
[GC pause (G1 Evacuation Pause) (mixed) (to-space exhausted), 0.0018124 secs]
   [Parallel Time: 0.7 ms, GC Workers: 13]
      [GC Worker Start (ms): Min: 655.5, Avg: 655.6, Max: 655.7, Diff: 0.2]
      [Ext Root Scanning (ms): Min: 0.1, Avg: 0.2, Max: 0.3, Diff: 0.2, Sum: 2.3]
      [Update RS (ms): Min: 0.1, Avg: 0.1, Max: 0.1, Diff: 0.0, Sum: 1.6]
         [Processed Buffers: Min: 1, Avg: 2.2, Max: 5, Diff: 4, Sum: 28]
      [Scan RS (ms): Min: 0.0, Avg: 0.0, Max: 0.0, Diff: 0.0, Sum: 0.1]
      [Code Root Scanning (ms): Min: 0.0, Avg: 0.0, Max: 0.0, Diff: 0.0, Sum: 0.0]
      [Object Copy (ms): Min: 0.0, Avg: 0.0, Max: 0.1, Diff: 0.1, Sum: 0.5]
      [Termination (ms): Min: 0.0, Avg: 0.1, Max: 0.2, Diff: 0.2, Sum: 1.0]
         [Termination Attempts: Min: 1, Avg: 1.0, Max: 1, Diff: 0, Sum: 13]
      [GC Worker Other (ms): Min: 0.0, Avg: 0.0, Max: 0.0, Diff: 0.0, Sum: 0.2]
      [GC Worker Total (ms): Min: 0.3, Avg: 0.4, Max: 0.6, Diff: 0.3, Sum: 5.6]
      [GC Worker End (ms): Min: 656.0, Avg: 656.1, Max: 656.1, Diff: 0.1]
   [Code Root Fixup: 0.0 ms]
   [Code Root Purge: 0.0 ms]
   [Clear CT: 0.2 ms]
   [Other: 0.9 ms]
      [Evacuation Failure: 0.2 ms]
      [Choose CSet: 0.0 ms]
      [Ref Proc: 0.3 ms]
      [Ref Enq: 0.0 ms]
      [Redirty Cards: 0.2 ms]
      [Humongous Register: 0.2 ms]
      [Humongous Reclaim: 0.0 ms]
      [Free CSet: 0.0 ms]
   [Eden: 1024.0K(15.0M)->0.0B(15.0M) Survivors: 0.0B->0.0B Heap: 263.6M(300.0M)->263.6M(300.0M)]
 [Times: user=0.01 sys=0.00, real=0.00 secs] 
[Full GC (Allocation Failure)  263M->211M(300M), 0.0340423 secs]
   [Eden: 0.0B(15.0M)->0.0B(15.0M) Survivors: 0.0B->0.0B Heap: 263.6M(300.0M)->211.6M(300.0M)], [Metaspace: 2725K->2725K(1056768K)]
 [Times: user=0.04 sys=0.00, real=0.03 secs] 
[GC pause (G1 Humongous Allocation) (young) (initial-mark), 0.0015276 secs]
   [Parallel Time: 0.6 ms, GC Workers: 13]
      [GC Worker Start (ms): Min: 691.8, Avg: 691.9, Max: 691.9, Diff: 0.1]
      [Ext Root Scanning (ms): Min: 0.1, Avg: 0.1, Max: 0.2, Diff: 0.1, Sum: 1.6]
      [Update RS (ms): Min: 0.0, Avg: 0.0, Max: 0.1, Diff: 0.1, Sum: 0.2]
         [Processed Buffers: Min: 0, Avg: 0.2, Max: 1, Diff: 1, Sum: 2]
      [Scan RS (ms): Min: 0.0, Avg: 0.0, Max: 0.0, Diff: 0.0, Sum: 0.0]
      [Code Root Scanning (ms): Min: 0.0, Avg: 0.0, Max: 0.0, Diff: 0.0, Sum: 0.0]
      [Object Copy (ms): Min: 0.0, Avg: 0.0, Max: 0.1, Diff: 0.1, Sum: 0.2]
      [Termination (ms): Min: 0.0, Avg: 0.2, Max: 0.2, Diff: 0.2, Sum: 2.0]
         [Termination Attempts: Min: 1, Avg: 1.4, Max: 2, Diff: 1, Sum: 18]
      [GC Worker Other (ms): Min: 0.0, Avg: 0.0, Max: 0.0, Diff: 0.0, Sum: 0.1]
      [GC Worker Total (ms): Min: 0.2, Avg: 0.3, Max: 0.4, Diff: 0.2, Sum: 4.2]
      [GC Worker End (ms): Min: 692.1, Avg: 692.2, Max: 692.3, Diff: 0.1]
   [Code Root Fixup: 0.0 ms]
   [Code Root Purge: 0.0 ms]
   [Clear CT: 0.3 ms]
   [Other: 0.6 ms]
      [Choose CSet: 0.0 ms]
      [Ref Proc: 0.3 ms]
      [Ref Enq: 0.0 ms]
      [Redirty Cards: 0.2 ms]
      [Humongous Register: 0.0 ms]
      [Humongous Reclaim: 0.0 ms]
      [Free CSet: 0.0 ms]
   [Eden: 2048.0K(15.0M)->0.0B(14.0M) Survivors: 0.0B->1024.0K Heap: 212.9M(300.0M)->212.3M(300.0M)]
 [Times: user=0.00 sys=0.00, real=0.00 secs] 
[GC concurrent-root-region-scan-start]
[GC concurrent-root-region-scan-end, 0.0000783 secs]
[GC concurrent-mark-start]
[GC concurrent-mark-end, 0.0009829 secs]
[GC remark [Finalize Marking, 0.0003006 secs] [GC ref-proc, 0.0000615 secs] [Unloading, 0.0005332 secs], 0.0014011 secs]
 [Times: user=0.00 sys=0.01, real=0.01 secs] 
[GC cleanup 218M->218M(300M), 0.0009135 secs]
 [Times: user=0.01 sys=0.00, real=0.00 secs] 
[GC pause (G1 Evacuation Pause) (young), 0.0015652 secs]
   [Parallel Time: 0.9 ms, GC Workers: 13]
      [GC Worker Start (ms): Min: 699.5, Avg: 699.6, Max: 699.7, Diff: 0.2]
      [Ext Root Scanning (ms): Min: 0.0, Avg: 0.1, Max: 0.2, Diff: 0.2, Sum: 1.3]
      [Update RS (ms): Min: 0.2, Avg: 0.2, Max: 0.2, Diff: 0.0, Sum: 3.0]
         [Processed Buffers: Min: 2, Avg: 2.3, Max: 4, Diff: 2, Sum: 30]
      [Scan RS (ms): Min: 0.0, Avg: 0.0, Max: 0.0, Diff: 0.0, Sum: 0.0]
      [Code Root Scanning (ms): Min: 0.0, Avg: 0.0, Max: 0.0, Diff: 0.0, Sum: 0.0]
      [Object Copy (ms): Min: 0.2, Avg: 0.3, Max: 0.3, Diff: 0.1, Sum: 3.3]
      [Termination (ms): Min: 0.0, Avg: 0.1, Max: 0.1, Diff: 0.1, Sum: 0.9]
         [Termination Attempts: Min: 1, Avg: 1.0, Max: 1, Diff: 0, Sum: 13]
      [GC Worker Other (ms): Min: 0.0, Avg: 0.0, Max: 0.0, Diff: 0.0, Sum: 0.1]
      [GC Worker Total (ms): Min: 0.5, Avg: 0.7, Max: 0.8, Diff: 0.2, Sum: 8.7]
      [GC Worker End (ms): Min: 700.2, Avg: 700.2, Max: 700.3, Diff: 0.0]
   [Code Root Fixup: 0.0 ms]
   [Code Root Purge: 0.0 ms]
   [Clear CT: 0.2 ms]
   [Other: 0.5 ms]
      [Choose CSet: 0.0 ms]
      [Ref Proc: 0.3 ms]
      [Ref Enq: 0.0 ms]
      [Redirty Cards: 0.2 ms]
      [Humongous Register: 0.0 ms]
      [Humongous Reclaim: 0.0 ms]
      [Free CSet: 0.0 ms]
   [Eden: 14.0M(14.0M)->0.0B(13.0M) Survivors: 1024.0K->2048.0K Heap: 229.4M(300.0M)->217.7M(300.0M)]
 [Times: user=0.01 sys=0.00, real=0.00 secs] 
[GC pause (G1 Humongous Allocation) (young) (initial-mark), 0.0012623 secs]
   [Parallel Time: 0.5 ms, GC Workers: 13]
      [GC Worker Start (ms): Min: 701.7, Avg: 701.7, Max: 701.8, Diff: 0.1]
      [Ext Root Scanning (ms): Min: 0.1, Avg: 0.1, Max: 0.2, Diff: 0.1, Sum: 1.5]
      [Update RS (ms): Min: 0.0, Avg: 0.0, Max: 0.1, Diff: 0.1, Sum: 0.4]
         [Processed Buffers: Min: 0, Avg: 0.8, Max: 1, Diff: 1, Sum: 10]
      [Scan RS (ms): Min: 0.0, Avg: 0.0, Max: 0.0, Diff: 0.0, Sum: 0.0]
      [Code Root Scanning (ms): Min: 0.0, Avg: 0.0, Max: 0.0, Diff: 0.0, Sum: 0.0]
      [Object Copy (ms): Min: 0.0, Avg: 0.1, Max: 0.1, Diff: 0.1, Sum: 1.1]
      [Termination (ms): Min: 0.0, Avg: 0.1, Max: 0.1, Diff: 0.1, Sum: 0.8]
         [Termination Attempts: Min: 1, Avg: 1.0, Max: 1, Diff: 0, Sum: 13]
      [GC Worker Other (ms): Min: 0.0, Avg: 0.0, Max: 0.0, Diff: 0.0, Sum: 0.1]
      [GC Worker Total (ms): Min: 0.2, Avg: 0.3, Max: 0.4, Diff: 0.1, Sum: 4.0]
      [GC Worker End (ms): Min: 702.0, Avg: 702.0, Max: 702.0, Diff: 0.0]
   [Code Root Fixup: 0.0 ms]
   [Code Root Purge: 0.0 ms]
   [Clear CT: 0.2 ms]
   [Other: 0.6 ms]
      [Choose CSet: 0.0 ms]
      [Ref Proc: 0.3 ms]
      [Ref Enq: 0.0 ms]
      [Redirty Cards: 0.2 ms]
      [Humongous Register: 0.0 ms]
      [Humongous Reclaim: 0.0 ms]
      [Free CSet: 0.0 ms]
   [Eden: 3072.0K(13.0M)->0.0B(14.0M) Survivors: 2048.0K->1024.0K Heap: 220.1M(300.0M)->217.9M(300.0M)]
 [Times: user=0.00 sys=0.00, real=0.00 secs] 
[GC concurrent-root-region-scan-start]
[GC concurrent-root-region-scan-end, 0.0000779 secs]
[GC concurrent-mark-start]
[GC concurrent-mark-end, 0.0008864 secs]
[GC remark [Finalize Marking, 0.0002346 secs] [GC ref-proc, 0.0000575 secs] [Unloading, 0.0004966 secs], 0.0012394 secs]
 [Times: user=0.01 sys=0.00, real=0.01 secs] 
[GC cleanup 225M->225M(300M), 0.0006725 secs]
 [Times: user=0.00 sys=0.00, real=0.00 secs] 
[GC pause (G1 Evacuation Pause) (young) (to-space exhausted), 0.0015148 secs]
   [Parallel Time: 0.8 ms, GC Workers: 13]
      [GC Worker Start (ms): Min: 708.3, Avg: 708.4, Max: 708.4, Diff: 0.1]
      [Ext Root Scanning (ms): Min: 0.1, Avg: 0.1, Max: 0.2, Diff: 0.1, Sum: 1.5]
      [Update RS (ms): Min: 0.4, Avg: 0.4, Max: 0.5, Diff: 0.1, Sum: 5.8]
         [Processed Buffers: Min: 3, Avg: 4.8, Max: 6, Diff: 3, Sum: 62]
      [Scan RS (ms): Min: 0.0, Avg: 0.0, Max: 0.0, Diff: 0.0, Sum: 0.0]
      [Code Root Scanning (ms): Min: 0.0, Avg: 0.0, Max: 0.0, Diff: 0.0, Sum: 0.0]
      [Object Copy (ms): Min: 0.0, Avg: 0.1, Max: 0.1, Diff: 0.1, Sum: 0.9]
      [Termination (ms): Min: 0.0, Avg: 0.0, Max: 0.1, Diff: 0.1, Sum: 0.5]
         [Termination Attempts: Min: 1, Avg: 1.0, Max: 1, Diff: 0, Sum: 13]
      [GC Worker Other (ms): Min: 0.0, Avg: 0.0, Max: 0.0, Diff: 0.0, Sum: 0.1]
      [GC Worker Total (ms): Min: 0.6, Avg: 0.7, Max: 0.7, Diff: 0.1, Sum: 8.8]
      [GC Worker End (ms): Min: 709.0, Avg: 709.1, Max: 709.1, Diff: 0.0]
   [Code Root Fixup: 0.0 ms]
   [Code Root Purge: 0.0 ms]
   [Clear CT: 0.2 ms]
   [Other: 0.5 ms]
      [Evacuation Failure: 0.1 ms]
      [Choose CSet: 0.0 ms]
      [Ref Proc: 0.2 ms]
      [Ref Enq: 0.0 ms]
      [Redirty Cards: 0.1 ms]
      [Humongous Register: 0.0 ms]
      [Humongous Reclaim: 0.0 ms]
      [Free CSet: 0.0 ms]
   [Eden: 14.0M(14.0M)->0.0B(14.0M) Survivors: 1024.0K->1024.0K Heap: 238.0M(300.0M)->232.3M(300.0M)]
 [Times: user=0.01 sys=0.00, real=0.00 secs] 
[GC pause (G1 Humongous Allocation) (young) (initial-mark), 0.0013142 secs]
   [Parallel Time: 0.8 ms, GC Workers: 13]
      [GC Worker Start (ms): Min: 711.1, Avg: 711.1, Max: 711.2, Diff: 0.1]
      [Ext Root Scanning (ms): Min: 0.1, Avg: 0.1, Max: 0.2, Diff: 0.1, Sum: 1.7]
      [Update RS (ms): Min: 0.0, Avg: 0.0, Max: 0.0, Diff: 0.0, Sum: 0.4]
         [Processed Buffers: Min: 0, Avg: 1.9, Max: 5, Diff: 5, Sum: 25]
      [Scan RS (ms): Min: 0.0, Avg: 0.0, Max: 0.0, Diff: 0.0, Sum: 0.0]
      [Code Root Scanning (ms): Min: 0.0, Avg: 0.0, Max: 0.0, Diff: 0.0, Sum: 0.0]
      [Object Copy (ms): Min: 0.0, Avg: 0.1, Max: 0.3, Diff: 0.3, Sum: 1.2]
      [Termination (ms): Min: 0.0, Avg: 0.3, Max: 0.4, Diff: 0.4, Sum: 4.1]
         [Termination Attempts: Min: 1, Avg: 1.0, Max: 1, Diff: 0, Sum: 13]
      [GC Worker Other (ms): Min: 0.0, Avg: 0.0, Max: 0.0, Diff: 0.0, Sum: 0.1]
      [GC Worker Total (ms): Min: 0.4, Avg: 0.6, Max: 0.7, Diff: 0.3, Sum: 7.6]
      [GC Worker End (ms): Min: 711.6, Avg: 711.7, Max: 711.8, Diff: 0.2]
   [Code Root Fixup: 0.0 ms]
   [Code Root Purge: 0.0 ms]
   [Clear CT: 0.1 ms]
   [Other: 0.4 ms]
      [Choose CSet: 0.0 ms]
      [Ref Proc: 0.2 ms]
      [Ref Enq: 0.0 ms]
      [Redirty Cards: 0.1 ms]
      [Humongous Register: 0.0 ms]
      [Humongous Reclaim: 0.0 ms]
      [Free CSet: 0.0 ms]
   [Eden: 6144.0K(14.0M)->0.0B(13.0M) Survivors: 1024.0K->2048.0K Heap: 238.1M(300.0M)->234.6M(300.0M)]
 [Times: user=0.01 sys=0.00, real=0.00 secs] 
[GC concurrent-root-region-scan-start]
[GC concurrent-root-region-scan-end, 0.0000649 secs]
[GC concurrent-mark-start]
[GC concurrent-mark-end, 0.0007649 secs]
[GC remark [Finalize Marking, 0.0001645 secs] [GC ref-proc, 0.0000635 secs] [Unloading, 0.0004141 secs], 0.0010745 secs]
 [Times: user=0.01 sys=0.00, real=0.00 secs] 
[GC cleanup 239M->239M(300M), 0.0006573 secs]
 [Times: user=0.00 sys=0.00, real=0.01 secs] 
[GC pause (G1 Humongous Allocation) (young) (to-space exhausted), 0.0010191 secs]
   [Parallel Time: 0.4 ms, GC Workers: 13]
      [GC Worker Start (ms): Min: 715.6, Avg: 715.7, Max: 715.7, Diff: 0.1]
      [Ext Root Scanning (ms): Min: 0.1, Avg: 0.1, Max: 0.2, Diff: 0.1, Sum: 1.4]
      [Update RS (ms): Min: 0.0, Avg: 0.1, Max: 0.1, Diff: 0.1, Sum: 0.7]
         [Processed Buffers: Min: 0, Avg: 1.2, Max: 2, Diff: 2, Sum: 16]
      [Scan RS (ms): Min: 0.0, Avg: 0.0, Max: 0.0, Diff: 0.0, Sum: 0.0]
      [Code Root Scanning (ms): Min: 0.0, Avg: 0.0, Max: 0.0, Diff: 0.0, Sum: 0.0]
      [Object Copy (ms): Min: 0.0, Avg: 0.0, Max: 0.0, Diff: 0.0, Sum: 0.2]
      [Termination (ms): Min: 0.0, Avg: 0.0, Max: 0.1, Diff: 0.1, Sum: 0.5]
         [Termination Attempts: Min: 1, Avg: 1.0, Max: 1, Diff: 0, Sum: 13]
      [GC Worker Other (ms): Min: 0.0, Avg: 0.0, Max: 0.0, Diff: 0.0, Sum: 0.1]
      [GC Worker Total (ms): Min: 0.2, Avg: 0.2, Max: 0.3, Diff: 0.1, Sum: 3.0]
      [GC Worker End (ms): Min: 715.9, Avg: 715.9, Max: 715.9, Diff: 0.0]
   [Code Root Fixup: 0.0 ms]
   [Code Root Purge: 0.0 ms]
   [Clear CT: 0.2 ms]
   [Other: 0.5 ms]
      [Evacuation Failure: 0.1 ms]
      [Choose CSet: 0.0 ms]
      [Ref Proc: 0.1 ms]
      [Ref Enq: 0.0 ms]
      [Redirty Cards: 0.1 ms]
      [Humongous Register: 0.0 ms]
      [Humongous Reclaim: 0.0 ms]
      [Free CSet: 0.0 ms]
   [Eden: 6144.0K(13.0M)->0.0B(15.0M) Survivors: 2048.0K->0.0B Heap: 240.9M(300.0M)->240.0M(300.0M)]
 [Times: user=0.01 sys=0.00, real=0.00 secs] 
[GC pause (G1 Evacuation Pause) (mixed) (to-space exhausted), 0.0009849 secs]
   [Parallel Time: 0.4 ms, GC Workers: 13]
      [GC Worker Start (ms): Min: 717.0, Avg: 717.1, Max: 717.1, Diff: 0.1]
      [Ext Root Scanning (ms): Min: 0.1, Avg: 0.1, Max: 0.2, Diff: 0.1, Sum: 1.4]
      [Update RS (ms): Min: 0.0, Avg: 0.1, Max: 0.1, Diff: 0.1, Sum: 0.7]
         [Processed Buffers: Min: 0, Avg: 1.7, Max: 4, Diff: 4, Sum: 22]
      [Scan RS (ms): Min: 0.0, Avg: 0.0, Max: 0.0, Diff: 0.0, Sum: 0.1]
      [Code Root Scanning (ms): Min: 0.0, Avg: 0.0, Max: 0.0, Diff: 0.0, Sum: 0.0]
      [Object Copy (ms): Min: 0.0, Avg: 0.0, Max: 0.1, Diff: 0.1, Sum: 0.5]
      [Termination (ms): Min: 0.0, Avg: 0.0, Max: 0.0, Diff: 0.0, Sum: 0.2]
         [Termination Attempts: Min: 1, Avg: 1.0, Max: 1, Diff: 0, Sum: 13]
      [GC Worker Other (ms): Min: 0.0, Avg: 0.0, Max: 0.0, Diff: 0.0, Sum: 0.1]
      [GC Worker Total (ms): Min: 0.2, Avg: 0.2, Max: 0.3, Diff: 0.1, Sum: 3.0]
      [GC Worker End (ms): Min: 717.3, Avg: 717.3, Max: 717.3, Diff: 0.0]
   [Code Root Fixup: 0.0 ms]
   [Code Root Purge: 0.0 ms]
   [Clear CT: 0.2 ms]
   [Other: 0.5 ms]
      [Evacuation Failure: 0.1 ms]
      [Choose CSet: 0.0 ms]
      [Ref Proc: 0.1 ms]
      [Ref Enq: 0.0 ms]
      [Redirty Cards: 0.1 ms]
      [Humongous Register: 0.0 ms]
      [Humongous Reclaim: 0.0 ms]
      [Free CSet: 0.0 ms]
   [Eden: 1024.0K(15.0M)->0.0B(15.0M) Survivors: 0.0B->0.0B Heap: 241.5M(300.0M)->241.0M(300.0M)]
 [Times: user=0.00 sys=0.00, real=0.00 secs] 
[GC pause (G1 Evacuation Pause) (young), 0.0008179 secs]
   [Parallel Time: 0.3 ms, GC Workers: 13]
      [GC Worker Start (ms): Min: 718.3, Avg: 718.4, Max: 718.4, Diff: 0.1]
      [Ext Root Scanning (ms): Min: 0.1, Avg: 0.1, Max: 0.2, Diff: 0.1, Sum: 1.4]
      [Update RS (ms): Min: 0.0, Avg: 0.0, Max: 0.0, Diff: 0.0, Sum: 0.4]
         [Processed Buffers: Min: 1, Avg: 1.7, Max: 4, Diff: 3, Sum: 22]
      [Scan RS (ms): Min: 0.0, Avg: 0.0, Max: 0.0, Diff: 0.0, Sum: 0.0]
      [Code Root Scanning (ms): Min: 0.0, Avg: 0.0, Max: 0.0, Diff: 0.0, Sum: 0.0]
      [Object Copy (ms): Min: 0.0, Avg: 0.0, Max: 0.0, Diff: 0.0, Sum: 0.0]
      [Termination (ms): Min: 0.0, Avg: 0.0, Max: 0.0, Diff: 0.0, Sum: 0.2]
         [Termination Attempts: Min: 1, Avg: 1.0, Max: 1, Diff: 0, Sum: 13]
      [GC Worker Other (ms): Min: 0.0, Avg: 0.0, Max: 0.0, Diff: 0.0, Sum: 0.1]
      [GC Worker Total (ms): Min: 0.1, Avg: 0.2, Max: 0.2, Diff: 0.1, Sum: 2.2]
      [GC Worker End (ms): Min: 718.5, Avg: 718.5, Max: 718.5, Diff: 0.0]
   [Code Root Fixup: 0.0 ms]
   [Code Root Purge: 0.0 ms]
   [Clear CT: 0.1 ms]
   [Other: 0.4 ms]
      [Choose CSet: 0.0 ms]
      [Ref Proc: 0.2 ms]
      [Ref Enq: 0.0 ms]
      [Redirty Cards: 0.1 ms]
      [Humongous Register: 0.0 ms]
      [Humongous Reclaim: 0.0 ms]
      [Free CSet: 0.0 ms]
   [Eden: 1024.0K(15.0M)->0.0B(15.0M) Survivors: 0.0B->0.0B Heap: 242.0M(300.0M)->241.0M(300.0M)]
 [Times: user=0.01 sys=0.00, real=0.00 secs] 
[GC pause (G1 Evacuation Pause) (young) (initial-mark) (to-space exhausted), 0.0010788 secs]
   [Parallel Time: 0.4 ms, GC Workers: 13]
      [GC Worker Start (ms): Min: 719.5, Avg: 719.5, Max: 719.6, Diff: 0.1]
      [Ext Root Scanning (ms): Min: 0.1, Avg: 0.1, Max: 0.2, Diff: 0.1, Sum: 1.4]
      [Update RS (ms): Min: 0.0, Avg: 0.0, Max: 0.1, Diff: 0.1, Sum: 0.2]
         [Processed Buffers: Min: 0, Avg: 0.2, Max: 1, Diff: 1, Sum: 3]
      [Scan RS (ms): Min: 0.0, Avg: 0.0, Max: 0.0, Diff: 0.0, Sum: 0.0]
      [Code Root Scanning (ms): Min: 0.0, Avg: 0.0, Max: 0.0, Diff: 0.0, Sum: 0.0]
      [Object Copy (ms): Min: 0.0, Avg: 0.0, Max: 0.0, Diff: 0.0, Sum: 0.1]
      [Termination (ms): Min: 0.0, Avg: 0.2, Max: 0.2, Diff: 0.2, Sum: 2.6]
         [Termination Attempts: Min: 1, Avg: 1.5, Max: 2, Diff: 1, Sum: 19]
      [GC Worker Other (ms): Min: 0.0, Avg: 0.0, Max: 0.0, Diff: 0.0, Sum: 0.1]
      [GC Worker Total (ms): Min: 0.2, Avg: 0.3, Max: 0.4, Diff: 0.2, Sum: 4.3]
      [GC Worker End (ms): Min: 719.8, Avg: 719.9, Max: 719.9, Diff: 0.1]
   [Code Root Fixup: 0.0 ms]
   [Code Root Purge: 0.0 ms]
   [Clear CT: 0.1 ms]
   [Other: 0.5 ms]
      [Evacuation Failure: 0.1 ms]
      [Choose CSet: 0.0 ms]
      [Ref Proc: 0.2 ms]
      [Ref Enq: 0.0 ms]
      [Redirty Cards: 0.1 ms]
      [Humongous Register: 0.0 ms]
      [Humongous Reclaim: 0.0 ms]
      [Free CSet: 0.0 ms]
   [Eden: 1024.0K(15.0M)->0.0B(15.0M) Survivors: 0.0B->0.0B Heap: 242.0M(300.0M)->242.0M(300.0M)]
 [Times: user=0.00 sys=0.00, real=0.00 secs] 
[GC concurrent-root-region-scan-start]
[GC concurrent-root-region-scan-end, 0.0000034 secs]
[GC concurrent-mark-start]
[Full GC (Allocation Failure)  241M->219M(300M), 0.0367701 secs]
   [Eden: 0.0B(15.0M)->0.0B(15.0M) Survivors: 0.0B->0.0B Heap: 242.0M(300.0M)->219.7M(300.0M)], [Metaspace: 2725K->2725K(1056768K)]
 [Times: user=0.04 sys=0.00, real=0.04 secs] 
[GC concurrent-mark-abort]
[GC pause (G1 Humongous Allocation) (young) (initial-mark), 0.0027585 secs]
   [Parallel Time: 1.3 ms, GC Workers: 13]
      [GC Worker Start (ms): Min: 759.1, Avg: 759.3, Max: 759.5, Diff: 0.4]
      [Ext Root Scanning (ms): Min: 0.0, Avg: 0.3, Max: 0.6, Diff: 0.6, Sum: 4.5]
      [Update RS (ms): Min: 0.0, Avg: 0.0, Max: 0.4, Diff: 0.4, Sum: 0.6]
         [Processed Buffers: Min: 0, Avg: 0.2, Max: 1, Diff: 1, Sum: 2]
      [Scan RS (ms): Min: 0.0, Avg: 0.0, Max: 0.0, Diff: 0.0, Sum: 0.0]
      [Code Root Scanning (ms): Min: 0.0, Avg: 0.0, Max: 0.0, Diff: 0.0, Sum: 0.0]
      [Object Copy (ms): Min: 0.0, Avg: 0.0, Max: 0.2, Diff: 0.2, Sum: 0.4]
      [Termination (ms): Min: 0.0, Avg: 0.3, Max: 0.5, Diff: 0.5, Sum: 3.7]
         [Termination Attempts: Min: 1, Avg: 1.2, Max: 2, Diff: 1, Sum: 15]
      [GC Worker Other (ms): Min: 0.0, Avg: 0.0, Max: 0.0, Diff: 0.0, Sum: 0.2]
      [GC Worker Total (ms): Min: 0.4, Avg: 0.7, Max: 1.0, Diff: 0.5, Sum: 9.4]
      [GC Worker End (ms): Min: 760.0, Avg: 760.0, Max: 760.2, Diff: 0.3]
   [Code Root Fixup: 0.0 ms]
   [Code Root Purge: 0.0 ms]
   [Clear CT: 0.4 ms]
   [Other: 1.1 ms]
      [Choose CSet: 0.0 ms]
      [Ref Proc: 0.4 ms]
      [Ref Enq: 0.0 ms]
      [Redirty Cards: 0.3 ms]
      [Humongous Register: 0.2 ms]
      [Humongous Reclaim: 0.0 ms]
      [Free CSet: 0.0 ms]
   [Eden: 2048.0K(15.0M)->0.0B(14.0M) Survivors: 0.0B->1024.0K Heap: 221.3M(300.0M)->220.2M(300.0M)]
 [Times: user=0.01 sys=0.00, real=0.00 secs] 
[GC concurrent-root-region-scan-start]
[GC concurrent-root-region-scan-end, 0.0001110 secs]
[GC concurrent-mark-start]
[GC concurrent-mark-end, 0.0016848 secs]
[GC remark [Finalize Marking, 0.0004747 secs] [GC ref-proc, 0.0000903 secs] [Unloading, 0.0013778 secs], 0.0027775 secs]
 [Times: user=0.02 sys=0.00, real=0.01 secs] 
[GC cleanup 227M->227M(300M), 0.0013226 secs]
 [Times: user=0.00 sys=0.01, real=0.00 secs] 
[GC pause (G1 Evacuation Pause) (young) (to-space exhausted), 0.0028121 secs]
   [Parallel Time: 1.3 ms, GC Workers: 13]
      [GC Worker Start (ms): Min: 772.1, Avg: 772.2, Max: 772.3, Diff: 0.3]
      [Ext Root Scanning (ms): Min: 0.0, Avg: 0.2, Max: 0.3, Diff: 0.3, Sum: 2.3]
      [Update RS (ms): Min: 0.5, Avg: 0.6, Max: 0.6, Diff: 0.1, Sum: 7.8]
         [Processed Buffers: Min: 3, Avg: 4.1, Max: 5, Diff: 2, Sum: 53]
      [Scan RS (ms): Min: 0.0, Avg: 0.0, Max: 0.0, Diff: 0.0, Sum: 0.0]
      [Code Root Scanning (ms): Min: 0.0, Avg: 0.0, Max: 0.0, Diff: 0.0, Sum: 0.0]
      [Object Copy (ms): Min: 0.0, Avg: 0.1, Max: 0.2, Diff: 0.2, Sum: 0.9]
      [Termination (ms): Min: 0.0, Avg: 0.1, Max: 0.2, Diff: 0.1, Sum: 1.1]
         [Termination Attempts: Min: 1, Avg: 1.0, Max: 1, Diff: 0, Sum: 13]
      [GC Worker Other (ms): Min: 0.0, Avg: 0.0, Max: 0.0, Diff: 0.0, Sum: 0.3]
      [GC Worker Total (ms): Min: 0.8, Avg: 1.0, Max: 1.1, Diff: 0.3, Sum: 12.4]
      [GC Worker End (ms): Min: 773.1, Avg: 773.2, Max: 773.2, Diff: 0.1]
   [Code Root Fixup: 0.0 ms]
   [Code Root Purge: 0.0 ms]
   [Clear CT: 0.3 ms]
   [Other: 1.2 ms]
      [Evacuation Failure: 0.3 ms]
      [Choose CSet: 0.0 ms]
      [Ref Proc: 0.4 ms]
      [Ref Enq: 0.0 ms]
      [Redirty Cards: 0.3 ms]
      [Humongous Register: 0.2 ms]
      [Humongous Reclaim: 0.0 ms]
      [Free CSet: 0.0 ms]
   [Eden: 12.0M(14.0M)->0.0B(15.0M) Survivors: 1024.0K->0.0B Heap: 238.2M(300.0M)->233.4M(300.0M)]
 [Times: user=0.01 sys=0.00, real=0.01 secs] 
[GC pause (G1 Humongous Allocation) (young) (initial-mark), 0.0013131 secs]
   [Parallel Time: 0.5 ms, GC Workers: 13]
      [GC Worker Start (ms): Min: 775.2, Avg: 775.3, Max: 775.4, Diff: 0.2]
      [Ext Root Scanning (ms): Min: 0.1, Avg: 0.2, Max: 0.3, Diff: 0.2, Sum: 2.2]
      [Update RS (ms): Min: 0.0, Avg: 0.1, Max: 0.1, Diff: 0.0, Sum: 0.8]
         [Processed Buffers: Min: 0, Avg: 1.2, Max: 3, Diff: 3, Sum: 16]
      [Scan RS (ms): Min: 0.0, Avg: 0.0, Max: 0.0, Diff: 0.0, Sum: 0.0]
      [Code Root Scanning (ms): Min: 0.0, Avg: 0.0, Max: 0.0, Diff: 0.0, Sum: 0.0]
      [Object Copy (ms): Min: 0.0, Avg: 0.0, Max: 0.1, Diff: 0.1, Sum: 0.1]
      [Termination (ms): Min: 0.0, Avg: 0.1, Max: 0.1, Diff: 0.1, Sum: 0.7]
         [Termination Attempts: Min: 1, Avg: 1.0, Max: 1, Diff: 0, Sum: 13]
      [GC Worker Other (ms): Min: 0.0, Avg: 0.0, Max: 0.0, Diff: 0.0, Sum: 0.2]
      [GC Worker Total (ms): Min: 0.2, Avg: 0.3, Max: 0.4, Diff: 0.2, Sum: 4.1]
      [GC Worker End (ms): Min: 775.6, Avg: 775.6, Max: 775.6, Diff: 0.0]
   [Code Root Fixup: 0.0 ms]
   [Code Root Purge: 0.0 ms]
   [Clear CT: 0.2 ms]
   [Other: 0.7 ms]
      [Choose CSet: 0.0 ms]
      [Ref Proc: 0.3 ms]
      [Ref Enq: 0.0 ms]
      [Redirty Cards: 0.1 ms]
      [Humongous Register: 0.1 ms]
      [Humongous Reclaim: 0.0 ms]
      [Free CSet: 0.0 ms]
   [Eden: 1024.0K(15.0M)->0.0B(14.0M) Survivors: 0.0B->1024.0K Heap: 234.1M(300.0M)->233.7M(300.0M)]
 [Times: user=0.01 sys=0.00, real=0.00 secs] 
[GC concurrent-root-region-scan-start]
[GC concurrent-root-region-scan-end, 0.0000475 secs]
[GC concurrent-mark-start]
[GC pause (G1 Evacuation Pause) (young) (to-space exhausted), 0.0030585 secs]
   [Parallel Time: 1.4 ms, GC Workers: 13]
      [GC Worker Start (ms): Min: 778.7, Avg: 778.9, Max: 779.2, Diff: 0.6]
      [Ext Root Scanning (ms): Min: 0.0, Avg: 0.2, Max: 0.4, Diff: 0.4, Sum: 2.8]
      [Update RS (ms): Min: 0.1, Avg: 0.2, Max: 0.6, Diff: 0.4, Sum: 2.6]
         [Processed Buffers: Min: 1, Avg: 1.1, Max: 2, Diff: 1, Sum: 14]
      [Scan RS (ms): Min: 0.0, Avg: 0.0, Max: 0.0, Diff: 0.0, Sum: 0.0]
      [Code Root Scanning (ms): Min: 0.0, Avg: 0.0, Max: 0.0, Diff: 0.0, Sum: 0.0]
      [Object Copy (ms): Min: 0.0, Avg: 0.0, Max: 0.1, Diff: 0.1, Sum: 0.4]
      [Termination (ms): Min: 0.0, Avg: 0.5, Max: 0.6, Diff: 0.6, Sum: 6.4]
         [Termination Attempts: Min: 1, Avg: 1.1, Max: 2, Diff: 1, Sum: 14]
      [GC Worker Other (ms): Min: 0.0, Avg: 0.0, Max: 0.0, Diff: 0.0, Sum: 0.4]
      [GC Worker Total (ms): Min: 0.6, Avg: 1.0, Max: 1.2, Diff: 0.7, Sum: 12.6]
      [GC Worker End (ms): Min: 779.8, Avg: 779.9, Max: 780.0, Diff: 0.2]
   [Code Root Fixup: 0.0 ms]
   [Code Root Purge: 0.0 ms]
   [Clear CT: 0.2 ms]
   [Other: 1.4 ms]
      [Evacuation Failure: 0.2 ms]
      [Choose CSet: 0.0 ms]
      [Ref Proc: 0.5 ms]
      [Ref Enq: 0.0 ms]
      [Redirty Cards: 0.2 ms]
      [Humongous Register: 0.2 ms]
      [Humongous Reclaim: 0.1 ms]
      [Free CSet: 0.0 ms]
   [Eden: 3072.0K(14.0M)->0.0B(15.0M) Survivors: 1024.0K->0.0B Heap: 238.0M(300.0M)->237.4M(300.0M)]
 [Times: user=0.02 sys=0.00, real=0.00 secs] 
[GC concurrent-mark-end, 0.0055168 secs]
[GC pause (G1 Humongous Allocation) (young) (to-space exhausted), 0.0019336 secs]
   [Parallel Time: 0.7 ms, GC Workers: 13]
      [GC Worker Start (ms): Min: 782.7, Avg: 782.8, Max: 782.9, Diff: 0.2]
      [Ext Root Scanning (ms): Min: 0.0, Avg: 0.1, Max: 0.2, Diff: 0.2, Sum: 1.7]
      [Update RS (ms): Min: 0.0, Avg: 0.0, Max: 0.2, Diff: 0.1, Sum: 0.6]
         [Processed Buffers: Min: 0, Avg: 0.8, Max: 2, Diff: 2, Sum: 10]
      [Scan RS (ms): Min: 0.0, Avg: 0.0, Max: 0.0, Diff: 0.0, Sum: 0.0]
      [Code Root Scanning (ms): Min: 0.0, Avg: 0.0, Max: 0.0, Diff: 0.0, Sum: 0.0]
      [Object Copy (ms): Min: 0.0, Avg: 0.0, Max: 0.0, Diff: 0.0, Sum: 0.1]
      [Termination (ms): Min: 0.0, Avg: 0.2, Max: 0.3, Diff: 0.3, Sum: 2.0]
         [Termination Attempts: Min: 1, Avg: 1.1, Max: 2, Diff: 1, Sum: 14]
      [GC Worker Other (ms): Min: 0.0, Avg: 0.0, Max: 0.0, Diff: 0.0, Sum: 0.2]
      [GC Worker Total (ms): Min: 0.2, Avg: 0.3, Max: 0.4, Diff: 0.2, Sum: 4.5]
      [GC Worker End (ms): Min: 783.1, Avg: 783.1, Max: 783.2, Diff: 0.1]
   [Code Root Fixup: 0.0 ms]
   [Code Root Purge: 0.0 ms]
   [Clear CT: 0.1 ms]
   [Other: 1.1 ms]
      [Evacuation Failure: 0.2 ms]
      [Choose CSet: 0.0 ms]
      [Ref Proc: 0.4 ms]
      [Ref Enq: 0.0 ms]
      [Redirty Cards: 0.2 ms]
      [Humongous Register: 0.2 ms]
      [Humongous Reclaim: 0.0 ms]
      [Free CSet: 0.0 ms]
   [Eden: 1024.0K(15.0M)->0.0B(15.0M) Survivors: 0.0B->0.0B Heap: 238.1M(300.0M)->238.1M(300.0M)]
 [Times: user=0.01 sys=0.00, real=0.00 secs] 
[GC remark [Finalize Marking, 0.0004259 secs] [GC ref-proc, 0.0000738 secs] [Unloading, 0.0006219 secs], 0.0016977 secs]
 [Times: user=0.01 sys=0.00, real=0.00 secs] 
[Full GC (Allocation Failure)  238M->227M(300M), 0.0632057 secs]
   [Eden: 0.0B(15.0M)->0.0B(15.0M) Survivors: 0.0B->0.0B Heap: 238.1M(300.0M)->227.3M(300.0M)], [Metaspace: 2725K->2725K(1056768K)]
 [Times: user=0.06 sys=0.01, real=0.06 secs] 
[GC cleanup, 0.0000136 secs]
 [Times: user=0.00 sys=0.00, real=0.00 secs] 
[GC concurrent-mark-abort]
[GC pause (G1 Humongous Allocation) (young) (initial-mark), 0.0028104 secs]
   [Parallel Time: 1.0 ms, GC Workers: 13]
      [GC Worker Start (ms): Min: 850.9, Avg: 851.0, Max: 851.1, Diff: 0.3]
      [Ext Root Scanning (ms): Min: 0.1, Avg: 0.2, Max: 0.3, Diff: 0.3, Sum: 2.5]
      [Update RS (ms): Min: 0.0, Avg: 0.1, Max: 0.3, Diff: 0.3, Sum: 1.1]
         [Processed Buffers: Min: 0, Avg: 0.5, Max: 1, Diff: 1, Sum: 7]
      [Scan RS (ms): Min: 0.0, Avg: 0.0, Max: 0.0, Diff: 0.0, Sum: 0.0]
      [Code Root Scanning (ms): Min: 0.0, Avg: 0.0, Max: 0.0, Diff: 0.0, Sum: 0.0]
      [Object Copy (ms): Min: 0.0, Avg: 0.0, Max: 0.2, Diff: 0.2, Sum: 0.3]
      [Termination (ms): Min: 0.0, Avg: 0.3, Max: 0.6, Diff: 0.6, Sum: 3.8]
         [Termination Attempts: Min: 1, Avg: 1.2, Max: 2, Diff: 1, Sum: 15]
      [GC Worker Other (ms): Min: 0.0, Avg: 0.0, Max: 0.0, Diff: 0.0, Sum: 0.2]
      [GC Worker Total (ms): Min: 0.4, Avg: 0.6, Max: 0.9, Diff: 0.5, Sum: 8.0]
      [GC Worker End (ms): Min: 851.5, Avg: 851.6, Max: 851.8, Diff: 0.3]
   [Code Root Fixup: 0.0 ms]
   [Code Root Purge: 0.0 ms]
   [Clear CT: 0.3 ms]
   [Other: 1.4 ms]
      [Choose CSet: 0.0 ms]
      [Ref Proc: 0.8 ms]
      [Ref Enq: 0.0 ms]
      [Redirty Cards: 0.3 ms]
      [Humongous Register: 0.2 ms]
      [Humongous Reclaim: 0.0 ms]
      [Free CSet: 0.0 ms]
   [Eden: 1024.0K(15.0M)->0.0B(14.0M) Survivors: 0.0B->1024.0K Heap: 228.4M(300.0M)->227.4M(300.0M)]
 [Times: user=0.02 sys=0.00, real=0.00 secs] 
[GC concurrent-root-region-scan-start]
[GC concurrent-root-region-scan-end, 0.0001211 secs]
[GC concurrent-mark-start]
[GC concurrent-mark-end, 0.0010234 secs]
[GC remark [Finalize Marking, 0.0004933 secs] [GC ref-proc, 0.0000720 secs] [Unloading, 0.0006759 secs], 0.0018683 secs]
 [Times: user=0.01 sys=0.00, real=0.00 secs] 
[GC cleanup 233M->233M(300M), 0.0010314 secs]
 [Times: user=0.00 sys=0.00, real=0.00 secs] 
[GC pause (G1 Evacuation Pause) (young) (to-space exhausted), 0.0014813 secs]
   [Parallel Time: 0.6 ms, GC Workers: 13]
      [GC Worker Start (ms): Min: 858.5, Avg: 858.6, Max: 858.7, Diff: 0.1]
      [Ext Root Scanning (ms): Min: 0.1, Avg: 0.1, Max: 0.2, Diff: 0.1, Sum: 1.8]
      [Update RS (ms): Min: 0.2, Avg: 0.3, Max: 0.3, Diff: 0.1, Sum: 3.6]
         [Processed Buffers: Min: 2, Avg: 2.1, Max: 3, Diff: 1, Sum: 27]
      [Scan RS (ms): Min: 0.0, Avg: 0.0, Max: 0.0, Diff: 0.0, Sum: 0.0]
      [Code Root Scanning (ms): Min: 0.0, Avg: 0.0, Max: 0.0, Diff: 0.0, Sum: 0.0]
      [Object Copy (ms): Min: 0.0, Avg: 0.0, Max: 0.0, Diff: 0.0, Sum: 0.1]
      [Termination (ms): Min: 0.0, Avg: 0.0, Max: 0.1, Diff: 0.1, Sum: 0.4]
         [Termination Attempts: Min: 1, Avg: 1.0, Max: 1, Diff: 0, Sum: 13]
      [GC Worker Other (ms): Min: 0.0, Avg: 0.0, Max: 0.0, Diff: 0.0, Sum: 0.1]
      [GC Worker Total (ms): Min: 0.4, Avg: 0.5, Max: 0.5, Diff: 0.1, Sum: 5.9]
      [GC Worker End (ms): Min: 859.1, Avg: 859.1, Max: 859.1, Diff: 0.0]
   [Code Root Fixup: 0.0 ms]
   [Code Root Purge: 0.0 ms]
   [Clear CT: 0.1 ms]
   [Other: 0.7 ms]
      [Evacuation Failure: 0.2 ms]
      [Choose CSet: 0.0 ms]
      [Ref Proc: 0.3 ms]
      [Ref Enq: 0.0 ms]
      [Redirty Cards: 0.2 ms]
      [Humongous Register: 0.1 ms]
      [Humongous Reclaim: 0.0 ms]
      [Free CSet: 0.0 ms]
   [Eden: 6144.0K(14.0M)->0.0B(15.0M) Survivors: 1024.0K->0.0B Heap: 236.4M(300.0M)->232.4M(300.0M)]
 [Times: user=0.00 sys=0.00, real=0.00 secs] 
[GC pause (G1 Humongous Allocation) (young) (initial-mark), 0.0012454 secs]
   [Parallel Time: 0.5 ms, GC Workers: 13]
      [GC Worker Start (ms): Min: 860.7, Avg: 860.8, Max: 860.8, Diff: 0.1]
      [Ext Root Scanning (ms): Min: 0.1, Avg: 0.1, Max: 0.2, Diff: 0.1, Sum: 1.8]
      [Update RS (ms): Min: 0.0, Avg: 0.0, Max: 0.1, Diff: 0.1, Sum: 0.3]
         [Processed Buffers: Min: 0, Avg: 0.6, Max: 1, Diff: 1, Sum: 8]
      [Scan RS (ms): Min: 0.0, Avg: 0.0, Max: 0.0, Diff: 0.0, Sum: 0.0]
      [Code Root Scanning (ms): Min: 0.0, Avg: 0.0, Max: 0.0, Diff: 0.0, Sum: 0.0]
      [Object Copy (ms): Min: 0.0, Avg: 0.0, Max: 0.1, Diff: 0.1, Sum: 0.3]
      [Termination (ms): Min: 0.0, Avg: 0.1, Max: 0.3, Diff: 0.3, Sum: 1.8]
         [Termination Attempts: Min: 1, Avg: 1.9, Max: 6, Diff: 5, Sum: 25]
      [GC Worker Other (ms): Min: 0.0, Avg: 0.0, Max: 0.0, Diff: 0.0, Sum: 0.1]
      [GC Worker Total (ms): Min: 0.2, Avg: 0.3, Max: 0.4, Diff: 0.2, Sum: 4.3]
      [GC Worker End (ms): Min: 861.1, Avg: 861.1, Max: 861.2, Diff: 0.1]
   [Code Root Fixup: 0.0 ms]
   [Code Root Purge: 0.0 ms]
   [Clear CT: 0.2 ms]
   [Other: 0.6 ms]
      [Choose CSet: 0.0 ms]
      [Ref Proc: 0.3 ms]
      [Ref Enq: 0.0 ms]
      [Redirty Cards: 0.2 ms]
      [Humongous Register: 0.0 ms]
      [Humongous Reclaim: 0.0 ms]
      [Free CSet: 0.0 ms]
   [Eden: 3072.0K(15.0M)->0.0B(13.0M) Survivors: 0.0B->2048.0K Heap: 234.7M(300.0M)->233.2M(300.0M)]
 [Times: user=0.01 sys=0.00, real=0.00 secs] 
[GC concurrent-root-region-scan-start]
[GC concurrent-root-region-scan-end, 0.0000951 secs]
[GC concurrent-mark-start]
[GC pause (G1 Evacuation Pause) (young) (to-space exhausted), 0.0016135 secs]
   [Parallel Time: 0.8 ms, GC Workers: 13]
      [GC Worker Start (ms): Min: 863.0, Avg: 863.0, Max: 863.1, Diff: 0.1]
      [Ext Root Scanning (ms): Min: 0.1, Avg: 0.1, Max: 0.2, Diff: 0.1, Sum: 1.7]
      [Update RS (ms): Min: 0.2, Avg: 0.2, Max: 0.4, Diff: 0.3, Sum: 2.7]
         [Processed Buffers: Min: 1, Avg: 1.5, Max: 2, Diff: 1, Sum: 20]
      [Scan RS (ms): Min: 0.0, Avg: 0.0, Max: 0.0, Diff: 0.0, Sum: 0.0]
      [Code Root Scanning (ms): Min: 0.0, Avg: 0.0, Max: 0.0, Diff: 0.0, Sum: 0.0]
      [Object Copy (ms): Min: 0.0, Avg: 0.0, Max: 0.0, Diff: 0.0, Sum: 0.1]
      [Termination (ms): Min: 0.0, Avg: 0.2, Max: 0.3, Diff: 0.3, Sum: 3.2]
         [Termination Attempts: Min: 1, Avg: 1.0, Max: 1, Diff: 0, Sum: 13]
      [GC Worker Other (ms): Min: 0.0, Avg: 0.0, Max: 0.0, Diff: 0.0, Sum: 0.1]
      [GC Worker Total (ms): Min: 0.5, Avg: 0.6, Max: 0.7, Diff: 0.2, Sum: 7.8]
      [GC Worker End (ms): Min: 863.6, Avg: 863.6, Max: 863.7, Diff: 0.1]
   [Code Root Fixup: 0.0 ms]
   [Code Root Purge: 0.0 ms]
   [Clear CT: 0.2 ms]
   [Other: 0.6 ms]
      [Evacuation Failure: 0.1 ms]
      [Choose CSet: 0.0 ms]
      [Ref Proc: 0.3 ms]
      [Ref Enq: 0.0 ms]
      [Redirty Cards: 0.1 ms]
      [Humongous Register: 0.0 ms]
      [Humongous Reclaim: 0.0 ms]
      [Free CSet: 0.0 ms]
   [Eden: 2048.0K(13.0M)->0.0B(15.0M) Survivors: 2048.0K->0.0B Heap: 237.0M(300.0M)->237.0M(300.0M)]
 [Times: user=0.01 sys=0.00, real=0.01 secs] 
[Full GC (Allocation Failure)  236M->231M(300M), 0.0105505 secs]
   [Eden: 0.0B(15.0M)->0.0B(15.0M) Survivors: 0.0B->0.0B Heap: 237.0M(300.0M)->231.1M(300.0M)], [Metaspace: 2725K->2725K(1056768K)]
 [Times: user=0.01 sys=0.01, real=0.01 secs] 
[GC concurrent-mark-abort]
[GC pause (G1 Humongous Allocation) (young) (initial-mark) (to-space exhausted), 0.0013608 secs]
   [Parallel Time: 0.5 ms, GC Workers: 13]
      [GC Worker Start (ms): Min: 876.4, Avg: 876.5, Max: 876.6, Diff: 0.2]
      [Ext Root Scanning (ms): Min: 0.0, Avg: 0.1, Max: 0.2, Diff: 0.2, Sum: 1.5]
      [Update RS (ms): Min: 0.0, Avg: 0.1, Max: 0.1, Diff: 0.1, Sum: 0.7]
         [Processed Buffers: Min: 0, Avg: 0.5, Max: 1, Diff: 1, Sum: 7]
      [Scan RS (ms): Min: 0.0, Avg: 0.0, Max: 0.0, Diff: 0.0, Sum: 0.0]
      [Code Root Scanning (ms): Min: 0.0, Avg: 0.0, Max: 0.0, Diff: 0.0, Sum: 0.0]
      [Object Copy (ms): Min: 0.0, Avg: 0.0, Max: 0.0, Diff: 0.0, Sum: 0.1]
      [Termination (ms): Min: 0.0, Avg: 0.1, Max: 0.1, Diff: 0.1, Sum: 1.0]
         [Termination Attempts: Min: 1, Avg: 1.8, Max: 4, Diff: 3, Sum: 23]
      [GC Worker Other (ms): Min: 0.0, Avg: 0.0, Max: 0.0, Diff: 0.0, Sum: 0.1]
      [GC Worker Total (ms): Min: 0.2, Avg: 0.3, Max: 0.4, Diff: 0.2, Sum: 3.5]
      [GC Worker End (ms): Min: 876.8, Avg: 876.8, Max: 876.8, Diff: 0.1]
   [Code Root Fixup: 0.0 ms]
   [Code Root Purge: 0.0 ms]
   [Clear CT: 0.1 ms]
   [Other: 0.8 ms]
      [Evacuation Failure: 0.1 ms]
      [Choose CSet: 0.0 ms]
      [Ref Proc: 0.4 ms]
      [Ref Enq: 0.0 ms]
      [Redirty Cards: 0.2 ms]
      [Humongous Register: 0.0 ms]
      [Humongous Reclaim: 0.0 ms]
      [Free CSet: 0.0 ms]
   [Eden: 5120.0K(15.0M)->0.0B(15.0M) Survivors: 0.0B->0.0B Heap: 236.6M(300.0M)->235.9M(300.0M)]
 [Times: user=0.00 sys=0.00, real=0.00 secs] 
[GC concurrent-root-region-scan-start]
[GC concurrent-root-region-scan-end, 0.0000042 secs]
[GC concurrent-mark-start]
[GC pause (G1 Evacuation Pause) (young), 0.0010460 secs]
   [Parallel Time: 0.4 ms, GC Workers: 13]
      [GC Worker Start (ms): Min: 878.1, Avg: 878.2, Max: 878.2, Diff: 0.2]
      [Ext Root Scanning (ms): Min: 0.0, Avg: 0.1, Max: 0.2, Diff: 0.2, Sum: 1.1]
      [Update RS (ms): Min: 0.0, Avg: 0.1, Max: 0.1, Diff: 0.1, Sum: 0.7]
         [Processed Buffers: Min: 0, Avg: 1.0, Max: 2, Diff: 2, Sum: 13]
      [Scan RS (ms): Min: 0.0, Avg: 0.0, Max: 0.0, Diff: 0.0, Sum: 0.0]
      [Code Root Scanning (ms): Min: 0.0, Avg: 0.0, Max: 0.0, Diff: 0.0, Sum: 0.0]
      [Object Copy (ms): Min: 0.0, Avg: 0.0, Max: 0.0, Diff: 0.0, Sum: 0.0]
      [Termination (ms): Min: 0.0, Avg: 0.1, Max: 0.1, Diff: 0.1, Sum: 0.9]
         [Termination Attempts: Min: 1, Avg: 1.0, Max: 1, Diff: 0, Sum: 13]
      [GC Worker Other (ms): Min: 0.0, Avg: 0.0, Max: 0.0, Diff: 0.0, Sum: 0.1]
      [GC Worker Total (ms): Min: 0.1, Avg: 0.2, Max: 0.3, Diff: 0.2, Sum: 2.8]
      [GC Worker End (ms): Min: 878.4, Avg: 878.4, Max: 878.4, Diff: 0.1]
   [Code Root Fixup: 0.0 ms]
   [Code Root Purge: 0.0 ms]
   [Clear CT: 0.2 ms]
   [Other: 0.5 ms]
      [Choose CSet: 0.0 ms]
      [Ref Proc: 0.3 ms]
      [Ref Enq: 0.0 ms]
      [Redirty Cards: 0.1 ms]
      [Humongous Register: 0.0 ms]
      [Humongous Reclaim: 0.0 ms]
      [Free CSet: 0.0 ms]
   [Eden: 0.0B(15.0M)->0.0B(15.0M) Survivors: 0.0B->0.0B Heap: 236.5M(300.0M)->236.5M(300.0M)]
 [Times: user=0.01 sys=0.00, real=0.00 secs] 
[GC pause (G1 Evacuation Pause) (young), 0.0010483 secs]
   [Parallel Time: 0.4 ms, GC Workers: 13]
      [GC Worker Start (ms): Min: 879.3, Avg: 879.4, Max: 879.4, Diff: 0.1]
      [Ext Root Scanning (ms): Min: 0.0, Avg: 0.1, Max: 0.2, Diff: 0.1, Sum: 1.2]
      [Update RS (ms): Min: 0.0, Avg: 0.0, Max: 0.1, Diff: 0.1, Sum: 0.2]
         [Processed Buffers: Min: 0, Avg: 0.2, Max: 1, Diff: 1, Sum: 2]
      [Scan RS (ms): Min: 0.0, Avg: 0.0, Max: 0.0, Diff: 0.0, Sum: 0.0]
      [Code Root Scanning (ms): Min: 0.0, Avg: 0.0, Max: 0.0, Diff: 0.0, Sum: 0.0]
      [Object Copy (ms): Min: 0.0, Avg: 0.0, Max: 0.0, Diff: 0.0, Sum: 0.0]
      [Termination (ms): Min: 0.0, Avg: 0.2, Max: 0.2, Diff: 0.2, Sum: 2.7]
         [Termination Attempts: Min: 1, Avg: 1.0, Max: 1, Diff: 0, Sum: 13]
      [GC Worker Other (ms): Min: 0.0, Avg: 0.0, Max: 0.0, Diff: 0.0, Sum: 0.1]
      [GC Worker Total (ms): Min: 0.2, Avg: 0.3, Max: 0.4, Diff: 0.2, Sum: 4.2]
      [GC Worker End (ms): Min: 879.6, Avg: 879.7, Max: 879.7, Diff: 0.1]
   [Code Root Fixup: 0.0 ms]
   [Code Root Purge: 0.0 ms]
   [Clear CT: 0.2 ms]
   [Other: 0.5 ms]
      [Choose CSet: 0.0 ms]
      [Ref Proc: 0.3 ms]
      [Ref Enq: 0.0 ms]
      [Redirty Cards: 0.1 ms]
      [Humongous Register: 0.0 ms]
      [Humongous Reclaim: 0.0 ms]
      [Free CSet: 0.0 ms]
   [Eden: 0.0B(15.0M)->0.0B(15.0M) Survivors: 0.0B->0.0B Heap: 236.5M(300.0M)->236.5M(300.0M)]
 [Times: user=0.00 sys=0.00, real=0.00 secs] 
[Full GC (Allocation Failure)  236M->232M(300M), 0.0037324 secs]
   [Eden: 0.0B(15.0M)->0.0B(15.0M) Survivors: 0.0B->0.0B Heap: 236.5M(300.0M)->232.2M(300.0M)], [Metaspace: 2725K->2725K(1056768K)]
 [Times: user=0.01 sys=0.00, real=0.00 secs] 
[GC concurrent-mark-abort]
[GC pause (G1 Humongous Allocation) (young) (initial-mark), 0.0010629 secs]
   [Parallel Time: 0.5 ms, GC Workers: 13]
      [GC Worker Start (ms): Min: 884.5, Avg: 884.5, Max: 884.6, Diff: 0.1]
      [Ext Root Scanning (ms): Min: 0.0, Avg: 0.1, Max: 0.2, Diff: 0.1, Sum: 1.3]
      [Update RS (ms): Min: 0.0, Avg: 0.0, Max: 0.2, Diff: 0.2, Sum: 0.3]
         [Processed Buffers: Min: 0, Avg: 0.2, Max: 1, Diff: 1, Sum: 2]
      [Scan RS (ms): Min: 0.0, Avg: 0.0, Max: 0.0, Diff: 0.0, Sum: 0.0]
      [Code Root Scanning (ms): Min: 0.0, Avg: 0.0, Max: 0.0, Diff: 0.0, Sum: 0.0]
      [Object Copy (ms): Min: 0.0, Avg: 0.0, Max: 0.1, Diff: 0.1, Sum: 0.1]
      [Termination (ms): Min: 0.0, Avg: 0.2, Max: 0.2, Diff: 0.2, Sum: 2.6]
         [Termination Attempts: Min: 1, Avg: 1.2, Max: 3, Diff: 2, Sum: 15]
      [GC Worker Other (ms): Min: 0.0, Avg: 0.0, Max: 0.0, Diff: 0.0, Sum: 0.1]
      [GC Worker Total (ms): Min: 0.3, Avg: 0.3, Max: 0.4, Diff: 0.1, Sum: 4.3]
      [GC Worker End (ms): Min: 884.8, Avg: 884.9, Max: 884.9, Diff: 0.1]
   [Code Root Fixup: 0.0 ms]
   [Code Root Purge: 0.0 ms]
   [Clear CT: 0.1 ms]
   [Other: 0.4 ms]
      [Choose CSet: 0.0 ms]
      [Ref Proc: 0.2 ms]
      [Ref Enq: 0.0 ms]
      [Redirty Cards: 0.1 ms]
      [Humongous Register: 0.0 ms]
      [Humongous Reclaim: 0.0 ms]
      [Free CSet: 0.0 ms]
   [Eden: 1024.0K(15.0M)->0.0B(14.0M) Survivors: 0.0B->1024.0K Heap: 232.8M(300.0M)->232.6M(300.0M)]
 [Times: user=0.00 sys=0.00, real=0.01 secs] 
[GC concurrent-root-region-scan-start]
[GC concurrent-root-region-scan-end, 0.0000345 secs]
[GC concurrent-mark-start]
[GC pause (G1 Evacuation Pause) (young) (to-space exhausted), 0.0010888 secs]
   [Parallel Time: 0.4 ms, GC Workers: 13]
      [GC Worker Start (ms): Min: 886.3, Avg: 886.4, Max: 886.4, Diff: 0.1]
      [Ext Root Scanning (ms): Min: 0.0, Avg: 0.1, Max: 0.2, Diff: 0.1, Sum: 1.2]
      [Update RS (ms): Min: 0.0, Avg: 0.1, Max: 0.1, Diff: 0.1, Sum: 0.7]
         [Processed Buffers: Min: 0, Avg: 0.7, Max: 1, Diff: 1, Sum: 9]
      [Scan RS (ms): Min: 0.0, Avg: 0.0, Max: 0.0, Diff: 0.0, Sum: 0.0]
      [Code Root Scanning (ms): Min: 0.0, Avg: 0.0, Max: 0.0, Diff: 0.0, Sum: 0.0]
      [Object Copy (ms): Min: 0.0, Avg: 0.0, Max: 0.0, Diff: 0.0, Sum: 0.1]
      [Termination (ms): Min: 0.0, Avg: 0.1, Max: 0.1, Diff: 0.1, Sum: 0.8]
         [Termination Attempts: Min: 1, Avg: 1.6, Max: 5, Diff: 4, Sum: 21]
      [GC Worker Other (ms): Min: 0.0, Avg: 0.0, Max: 0.0, Diff: 0.0, Sum: 0.1]
      [GC Worker Total (ms): Min: 0.1, Avg: 0.2, Max: 0.3, Diff: 0.1, Sum: 2.8]
      [GC Worker End (ms): Min: 886.6, Avg: 886.6, Max: 886.6, Diff: 0.0]
   [Code Root Fixup: 0.0 ms]
   [Code Root Purge: 0.0 ms]
   [Clear CT: 0.2 ms]
   [Other: 0.5 ms]
      [Evacuation Failure: 0.1 ms]
      [Choose CSet: 0.0 ms]
      [Ref Proc: 0.2 ms]
      [Ref Enq: 0.0 ms]
      [Redirty Cards: 0.1 ms]
      [Humongous Register: 0.0 ms]
      [Humongous Reclaim: 0.0 ms]
      [Free CSet: 0.0 ms]
   [Eden: 2048.0K(14.0M)->0.0B(15.0M) Survivors: 1024.0K->0.0B Heap: 235.3M(300.0M)->235.3M(300.0M)]
 [Times: user=0.00 sys=0.00, real=0.00 secs] 
[Full GC (Allocation Failure)  235M->233M(300M), 0.0041537 secs]
   [Eden: 0.0B(15.0M)->0.0B(15.0M) Survivors: 0.0B->0.0B Heap: 235.3M(300.0M)->233.2M(300.0M)], [Metaspace: 2725K->2725K(1056768K)]
 [Times: user=0.01 sys=0.00, real=0.00 secs] 
[GC concurrent-mark-abort]
[GC pause (G1 Humongous Allocation) (young) (initial-mark), 0.0011050 secs]
   [Parallel Time: 0.4 ms, GC Workers: 13]
      [GC Worker Start (ms): Min: 891.9, Avg: 892.0, Max: 892.0, Diff: 0.1]
      [Ext Root Scanning (ms): Min: 0.0, Avg: 0.1, Max: 0.2, Diff: 0.1, Sum: 1.4]
      [Update RS (ms): Min: 0.0, Avg: 0.0, Max: 0.1, Diff: 0.1, Sum: 0.2]
         [Processed Buffers: Min: 0, Avg: 0.2, Max: 1, Diff: 1, Sum: 2]
      [Scan RS (ms): Min: 0.0, Avg: 0.0, Max: 0.0, Diff: 0.0, Sum: 0.0]
      [Code Root Scanning (ms): Min: 0.0, Avg: 0.0, Max: 0.0, Diff: 0.0, Sum: 0.0]
      [Object Copy (ms): Min: 0.0, Avg: 0.0, Max: 0.0, Diff: 0.0, Sum: 0.1]
      [Termination (ms): Min: 0.0, Avg: 0.2, Max: 0.2, Diff: 0.2, Sum: 2.5]
         [Termination Attempts: Min: 1, Avg: 1.4, Max: 2, Diff: 1, Sum: 18]
      [GC Worker Other (ms): Min: 0.0, Avg: 0.0, Max: 0.0, Diff: 0.0, Sum: 0.1]
      [GC Worker Total (ms): Min: 0.2, Avg: 0.3, Max: 0.4, Diff: 0.2, Sum: 4.3]
      [GC Worker End (ms): Min: 892.2, Avg: 892.3, Max: 892.3, Diff: 0.1]
   [Code Root Fixup: 0.0 ms]
   [Code Root Purge: 0.0 ms]
   [Clear CT: 0.2 ms]
   [Other: 0.5 ms]
      [Choose CSet: 0.0 ms]
      [Ref Proc: 0.3 ms]
      [Ref Enq: 0.0 ms]
      [Redirty Cards: 0.1 ms]
      [Humongous Register: 0.0 ms]
      [Humongous Reclaim: 0.0 ms]
      [Free CSet: 0.0 ms]
   [Eden: 1024.0K(15.0M)->0.0B(14.0M) Survivors: 0.0B->1024.0K Heap: 233.8M(300.0M)->233.5M(300.0M)]
 [Times: user=0.00 sys=0.00, real=0.00 secs] 
[GC concurrent-root-region-scan-start]
[GC concurrent-root-region-scan-end, 0.0000338 secs]
[GC concurrent-mark-start]
[GC pause (G1 Evacuation Pause) (young) (to-space exhausted), 0.0011620 secs]
   [Parallel Time: 0.5 ms, GC Workers: 13]
      [GC Worker Start (ms): Min: 893.3, Avg: 893.4, Max: 893.4, Diff: 0.2]
      [Ext Root Scanning (ms): Min: 0.0, Avg: 0.1, Max: 0.2, Diff: 0.2, Sum: 0.7]
      [Update RS (ms): Min: 0.0, Avg: 0.1, Max: 0.1, Diff: 0.1, Sum: 0.7]
         [Processed Buffers: Min: 0, Avg: 0.7, Max: 1, Diff: 1, Sum: 9]
      [Scan RS (ms): Min: 0.0, Avg: 0.0, Max: 0.0, Diff: 0.0, Sum: 0.0]
      [Code Root Scanning (ms): Min: 0.0, Avg: 0.0, Max: 0.0, Diff: 0.0, Sum: 0.0]
      [Object Copy (ms): Min: 0.0, Avg: 0.0, Max: 0.0, Diff: 0.0, Sum: 0.0]
      [Termination (ms): Min: 0.0, Avg: 0.1, Max: 0.2, Diff: 0.2, Sum: 1.7]
         [Termination Attempts: Min: 1, Avg: 1.2, Max: 2, Diff: 1, Sum: 15]
      [GC Worker Other (ms): Min: 0.0, Avg: 0.0, Max: 0.0, Diff: 0.0, Sum: 0.1]
      [GC Worker Total (ms): Min: 0.2, Avg: 0.2, Max: 0.3, Diff: 0.2, Sum: 3.2]
      [GC Worker End (ms): Min: 893.6, Avg: 893.6, Max: 893.7, Diff: 0.1]
   [Code Root Fixup: 0.0 ms]
   [Code Root Purge: 0.0 ms]
   [Clear CT: 0.1 ms]
   [Other: 0.5 ms]
      [Evacuation Failure: 0.1 ms]
      [Choose CSet: 0.0 ms]
      [Ref Proc: 0.2 ms]
      [Ref Enq: 0.0 ms]
      [Redirty Cards: 0.1 ms]
      [Humongous Register: 0.0 ms]
      [Humongous Reclaim: 0.0 ms]
      [Free CSet: 0.0 ms]
   [Eden: 0.0B(14.0M)->0.0B(15.0M) Survivors: 1024.0K->0.0B Heap: 234.2M(300.0M)->233.5M(300.0M)]
 [Times: user=0.01 sys=0.00, real=0.00 secs] 
[GC pause (G1 Evacuation Pause) (young) (to-space exhausted), 0.0010596 secs]
   [Parallel Time: 0.4 ms, GC Workers: 13]
      [GC Worker Start (ms): Min: 894.8, Avg: 894.9, Max: 894.9, Diff: 0.1]
      [Ext Root Scanning (ms): Min: 0.0, Avg: 0.1, Max: 0.1, Diff: 0.1, Sum: 1.3]
      [Update RS (ms): Min: 0.0, Avg: 0.0, Max: 0.1, Diff: 0.1, Sum: 0.2]
         [Processed Buffers: Min: 0, Avg: 0.5, Max: 1, Diff: 1, Sum: 6]
      [Scan RS (ms): Min: 0.0, Avg: 0.0, Max: 0.0, Diff: 0.0, Sum: 0.0]
      [Code Root Scanning (ms): Min: 0.0, Avg: 0.0, Max: 0.0, Diff: 0.0, Sum: 0.0]
      [Object Copy (ms): Min: 0.0, Avg: 0.0, Max: 0.0, Diff: 0.0, Sum: 0.0]
      [Termination (ms): Min: 0.0, Avg: 0.2, Max: 0.2, Diff: 0.2, Sum: 2.4]
         [Termination Attempts: Min: 1, Avg: 1.2, Max: 2, Diff: 1, Sum: 15]
      [GC Worker Other (ms): Min: 0.0, Avg: 0.0, Max: 0.0, Diff: 0.0, Sum: 0.1]
      [GC Worker Total (ms): Min: 0.2, Avg: 0.3, Max: 0.4, Diff: 0.1, Sum: 4.1]
      [GC Worker End (ms): Min: 895.1, Avg: 895.2, Max: 895.2, Diff: 0.1]
   [Code Root Fixup: 0.0 ms]
   [Code Root Purge: 0.0 ms]
   [Clear CT: 0.1 ms]
   [Other: 0.5 ms]
      [Evacuation Failure: 0.1 ms]
      [Choose CSet: 0.0 ms]
      [Ref Proc: 0.2 ms]
      [Ref Enq: 0.0 ms]
      [Redirty Cards: 0.1 ms]
      [Humongous Register: 0.0 ms]
      [Humongous Reclaim: 0.0 ms]
      [Free CSet: 0.0 ms]
   [Eden: 1024.0K(15.0M)->0.0B(15.0M) Survivors: 0.0B->0.0B Heap: 234.5M(300.0M)->234.5M(300.0M)]
 [Times: user=0.00 sys=0.00, real=0.00 secs] 
[Full GC (Allocation Failure)  234M->232M(300M), 0.0044364 secs]
   [Eden: 0.0B(15.0M)->0.0B(15.0M) Survivors: 0.0B->0.0B Heap: 234.5M(300.0M)->233.0M(300.0M)], [Metaspace: 2725K->2725K(1056768K)]
 [Times: user=0.01 sys=0.01, real=0.00 secs] 
[GC concurrent-mark-abort]
[GC pause (G1 Evacuation Pause) (young) (to-space exhausted), 0.0011233 secs]
   [Parallel Time: 0.4 ms, GC Workers: 13]
      [GC Worker Start (ms): Min: 901.1, Avg: 901.1, Max: 901.2, Diff: 0.1]
      [Ext Root Scanning (ms): Min: 0.1, Avg: 0.1, Max: 0.2, Diff: 0.1, Sum: 1.5]
      [Update RS (ms): Min: 0.0, Avg: 0.0, Max: 0.1, Diff: 0.1, Sum: 0.2]
         [Processed Buffers: Min: 0, Avg: 0.2, Max: 1, Diff: 1, Sum: 2]
      [Scan RS (ms): Min: 0.0, Avg: 0.0, Max: 0.0, Diff: 0.0, Sum: 0.0]
      [Code Root Scanning (ms): Min: 0.0, Avg: 0.0, Max: 0.0, Diff: 0.0, Sum: 0.0]
      [Object Copy (ms): Min: 0.0, Avg: 0.0, Max: 0.0, Diff: 0.0, Sum: 0.1]
      [Termination (ms): Min: 0.0, Avg: 0.2, Max: 0.2, Diff: 0.2, Sum: 2.6]
         [Termination Attempts: Min: 1, Avg: 1.2, Max: 2, Diff: 1, Sum: 15]
      [GC Worker Other (ms): Min: 0.0, Avg: 0.0, Max: 0.0, Diff: 0.0, Sum: 0.1]
      [GC Worker Total (ms): Min: 0.2, Avg: 0.3, Max: 0.4, Diff: 0.2, Sum: 4.5]
      [GC Worker End (ms): Min: 901.4, Avg: 901.4, Max: 901.5, Diff: 0.1]
   [Code Root Fixup: 0.0 ms]
   [Code Root Purge: 0.0 ms]
   [Clear CT: 0.2 ms]
   [Other: 0.5 ms]
      [Evacuation Failure: 0.1 ms]
      [Choose CSet: 0.0 ms]
      [Ref Proc: 0.2 ms]
      [Ref Enq: 0.0 ms]
      [Redirty Cards: 0.1 ms]
      [Humongous Register: 0.0 ms]
      [Humongous Reclaim: 0.0 ms]
      [Free CSet: 0.0 ms]
   [Eden: 2048.0K(15.0M)->0.0B(15.0M) Survivors: 0.0B->0.0B Heap: 235.0M(300.0M)->235.0M(300.0M)]
 [Times: user=0.01 sys=0.00, real=0.00 secs] 
[Full GC (Allocation Failure)  234M->233M(300M), 0.0027679 secs]
   [Eden: 0.0B(15.0M)->0.0B(15.0M) Survivors: 0.0B->0.0B Heap: 235.0M(300.0M)->233.1M(300.0M)], [Metaspace: 2725K->2725K(1056768K)]
 [Times: user=0.00 sys=0.00, real=0.01 secs] 
[GC pause (G1 Humongous Allocation) (young) (initial-mark) (to-space exhausted), 0.0010040 secs]
   [Parallel Time: 0.4 ms, GC Workers: 13]
      [GC Worker Start (ms): Min: 905.3, Avg: 905.4, Max: 905.4, Diff: 0.1]
      [Ext Root Scanning (ms): Min: 0.1, Avg: 0.1, Max: 0.2, Diff: 0.1, Sum: 1.4]
      [Update RS (ms): Min: 0.0, Avg: 0.0, Max: 0.1, Diff: 0.1, Sum: 0.2]
         [Processed Buffers: Min: 0, Avg: 0.2, Max: 1, Diff: 1, Sum: 2]
      [Scan RS (ms): Min: 0.0, Avg: 0.0, Max: 0.0, Diff: 0.0, Sum: 0.0]
      [Code Root Scanning (ms): Min: 0.0, Avg: 0.0, Max: 0.0, Diff: 0.0, Sum: 0.0]
      [Object Copy (ms): Min: 0.0, Avg: 0.0, Max: 0.0, Diff: 0.0, Sum: 0.1]
      [Termination (ms): Min: 0.0, Avg: 0.1, Max: 0.1, Diff: 0.1, Sum: 1.5]
         [Termination Attempts: Min: 1, Avg: 2.2, Max: 4, Diff: 3, Sum: 28]
      [GC Worker Other (ms): Min: 0.0, Avg: 0.0, Max: 0.0, Diff: 0.0, Sum: 0.1]
      [GC Worker Total (ms): Min: 0.2, Avg: 0.3, Max: 0.3, Diff: 0.1, Sum: 3.3]
      [GC Worker End (ms): Min: 905.6, Avg: 905.6, Max: 905.6, Diff: 0.1]
   [Code Root Fixup: 0.0 ms]
   [Code Root Purge: 0.0 ms]
   [Clear CT: 0.1 ms]
   [Other: 0.5 ms]
      [Evacuation Failure: 0.1 ms]
      [Choose CSet: 0.0 ms]
      [Ref Proc: 0.2 ms]
      [Ref Enq: 0.0 ms]
      [Redirty Cards: 0.1 ms]
      [Humongous Register: 0.0 ms]
      [Humongous Reclaim: 0.0 ms]
      [Free CSet: 0.0 ms]
   [Eden: 2048.0K(15.0M)->0.0B(15.0M) Survivors: 0.0B->0.0B Heap: 234.2M(300.0M)->234.2M(300.0M)]
 [Times: user=0.01 sys=0.00, real=0.00 secs] 
[GC concurrent-root-region-scan-start]
[GC concurrent-root-region-scan-end, 0.0000036 secs]
[GC concurrent-mark-start]
[GC pause (G1 Humongous Allocation) (young), 0.0008730 secs]
   [Parallel Time: 0.4 ms, GC Workers: 13]
      [GC Worker Start (ms): Min: 906.5, Avg: 906.5, Max: 906.6, Diff: 0.1]
      [Ext Root Scanning (ms): Min: 0.1, Avg: 0.1, Max: 0.1, Diff: 0.1, Sum: 1.4]
      [Update RS (ms): Min: 0.0, Avg: 0.0, Max: 0.1, Diff: 0.1, Sum: 0.3]
         [Processed Buffers: Min: 0, Avg: 0.4, Max: 1, Diff: 1, Sum: 5]
      [Scan RS (ms): Min: 0.0, Avg: 0.0, Max: 0.0, Diff: 0.0, Sum: 0.0]
      [Code Root Scanning (ms): Min: 0.0, Avg: 0.0, Max: 0.0, Diff: 0.0, Sum: 0.0]
      [Object Copy (ms): Min: 0.0, Avg: 0.0, Max: 0.0, Diff: 0.0, Sum: 0.0]
      [Termination (ms): Min: 0.0, Avg: 0.1, Max: 0.1, Diff: 0.1, Sum: 1.3]
         [Termination Attempts: Min: 1, Avg: 1.0, Max: 1, Diff: 0, Sum: 13]
      [GC Worker Other (ms): Min: 0.0, Avg: 0.0, Max: 0.0, Diff: 0.0, Sum: 0.1]
      [GC Worker Total (ms): Min: 0.2, Avg: 0.2, Max: 0.3, Diff: 0.1, Sum: 3.1]
      [GC Worker End (ms): Min: 906.7, Avg: 906.7, Max: 906.8, Diff: 0.0]
   [Code Root Fixup: 0.0 ms]
   [Code Root Purge: 0.0 ms]
   [Clear CT: 0.1 ms]
   [Other: 0.4 ms]
      [Choose CSet: 0.0 ms]
      [Ref Proc: 0.2 ms]
      [Ref Enq: 0.0 ms]
      [Redirty Cards: 0.1 ms]
      [Humongous Register: 0.0 ms]
      [Humongous Reclaim: 0.0 ms]
      [Free CSet: 0.0 ms]
   [Eden: 0.0B(15.0M)->0.0B(15.0M) Survivors: 0.0B->0.0B Heap: 234.2M(300.0M)->234.2M(300.0M)]
 [Times: user=0.00 sys=0.00, real=0.00 secs] 
[Full GC (Allocation Failure)  234M->233M(300M), 0.0027695 secs]
   [Eden: 0.0B(15.0M)->0.0B(15.0M) Survivors: 0.0B->0.0B Heap: 234.2M(300.0M)->233.4M(300.0M)], [Metaspace: 2725K->2725K(1056768K)]
 [Times: user=0.01 sys=0.00, real=0.00 secs] 
[GC concurrent-mark-abort]
[GC pause (G1 Humongous Allocation) (young) (initial-mark) (to-space exhausted), 0.0010809 secs]
   [Parallel Time: 0.4 ms, GC Workers: 13]
      [GC Worker Start (ms): Min: 910.6, Avg: 910.6, Max: 910.7, Diff: 0.1]
      [Ext Root Scanning (ms): Min: 0.1, Avg: 0.1, Max: 0.2, Diff: 0.1, Sum: 1.4]
      [Update RS (ms): Min: 0.0, Avg: 0.1, Max: 0.1, Diff: 0.1, Sum: 0.7]
         [Processed Buffers: Min: 0, Avg: 0.6, Max: 1, Diff: 1, Sum: 8]
      [Scan RS (ms): Min: 0.0, Avg: 0.0, Max: 0.0, Diff: 0.0, Sum: 0.0]
      [Code Root Scanning (ms): Min: 0.0, Avg: 0.0, Max: 0.0, Diff: 0.0, Sum: 0.0]
      [Object Copy (ms): Min: 0.0, Avg: 0.0, Max: 0.0, Diff: 0.0, Sum: 0.0]
      [Termination (ms): Min: 0.0, Avg: 0.1, Max: 0.2, Diff: 0.2, Sum: 1.7]
         [Termination Attempts: Min: 1, Avg: 1.2, Max: 2, Diff: 1, Sum: 15]
      [GC Worker Other (ms): Min: 0.0, Avg: 0.0, Max: 0.0, Diff: 0.0, Sum: 0.1]
      [GC Worker Total (ms): Min: 0.2, Avg: 0.3, Max: 0.4, Diff: 0.2, Sum: 4.0]
      [GC Worker End (ms): Min: 910.9, Avg: 911.0, Max: 911.0, Diff: 0.1]
   [Code Root Fixup: 0.0 ms]
   [Code Root Purge: 0.0 ms]
   [Clear CT: 0.1 ms]
   [Other: 0.5 ms]
      [Evacuation Failure: 0.1 ms]
      [Choose CSet: 0.0 ms]
      [Ref Proc: 0.2 ms]
      [Ref Enq: 0.0 ms]
      [Redirty Cards: 0.1 ms]
      [Humongous Register: 0.0 ms]
      [Humongous Reclaim: 0.0 ms]
      [Free CSet: 0.0 ms]
   [Eden: 1024.0K(15.0M)->0.0B(15.0M) Survivors: 0.0B->0.0B Heap: 234.7M(300.0M)->234.7M(300.0M)]
 [Times: user=0.00 sys=0.00, real=0.00 secs] 
[GC concurrent-root-region-scan-start]
[GC concurrent-root-region-scan-end, 0.0000034 secs]
[GC concurrent-mark-start]
[GC pause (G1 Humongous Allocation) (young), 0.0009301 secs]
   [Parallel Time: 0.4 ms, GC Workers: 13]
      [GC Worker Start (ms): Min: 911.8, Avg: 911.9, Max: 912.0, Diff: 0.1]
      [Ext Root Scanning (ms): Min: 0.0, Avg: 0.1, Max: 0.2, Diff: 0.1, Sum: 1.3]
      [Update RS (ms): Min: 0.0, Avg: 0.0, Max: 0.1, Diff: 0.1, Sum: 0.3]
         [Processed Buffers: Min: 0, Avg: 0.4, Max: 1, Diff: 1, Sum: 5]
      [Scan RS (ms): Min: 0.0, Avg: 0.0, Max: 0.0, Diff: 0.0, Sum: 0.0]
      [Code Root Scanning (ms): Min: 0.0, Avg: 0.0, Max: 0.0, Diff: 0.0, Sum: 0.0]
      [Object Copy (ms): Min: 0.0, Avg: 0.0, Max: 0.0, Diff: 0.0, Sum: 0.0]
      [Termination (ms): Min: 0.0, Avg: 0.2, Max: 0.2, Diff: 0.2, Sum: 2.3]
         [Termination Attempts: Min: 1, Avg: 1.0, Max: 1, Diff: 0, Sum: 13]
      [GC Worker Other (ms): Min: 0.0, Avg: 0.0, Max: 0.0, Diff: 0.0, Sum: 0.1]
      [GC Worker Total (ms): Min: 0.2, Avg: 0.3, Max: 0.4, Diff: 0.2, Sum: 3.9]
      [GC Worker End (ms): Min: 912.1, Avg: 912.2, Max: 912.2, Diff: 0.1]
   [Code Root Fixup: 0.0 ms]
   [Code Root Purge: 0.0 ms]
   [Clear CT: 0.1 ms]
   [Other: 0.4 ms]
      [Choose CSet: 0.0 ms]
      [Ref Proc: 0.2 ms]
      [Ref Enq: 0.0 ms]
      [Redirty Cards: 0.1 ms]
      [Humongous Register: 0.0 ms]
      [Humongous Reclaim: 0.0 ms]
      [Free CSet: 0.0 ms]
   [Eden: 0.0B(15.0M)->0.0B(15.0M) Survivors: 0.0B->0.0B Heap: 234.7M(300.0M)->234.7M(300.0M)]
 [Times: user=0.01 sys=0.00, real=0.00 secs] 
[Full GC (Allocation Failure)  234M->234M(300M), 0.0025812 secs]
   [Eden: 0.0B(15.0M)->0.0B(15.0M) Survivors: 0.0B->0.0B Heap: 234.7M(300.0M)->234.2M(300.0M)], [Metaspace: 2725K->2725K(1056768K)]
 [Times: user=0.00 sys=0.00, real=0.01 secs] 
[GC concurrent-mark-abort]
[GC pause (G1 Evacuation Pause) (young), 0.0010625 secs]
   [Parallel Time: 0.5 ms, GC Workers: 13]
      [GC Worker Start (ms): Min: 915.7, Avg: 915.7, Max: 915.8, Diff: 0.1]
      [Ext Root Scanning (ms): Min: 0.0, Avg: 0.1, Max: 0.1, Diff: 0.1, Sum: 1.1]
      [Update RS (ms): Min: 0.0, Avg: 0.0, Max: 0.1, Diff: 0.1, Sum: 0.5]
         [Processed Buffers: Min: 0, Avg: 0.5, Max: 1, Diff: 1, Sum: 7]
      [Scan RS (ms): Min: 0.0, Avg: 0.0, Max: 0.0, Diff: 0.0, Sum: 0.0]
      [Code Root Scanning (ms): Min: 0.0, Avg: 0.0, Max: 0.0, Diff: 0.0, Sum: 0.0]
      [Object Copy (ms): Min: 0.0, Avg: 0.0, Max: 0.0, Diff: 0.0, Sum: 0.0]
      [Termination (ms): Min: 0.0, Avg: 0.2, Max: 0.2, Diff: 0.2, Sum: 2.1]
         [Termination Attempts: Min: 1, Avg: 1.0, Max: 1, Diff: 0, Sum: 13]
      [GC Worker Other (ms): Min: 0.0, Avg: 0.0, Max: 0.0, Diff: 0.0, Sum: 0.1]
      [GC Worker Total (ms): Min: 0.2, Avg: 0.3, Max: 0.4, Diff: 0.2, Sum: 3.8]
      [GC Worker End (ms): Min: 916.0, Avg: 916.0, Max: 916.1, Diff: 0.1]
   [Code Root Fixup: 0.0 ms]
   [Code Root Purge: 0.0 ms]
   [Clear CT: 0.1 ms]
   [Other: 0.5 ms]
      [Choose CSet: 0.0 ms]
      [Ref Proc: 0.3 ms]
      [Ref Enq: 0.0 ms]
      [Redirty Cards: 0.1 ms]
      [Humongous Register: 0.0 ms]
      [Humongous Reclaim: 0.0 ms]
      [Free CSet: 0.0 ms]
   [Eden: 0.0B(15.0M)->0.0B(15.0M) Survivors: 0.0B->0.0B Heap: 234.7M(300.0M)->234.7M(300.0M)]
 [Times: user=0.01 sys=0.00, real=0.00 secs] 
[GC pause (G1 Evacuation Pause) (young) (initial-mark), 0.0010030 secs]
   [Parallel Time: 0.5 ms, GC Workers: 13]
      [GC Worker Start (ms): Min: 916.9, Avg: 916.9, Max: 917.0, Diff: 0.1]
      [Ext Root Scanning (ms): Min: 0.0, Avg: 0.1, Max: 0.2, Diff: 0.1, Sum: 1.1]
      [Update RS (ms): Min: 0.0, Avg: 0.0, Max: 0.1, Diff: 0.1, Sum: 0.2]
         [Processed Buffers: Min: 0, Avg: 0.2, Max: 1, Diff: 1, Sum: 2]
      [Scan RS (ms): Min: 0.0, Avg: 0.0, Max: 0.0, Diff: 0.0, Sum: 0.0]
      [Code Root Scanning (ms): Min: 0.0, Avg: 0.0, Max: 0.0, Diff: 0.0, Sum: 0.0]
      [Object Copy (ms): Min: 0.0, Avg: 0.0, Max: 0.0, Diff: 0.0, Sum: 0.0]
      [Termination (ms): Min: 0.0, Avg: 0.2, Max: 0.2, Diff: 0.2, Sum: 2.6]
         [Termination Attempts: Min: 1, Avg: 1.0, Max: 1, Diff: 0, Sum: 13]
      [GC Worker Other (ms): Min: 0.0, Avg: 0.0, Max: 0.0, Diff: 0.0, Sum: 0.1]
      [GC Worker Total (ms): Min: 0.2, Avg: 0.3, Max: 0.4, Diff: 0.1, Sum: 4.0]
      [GC Worker End (ms): Min: 917.1, Avg: 917.2, Max: 917.3, Diff: 0.1]
   [Code Root Fixup: 0.0 ms]
   [Code Root Purge: 0.0 ms]
   [Clear CT: 0.1 ms]
   [Other: 0.4 ms]
      [Choose CSet: 0.0 ms]
      [Ref Proc: 0.2 ms]
      [Ref Enq: 0.0 ms]
      [Redirty Cards: 0.1 ms]
      [Humongous Register: 0.0 ms]
      [Humongous Reclaim: 0.0 ms]
      [Free CSet: 0.0 ms]
   [Eden: 0.0B(15.0M)->0.0B(15.0M) Survivors: 0.0B->0.0B Heap: 234.7M(300.0M)->234.7M(300.0M)]
 [Times: user=0.00 sys=0.00, real=0.00 secs] 
[GC concurrent-root-region-scan-start]
[GC concurrent-root-region-scan-end, 0.0000030 secs]
[GC concurrent-mark-start]
[Full GC (Allocation Failure)  234M->234M(300M), 0.0023554 secs]
   [Eden: 0.0B(15.0M)->0.0B(15.0M) Survivors: 0.0B->0.0B Heap: 234.7M(300.0M)->234.7M(300.0M)], [Metaspace: 2725K->2725K(1056768K)]
 [Times: user=0.01 sys=0.00, real=0.00 secs] 
[Full GC (Allocation Failure)  234M->234M(300M), 0.0025765 secs]
   [Eden: 0.0B(15.0M)->0.0B(15.0M) Survivors: 0.0B->0.0B Heap: 234.7M(300.0M)->234.7M(300.0M)], [Metaspace: 2725K->2725K(1056768K)]
 [Times: user=0.00 sys=0.00, real=0.00 secs] 
[GC concurrent-mark-abort]
[GC pause (G1 Evacuation Pause) (young), 0.0008428 secs]
   [Parallel Time: 0.4 ms, GC Workers: 13]
      [GC Worker Start (ms): Min: 923.1, Avg: 923.2, Max: 923.2, Diff: 0.2]
      [Ext Root Scanning (ms): Min: 0.0, Avg: 0.0, Max: 0.1, Diff: 0.1, Sum: 0.6]
      [Update RS (ms): Min: 0.0, Avg: 0.0, Max: 0.1, Diff: 0.1, Sum: 0.2]
         [Processed Buffers: Min: 0, Avg: 0.2, Max: 1, Diff: 1, Sum: 3]
      [Scan RS (ms): Min: 0.0, Avg: 0.0, Max: 0.0, Diff: 0.0, Sum: 0.0]
      [Code Root Scanning (ms): Min: 0.0, Avg: 0.0, Max: 0.0, Diff: 0.0, Sum: 0.0]
      [Object Copy (ms): Min: 0.0, Avg: 0.0, Max: 0.0, Diff: 0.0, Sum: 0.0]
      [Termination (ms): Min: 0.0, Avg: 0.2, Max: 0.2, Diff: 0.2, Sum: 2.2]
         [Termination Attempts: Min: 1, Avg: 1.0, Max: 1, Diff: 0, Sum: 13]
      [GC Worker Other (ms): Min: 0.0, Avg: 0.0, Max: 0.0, Diff: 0.0, Sum: 0.1]
      [GC Worker Total (ms): Min: 0.2, Avg: 0.2, Max: 0.3, Diff: 0.1, Sum: 3.0]
      [GC Worker End (ms): Min: 923.4, Avg: 923.4, Max: 923.4, Diff: 0.1]
   [Code Root Fixup: 0.0 ms]
   [Code Root Purge: 0.0 ms]
   [Clear CT: 0.1 ms]
   [Other: 0.3 ms]
      [Choose CSet: 0.0 ms]
      [Ref Proc: 0.1 ms]
      [Ref Enq: 0.0 ms]
      [Redirty Cards: 0.1 ms]
      [Humongous Register: 0.0 ms]
      [Humongous Reclaim: 0.0 ms]
      [Free CSet: 0.0 ms]
   [Eden: 0.0B(15.0M)->0.0B(15.0M) Survivors: 0.0B->0.0B Heap: 234.7M(300.0M)->234.7M(300.0M)]
 [Times: user=0.01 sys=0.00, real=0.00 secs] 
[GC pause (G1 Evacuation Pause) (young) (initial-mark), 0.0007750 secs]
   [Parallel Time: 0.3 ms, GC Workers: 13]
      [GC Worker Start (ms): Min: 924.0, Avg: 924.1, Max: 924.1, Diff: 0.1]
      [Ext Root Scanning (ms): Min: 0.0, Avg: 0.1, Max: 0.1, Diff: 0.1, Sum: 1.1]
      [Update RS (ms): Min: 0.0, Avg: 0.0, Max: 0.1, Diff: 0.1, Sum: 0.2]
         [Processed Buffers: Min: 0, Avg: 0.2, Max: 1, Diff: 1, Sum: 2]
      [Scan RS (ms): Min: 0.0, Avg: 0.0, Max: 0.0, Diff: 0.0, Sum: 0.0]
      [Code Root Scanning (ms): Min: 0.0, Avg: 0.0, Max: 0.0, Diff: 0.0, Sum: 0.0]
      [Object Copy (ms): Min: 0.0, Avg: 0.0, Max: 0.0, Diff: 0.0, Sum: 0.0]
      [Termination (ms): Min: 0.0, Avg: 0.2, Max: 0.2, Diff: 0.2, Sum: 2.2]
         [Termination Attempts: Min: 1, Avg: 1.0, Max: 1, Diff: 0, Sum: 13]
      [GC Worker Other (ms): Min: 0.0, Avg: 0.0, Max: 0.0, Diff: 0.0, Sum: 0.1]
      [GC Worker Total (ms): Min: 0.2, Avg: 0.3, Max: 0.3, Diff: 0.1, Sum: 3.6]
      [GC Worker End (ms): Min: 924.3, Avg: 924.4, Max: 924.4, Diff: 0.1]
   [Code Root Fixup: 0.0 ms]
   [Code Root Purge: 0.0 ms]
   [Clear CT: 0.1 ms]
   [Other: 0.3 ms]
      [Choose CSet: 0.0 ms]
      [Ref Proc: 0.1 ms]
      [Ref Enq: 0.0 ms]
      [Redirty Cards: 0.1 ms]
      [Humongous Register: 0.0 ms]
      [Humongous Reclaim: 0.0 ms]
      [Free CSet: 0.0 ms]
   [Eden: 0.0B(15.0M)->0.0B(15.0M) Survivors: 0.0B->0.0B Heap: 234.7M(300.0M)->234.7M(300.0M)]
 [Times: user=0.00 sys=0.01, real=0.01 secs] 
[GC concurrent-root-region-scan-start]
[GC concurrent-root-region-scan-end, 0.0000029 secs]
[GC concurrent-mark-start]
[Full GC (Allocation Failure)  234M->328K(300M), 0.0021543 secs]
   [Eden: 0.0B(15.0M)->0.0B(180.0M) Survivors: 0.0B->0.0B Heap: 234.7M(300.0M)->328.2K(300.0M)], [Metaspace: 2725K->2725K(1056768K)]
 [Times: user=0.00 sys=0.00, real=0.00 secs] 
[GC concurrent-mark-abort]
Heap
 garbage-first heap   total 307200K, used 328K [0x00000007ad400000, 0x00000007ad500960, 0x00000007c0000000)
  region size 1024K, 1 young (1024K), 0 survivors (0K)
 Metaspace       used 2755K, capacity 4486K, committed 4864K, reserved 1056768K
  class space    used 299K, capacity 386K, committed 512K, reserved 1048576K
Exception in thread "m``ain" java.lang.OutOfMemoryError: Java heap space
	at com.course.homework.week2.o1.GCLogAnalysis.generateGarbage(GCLogAnalysis.java:43)
	at com.course.homework.week2.o1.GCLogAnalysis.main(GCLogAnalysis.java:26)

Process finished with exit code 1
```